> - GET /health
200 {"queued": 2, "scheduled": 0, "leased": 1, "done": 0, "dead": 0, "archived": 2, "uptime_ms": <uptime_ms>, "restarts": 0}
> - GET /jobs
401 {"error": "a request needs authorization: Bearer <token>"}
> p GET /jobs
200 {"jobs": [{"id": "j_2", "queue": "emails", "state": "queued", "payload": "welcome grace", "tries": 1, "max_tries": 2, "backoff_ms": 0, "created_at": "<created_at>", "updated_at": "<updated_at>"}, {"id": "j_3", "queue": "reports", "state": "leased", "payload": "weekly", "tries": 1, "max_tries": 1, "backoff_ms": 0, "created_at": "<created_at>", "updated_at": "<updated_at>", "worker": "w-slow", "lease_until": "<lease_until>"}, {"id": "j_4", "queue": "emails", "state": "queued", "payload": "line one\nline two \"quoted\" é", "tries": 0, "max_tries": 2, "backoff_ms": 0, "created_at": "<created_at>", "updated_at": "<updated_at>"}]}
> p GET /jobs?queue=emails&state=queued
200 {"jobs": [{"id": "j_2", "queue": "emails", "state": "queued", "payload": "welcome grace", "tries": 1, "max_tries": 2, "backoff_ms": 0, "created_at": "<created_at>", "updated_at": "<updated_at>"}, {"id": "j_4", "queue": "emails", "state": "queued", "payload": "line one\nline two \"quoted\" é", "tries": 0, "max_tries": 2, "backoff_ms": 0, "created_at": "<created_at>", "updated_at": "<updated_at>"}]}
> p GET /jobs?state=gone
400 {"error": "state must be queued, scheduled, leased, done, or dead"}
> p GET /jobs/j_1
200 {"id": "j_1", "queue": "emails", "state": "done", "payload": "welcome ada", "tries": 1, "max_tries": 3, "backoff_ms": 0, "created_at": "<created_at>", "updated_at": "<updated_at>", "archived_at": "<archived_at>"}
> p POST /jobs/j_1/retry
409 {"error": "j_1 is archived"}
> p GET /jobs/j_5
404 {"error": "no such job"}
> p GET /jobs/j_99
404 {"error": "no such job"}
> p POST /jobs {"queue": "emails", "payload": "hello \"world\"\nline two é", "max_tries": 2}
201 {"id": "j_1000", "queue": "emails", "state": "queued", "payload": "hello \"world\"\nline two é", "tries": 0, "max_tries": 2, "backoff_ms": 0, "created_at": "<created_at>", "updated_at": "<updated_at>"}
> p POST /jobs {"queue": "emails", "payload": "no tries"}
400 {"error": "max_tries is missing"}
> p POST /jobs {"queue": "a b", "payload": "", "max_tries": 1}
400 {"error": "queue must be 1 to 64 letters, digits, - or _"}
> p POST /jobs {"queue": "emails", "payload": "", "max_tries": 101}
400 {"error": "max_tries must be a whole number from 1 to 100"}
> p POST /jobs this is not json
400 {"error": "the body is not JSON"}
> w1 POST /queues/emails/lease {"lease_ms": 60000}
200 {"id": "j_2", "queue": "emails", "state": "leased", "payload": "welcome grace", "tries": 2, "max_tries": 2, "backoff_ms": 0, "created_at": "<created_at>", "updated_at": "<updated_at>", "worker": "w1", "lease_until": "<lease_until>"}
> w2 POST /queues/emails/lease {"lease_ms": 60000}
200 {"id": "j_4", "queue": "emails", "state": "leased", "payload": "line one\nline two \"quoted\" é", "tries": 1, "max_tries": 2, "backoff_ms": 0, "created_at": "<created_at>", "updated_at": "<updated_at>", "worker": "w2", "lease_until": "<lease_until>"}
> w2 POST /jobs/j_2/ack
409 {"error": "j_2 is not leased to this worker"}
> w1 POST /jobs/j_2/ack
200 {"id": "j_2", "queue": "emails", "state": "done", "payload": "welcome grace", "tries": 2, "max_tries": 2, "backoff_ms": 0, "created_at": "<created_at>", "updated_at": "<updated_at>"}
> w1 POST /jobs/j_2/ack
409 {"error": "j_2 is not leased to this worker"}
> p DELETE /jobs/j_3
409 {"error": "j_3 is leased"}
> p DELETE /jobs/j_1
204
> p DELETE /jobs/j_1
404 {"error": "no such job"}
> w3 POST /queues/emails/lease {"lease_ms": 50}
400 {"error": "lease_ms must be a whole number from 100 to 3600000"}
> w3 POST /queues/emails/lease
200 {"id": "j_1000", "queue": "emails", "state": "leased", "payload": "hello \"world\"\nline two é", "tries": 1, "max_tries": 2, "backoff_ms": 0, "created_at": "<created_at>", "updated_at": "<updated_at>", "worker": "w3", "lease_until": "<lease_until>"}
> w3 POST /jobs/j_1000/fail {"reason": "smtp down"}
200 {"id": "j_1000", "queue": "emails", "state": "queued", "payload": "hello \"world\"\nline two é", "tries": 1, "max_tries": 2, "backoff_ms": 0, "created_at": "<created_at>", "updated_at": "<updated_at>", "reason": "smtp down"}
> w3 POST /jobs/j_4/fail {}
400 {"error": "reason is missing"}
> w3 POST /jobs/j_4/fail {"reason": "smtp down"}
409 {"error": "j_4 is not leased to this worker"}
> w3 POST /queues/emails/lease
200 {"id": "j_1000", "queue": "emails", "state": "leased", "payload": "hello \"world\"\nline two é", "tries": 2, "max_tries": 2, "backoff_ms": 0, "created_at": "<created_at>", "updated_at": "<updated_at>", "worker": "w3", "lease_until": "<lease_until>", "reason": "smtp down"}
> w3 POST /jobs/j_1000/fail {"reason": "still down"}
200 {"id": "j_1000", "queue": "emails", "state": "dead", "payload": "hello \"world\"\nline two é", "tries": 2, "max_tries": 2, "backoff_ms": 0, "created_at": "<created_at>", "updated_at": "<updated_at>", "reason": "still down"}
> w3 POST /queues/emails/lease
204
> w2 POST /jobs/j_1000/ack
409 {"error": "j_1000 is not leased to this worker"}
> w3 POST /queues/emails/lease
204
> w3 POST /queues/bad!name/lease
400 {"error": "a queue's name is 1 to 64 letters, digits, - or _"}
> w3 GET /queues/emails/lease
405 {"error": "this route takes POST"}
> p PATCH /jobs/j_1
405 {"error": "this route takes GET, DELETE"}
> p GET /nowhere
404 {"error": "no route /nowhere"}
> bad"token GET /jobs
401 {"error": "a request needs authorization: Bearer <token>"}
> p POST /jobs {"queue": "emails", "payload": "old names", "max_attempts": 2}
400 {"error": "max_attempts is now max_tries"}
> p POST /jobs {"queue": "later", "payload": "tomorrow", "max_tries": 1, "delay_ms": 86400000}
201 {"id": "j_1001", "queue": "later", "state": "scheduled", "payload": "tomorrow", "tries": 0, "max_tries": 1, "backoff_ms": 0, "created_at": "<created_at>", "updated_at": "<updated_at>", "run_at": "<run_at>"}
> p POST /jobs {"queue": "later", "payload": "", "max_tries": 1, "delay_ms": 86400001}
400 {"error": "delay_ms must be a whole number from 0 to 86400000"}
> p POST /jobs {"queue": "later", "payload": "", "max_tries": 1, "backoff_ms": 3600001}
400 {"error": "backoff_ms must be a whole number from 0 to 3600000"}
> w4 POST /queues/later/lease
204
> p GET /jobs?state=scheduled
200 {"jobs": [{"id": "j_1001", "queue": "later", "state": "scheduled", "payload": "tomorrow", "tries": 0, "max_tries": 1, "backoff_ms": 0, "created_at": "<created_at>", "updated_at": "<updated_at>", "run_at": "<run_at>"}]}
> p POST /jobs {"queue": "flaky", "payload": "retry me", "max_tries": 2, "backoff_ms": 3600000}
201 {"id": "j_1002", "queue": "flaky", "state": "queued", "payload": "retry me", "tries": 0, "max_tries": 2, "backoff_ms": 3600000, "created_at": "<created_at>", "updated_at": "<updated_at>"}
> w4 POST /queues/flaky/lease
200 {"id": "j_1002", "queue": "flaky", "state": "leased", "payload": "retry me", "tries": 1, "max_tries": 2, "backoff_ms": 3600000, "created_at": "<created_at>", "updated_at": "<updated_at>", "worker": "w4", "lease_until": "<lease_until>"}
> w4 POST /jobs/j_1002/fail {"reason": "smtp down"}
200 {"id": "j_1002", "queue": "flaky", "state": "scheduled", "payload": "retry me", "tries": 1, "max_tries": 2, "backoff_ms": 3600000, "created_at": "<created_at>", "updated_at": "<updated_at>", "run_at": "<run_at>", "reason": "smtp down"}
> w4 POST /queues/flaky/lease
204
> p POST /jobs/j_1000/retry
200 {"id": "j_1000", "queue": "emails", "state": "queued", "payload": "hello \"world\"\nline two é", "tries": 0, "max_tries": 2, "backoff_ms": 0, "created_at": "<created_at>", "updated_at": "<updated_at>"}
> p POST /jobs/j_1000/retry
409 {"error": "j_1000 is not dead"}
> p POST /jobs/j_4/retry
409 {"error": "j_4 is not dead"}
> p POST /jobs/j_99/retry
404 {"error": "no such job"}
> p GET /jobs/j_1000/retry
405 {"error": "this route takes POST"}
> w3 POST /queues/emails/lease
200 {"id": "j_1000", "queue": "emails", "state": "leased", "payload": "hello \"world\"\nline two é", "tries": 1, "max_tries": 2, "backoff_ms": 0, "created_at": "<created_at>", "updated_at": "<updated_at>", "worker": "w3", "lease_until": "<lease_until>"}
> p GET /queues
200 {"queues": [{"name": "emails", "queued": 0, "scheduled": 0, "leased": 2, "done": 1, "dead": 0}, {"name": "flaky", "queued": 0, "scheduled": 1, "leased": 0, "done": 0, "dead": 0}, {"name": "later", "queued": 0, "scheduled": 1, "leased": 0, "done": 0, "dead": 0}, {"name": "reports", "queued": 0, "scheduled": 0, "leased": 1, "done": 0, "dead": 0}]}
> p DELETE /jobs/j_1001
204
> p GET /queues
200 {"queues": [{"name": "emails", "queued": 0, "scheduled": 0, "leased": 2, "done": 1, "dead": 0}, {"name": "flaky", "queued": 0, "scheduled": 1, "leased": 0, "done": 0, "dead": 0}, {"name": "reports", "queued": 0, "scheduled": 0, "leased": 1, "done": 0, "dead": 0}]}
> - GET /queues
401 {"error": "a request needs authorization: Bearer <token>"}
> - GET /health
200 {"queued": 0, "scheduled": 1, "leased": 3, "done": 1, "dead": 0, "archived": 1, "uptime_ms": <uptime_ms>, "restarts": 0}
> p POST /jobs {"queue": "emails", "payload": "once", "max_tries": 1, "key": "order-17"}
201 {"id": "j_1003", "queue": "emails", "key": "order-17", "state": "queued", "payload": "once", "tries": 0, "max_tries": 1, "backoff_ms": 0, "created_at": "<created_at>", "updated_at": "<updated_at>"}
> p POST /jobs {"queue": "emails", "payload": "twice", "max_tries": 1, "key": "order-17"}
200 {"id": "j_1003", "queue": "emails", "key": "order-17", "state": "queued", "payload": "once", "tries": 0, "max_tries": 1, "backoff_ms": 0, "created_at": "<created_at>", "updated_at": "<updated_at>"}
> p POST /jobs {"queue": "reports", "payload": "elsewhere", "max_tries": 1, "key": "order-17"}
201 {"id": "j_1004", "queue": "reports", "key": "order-17", "state": "queued", "payload": "elsewhere", "tries": 0, "max_tries": 1, "backoff_ms": 0, "created_at": "<created_at>", "updated_at": "<updated_at>"}
> p GET /jobs?queue=emails&key=order-17
200 {"jobs": [{"id": "j_1003", "queue": "emails", "key": "order-17", "state": "queued", "payload": "once", "tries": 0, "max_tries": 1, "backoff_ms": 0, "created_at": "<created_at>", "updated_at": "<updated_at>"}]}
> p GET /jobs?key=order-17
400 {"error": "a key is looked up in a queue, so key needs queue"}
> p GET /jobs?queue=emails&key=nobody
200 {"jobs": []}
> p POST /jobs {"queue": "emails", "payload": "", "max_tries": 1, "key": "bad key!"}
400 {"error": "key must be 1 to 64 letters, digits, - or _"}
> p GET /jobs/j_7
200 {"id": "j_7", "queue": "reports", "key": "weekly-7", "state": "dead", "payload": "weekly, old", "tries": 1, "max_tries": 1, "backoff_ms": 0, "created_at": "<created_at>", "updated_at": "<updated_at>", "reason": "disk full", "archived_at": "<archived_at>"}
> p POST /jobs {"queue": "reports", "payload": "weekly, again", "max_tries": 1, "key": "weekly-7"}
200 {"id": "j_7", "queue": "reports", "key": "weekly-7", "state": "dead", "payload": "weekly, old", "tries": 1, "max_tries": 1, "backoff_ms": 0, "created_at": "<created_at>", "updated_at": "<updated_at>", "reason": "disk full", "archived_at": "<archived_at>"}
> p GET /jobs?queue=reports&key=weekly-7
200 {"jobs": [{"id": "j_7", "queue": "reports", "key": "weekly-7", "state": "dead", "payload": "weekly, old", "tries": 1, "max_tries": 1, "backoff_ms": 0, "created_at": "<created_at>", "updated_at": "<updated_at>", "reason": "disk full", "archived_at": "<archived_at>"}]}
> p POST /jobs/j_7/retry
409 {"error": "j_7 is archived"}
> p DELETE /jobs/j_1003
204
> p POST /jobs {"queue": "emails", "payload": "again", "max_tries": 1, "key": "order-17"}
201 {"id": "j_1005", "queue": "emails", "key": "order-17", "state": "queued", "payload": "again", "tries": 0, "max_tries": 1, "backoff_ms": 0, "created_at": "<created_at>", "updated_at": "<updated_at>"}
> - GET /health
200 {"queued": 2, "scheduled": 1, "leased": 3, "done": 1, "dead": 0, "archived": 1, "uptime_ms": <uptime_ms>, "restarts": 0}
