> GET greeting
VALUE hello wide world
> GET cut
MISSING
> INCR hits 1
VALUE 42
> KEYS user:
KEYS 2
user:1
user:3
> SET user:2 grace again
OK
> KEYS user:
KEYS 3
user:1
user:2
user:3
> GET user:2
VALUE grace again
> DEL user:1
OK
> DEL user:1
MISSING
> INCR greeting 1
ERR not_a_number
> SET max 9223372036854775807
OK
> INCR max 1
ERR overflow
> GET max
VALUE 9223372036854775807
> INCR fresh -5
VALUE -5
> SET empty 
OK
> GET empty
VALUE 
> get greeting
ERR malformed
> SET  nokey
ERR malformed
> INCR hits 1.5
ERR malformed
> KEYS
KEYS 7
empty
fresh
greeting
hits
max
user:2
user:3
> QUIT
BYE
> GET hits
VALUE 42
