test-corpus
+- run test 288 pass, 1 crash (289 total)
step42 case=secondary-stress scheduler=1 frame_budget=0 loop_budget=0 scratch_poison=a5
step42 case=answer-reserve allocated=1 destroyed=0 live=1 awaiting=true answers=0 induced=true
step42 case=n10-stress-build term=.{ .exited = 0 } stdout= stderr=
step42 case=n10-positive argument=10 term=.{ .exited = 0 } stdout=answered 45 bytes and code 3, whole: true
 stderr=
step42 case=n10-positive argument=1000 term=.{ .exited = 0 } stdout=answered 4005 bytes and code 3, whole: true
 stderr=
step42 case=fiber-lifecycle-build term=.{ .exited = 0 } stdout=zig-out/mo-build/fiber-lifecycle/fiber-lifecycle
 stderr=
step42 case=fiber-lifecycle-retirement-one-scheduler-interp term=.{ .exited = 0 } stdout=held 70; released 70; done 70; sum 490
 stderr=
step42 case=fiber-lifecycle-retirement-one-scheduler-native term=.{ .exited = 0 } stdout=held 70; released 70; done 70; sum 490
 stderr=
step42 case=fiber-lifecycle-caller-reuse-multi-scheduler-interp term=.{ .exited = 0 } stdout=held 20; released 20; done 20; sum 140
 stderr=
step42 case=fiber-lifecycle-caller-reuse-multi-scheduler-native term=.{ .exited = 0 } stdout=held 20; released 20; done 20; sum 140
 stderr=
---- mo run, exit 0
read a.txt: ok safe
read hard: ok safe
read out_link: missing out_link
read in_link: missing in_link
read dirlink/a.txt: missing dirlink/a.txt
read dirout_link/x.txt: missing dirout_link/x.txt
read_lines in_link: missing in_link
read_bytes in_link: missing in_link
size in_link: missing in_link
fold_lines in_link: missing in_link
scoped dirout_link: missing x.txt
scoped dirlink: missing a.txt
scoped dirlink, listed: unlisted
operator's link: ok safe
operator's link, then in_link: missing in_link
device: missing null
list: a.txt, dirlink, dirout_link, fifo, hard, in_link, out_link, sub
list_kinds: a.txt file, dirlink link, dirout_link link, fifo file, hard file, in_link link, out_link link, sub folder
write out_link: missing out_link
write in_link: missing in_link
append in_link: missing in_link
write dirlink/new.txt: missing dirlink/new.txt
mkdir dirlink: missing dirlink
mkdir dirlink/made: missing dirlink/made
remove in_link: missing in_link
rename in_link to moved: missing in_link
rename sub/b.txt to in_link: missing in_link
rename sub/b.txt to dirlink/b.txt: missing dirlink/b.txt
read a.txt after: ok safe
write fifo: missing fifo
read fifo: missing fifo
size fifo: missing fifo
---- binary, exit 0
read a.txt: ok safe
read hard: ok safe
read out_link: missing out_link
read in_link: missing in_link
read dirlink/a.txt: missing dirlink/a.txt
read dirout_link/x.txt: missing dirout_link/x.txt
read_lines in_link: missing in_link
read_bytes in_link: missing in_link
size in_link: missing in_link
fold_lines in_link: missing in_link
scoped dirout_link: missing x.txt
scoped dirlink: missing a.txt
scoped dirlink, listed: unlisted
operator's link: ok safe
operator's link, then in_link: missing in_link
device: missing null
list: a.txt, dirlink, dirout_link, fifo, hard, in_link, out_link, sub
list_kinds: a.txt file, dirlink link, dirout_link link, fifo file, hard file, in_link link, out_link link, sub folder
write out_link: missing out_link
write in_link: missing in_link
append in_link: missing in_link
write dirlink/new.txt: missing dirlink/new.txt
mkdir dirlink: missing dirlink
mkdir dirlink/made: missing dirlink/made
remove in_link: missing in_link
rename in_link to moved: missing in_link
rename sub/b.txt to in_link: missing in_link
rename sub/b.txt to dirlink/b.txt: missing dirlink/b.txt
read a.txt after: ok safe
write fifo: missing fifo
read fifo: missing fifo
size fifo: missing fifo
---- mo run, exit 0
a.txt: a.txt file, setuid false
a.txt links: 2
suid: suid file, setuid true
suid links: 1
in_link: in_link link, setuid false
out_link: out_link link, setuid false
sub: sub folder, setuid false
sub/b.txt: sub/b.txt file, setuid false
dirlink/a.txt: missing dirlink/a.txt
../outside.txt: missing ../outside.txt
nothing: missing nothing
fifo: fifo file, setuid false
---- binary, exit 0
a.txt: a.txt file, setuid false
a.txt links: 2
suid: suid file, setuid true
suid links: 1
in_link: in_link link, setuid false
out_link: out_link link, setuid false
sub: sub folder, setuid false
sub/b.txt: sub/b.txt file, setuid false
dirlink/a.txt: missing dirlink/a.txt
../outside.txt: missing ../outside.txt
nothing: missing nothing
fifo: fifo file, setuid false
---- mo test, exit 0
pass  test "a fixture's file and folder are what kind_of says, one link each and never setuid"
1 passed, 0 failed, 0 skipped
verified: types, contracts, tests (1), property (0 seeds), sim (not run)
          proven: not run
---- mo build --tests, exit 0
pass  test "a fixture's file and folder are what kind_of says, one link each and never setuid"
1 passed, 0 failed, 0 skipped
verified: types, contracts, tests (1), property (0 seeds), sim (not run)
          proven: not run
---- mo run, exit 0
replace t.txt: ok
read t.txt: ok new
replace fresh.txt: ok
replace sub/b.txt: ok
replace in_link: missing in_link
replace out_link: missing out_link
replace dirlink/t.txt: missing dirlink/t.txt
replace nofolder/t.txt: missing nofolder/t.txt
replace sub: missing sub
replace fifo: missing fifo
replace ../outside.txt: missing ../outside.txt
replace a 255-byte name: ok
read it: ok long
remove it: ok
list: a.txt, dirlink, dirout_link, fifo, fresh.txt, hard, in_link, out_link, sub, t.txt
list sub: b.txt
---- binary, exit 0
replace t.txt: ok
read t.txt: ok new
replace fresh.txt: ok
replace sub/b.txt: ok
replace in_link: missing in_link
replace out_link: missing out_link
replace dirlink/t.txt: missing dirlink/t.txt
replace nofolder/t.txt: missing nofolder/t.txt
replace sub: missing sub
replace fifo: missing fifo
replace ../outside.txt: missing ../outside.txt
replace a 255-byte name: ok
read it: ok long
remove it: ok
list: a.txt, dirlink, dirout_link, fifo, fresh.txt, hard, in_link, out_link, sub, t.txt
list sub: b.txt
---- mo test, exit 0
pass  test "on a fixture, replace is write"
1 passed, 0 failed, 0 skipped
verified: types, contracts, tests (1), property (0 seeds), sim (not run)
          proven: not run
---- mo build --tests, exit 0
pass  test "on a fixture, replace is write"
1 passed, 0 failed, 0 skipped
verified: types, contracts, tests (1), property (0 seeds), sim (not run)
          proven: not run
---- /home/user/workspace/verify-memory-normal/toolchain/zig-out/bin/mo: 1000 replaced
4046 reads, 0 partial, 0 not there, exit .{ .exited = 0 }
---- ./zig-out/mo-build/flip/flip: 1000 replaced
3941 reads, 0 partial, 0 not there, exit .{ .exited = 0 }
8000000: guard: killed 20313 (rss 61 MB, 1 s)

8000000: guard: killed 20322 (rss 61 MB, 1 s)

8000000: guard: killed 20332 (rss 61 MB, 2 s)

8000000: guard: killed 20343 (rss 61 MB, 2 s)

8000000: guard: killed 20355 (rss 61 MB, 2 s)

8000000: guard: killed 20369 (rss 61 MB, 3 s)

8000000: guard: killed 20399 (rss 61 MB, 3 s)

8000000: guard: killed 20416 (rss 61 MB, 2 s)

---- /home/user/workspace/verify-memory-normal/toolchain/zig-out/bin/mo: 8 of 8 rounds killed, 7 temporary files left, 4 of them whole (killed between write and rename); the target whole every time
8000000: guard: killed 20429 (rss 27 MB, 1 s)

8000000: guard: killed 20437 (rss 27 MB, 1 s)

8000000: guard: killed 20446 (rss 27 MB, 2 s)

8000000: guard: killed 20456 (rss 27 MB, 2 s)

8000000: guard: killed 20467 (rss 27 MB, 2 s)

8000000: guard: killed 20480 (rss 27 MB, 3 s)

8000000: guard: killed 20493 (rss 27 MB, 3 s)

8000000: guard: killed 20515 (rss 27 MB, 2 s)

---- ./zig-out/mo-build/flip/flip: 8 of 8 rounds killed, 8 temporary files left, 5 of them whole (killed between write and rename); the target whole every time
---- mo run, exit 0, 1581 ms
exit 0: exited 0
exit 1: exited 1
exit 255: exited 255
signal: signalled 9
stubborn: timeout
leaver: exited 0
big stdout, bound 1000: 1000 0 true exited 0
big stderr, bound 1000: 0 1000 true exited 0
big stdout, default bound: 65536 0 true exited 0
big stdout, bound 2 MiB: 1048576 0 false exited 0
odd hole: true
dash hole: 3
[-x][--help][end]
empty hole: 3
[-x][][end]
NUL hole: refused
no value: refused
two values: refused
missing: missing
a folder as the program: failed
env by default: []
env given: A=1
B=two words

in work: true
in the operator's link: true
in a link inside: failed
in a folder not there: failed
in a scope that climbed out: failed
default folder is new: true
default folder empty: []
default folder gone after: exited 1
stdin: hello
world
no stdin: []
1 MiB through cat: 1048576 0 false exited 0
descriptors: 0,1,2,
terminal: none

group: leads

took, a fast run: true
took, a 0.2-second sleep: true
---- binary, exit 0, 1385 ms
exit 0: exited 0
exit 1: exited 1
exit 255: exited 255
signal: signalled 9
stubborn: timeout
leaver: exited 0
big stdout, bound 1000: 1000 0 true exited 0
big stderr, bound 1000: 0 1000 true exited 0
big stdout, default bound: 65536 0 true exited 0
big stdout, bound 2 MiB: 1048576 0 false exited 0
odd hole: true
dash hole: 3
[-x][--help][end]
empty hole: 3
[-x][][end]
NUL hole: refused
no value: refused
two values: refused
missing: missing
a folder as the program: failed
env by default: []
env given: A=1
B=two words

in work: true
in the operator's link: true
in a link inside: failed
in a folder not there: failed
in a scope that climbed out: failed
default folder is new: true
default folder empty: []
default folder gone after: exited 1
stdin: hello
world
no stdin: []
1 MiB through cat: 1048576 0 false exited 0
descriptors: 0,1,2,
terminal: none

group: leads

took, a fast run: true
took, a 0.2-second sleep: true
---- mo run, exit 70
before
stderr: main crashed: exec.program("bin/sh"): "bin/sh" is not an absolute path; a program is named by its absolute path, and no PATH is searched

---- binary, exit 70
before
stderr: main crashed: exec.program("bin/sh"): "bin/sh" is not an absolute path; a program is named by its absolute path, and no PATH is searched

---- mo test, exit 0
pass  test "a fixture answers every run, with the program's path first and the holes filled"
pass  test "a fixture hands the function what stdin was given"
pass  test "a fixture refuses what the real Exec refuses"
pass  test "every run is counted, whatever the child did"
pass  test "no run ever times out"
pass  test "no run ever fails"
6 passed, 0 failed, 0 skipped
verified: types, contracts, tests (6), property (0 seeds), sim (not run)
          proven: not run
---- mo build --tests, exit 0
pass  test "a fixture answers every run, with the program's path first and the holes filled"
pass  test "a fixture hands the function what stdin was given"
pass  test "a fixture refuses what the real Exec refuses"
pass  test "every run is counted, whatever the child did"
pass  test "no run ever times out"
pass  test "no run ever fails"
6 passed, 0 failed, 0 skipped
verified: types, contracts, tests (6), property (0 seeds), sim (not run)
          proven: not run
---- mo test --sim, exit 0
pass  test "a fixture answers every run, with the program's path first and the holes filled"
pass  test "a fixture hands the function what stdin was given"
pass  test "a fixture refuses what the real Exec refuses"
pass  test "every run is counted, whatever the child did": 40 simulated runs
pass  test "no run ever times out": 40 simulated runs, but passes only without faults
      seed 1, with faults: remover.mo:94:3: assert runner.ask(Timeouts, within: 1.minute) is Ok(0) failed
      mo test --sim 1 --seed 1 --faults 50 runs it again
pass  test "no run ever fails": 40 simulated runs, but passes only without faults
      seed 4, with faults: remover.mo:101:3: assert runner.ask(Failures, within: 1.minute) is Ok(0) failed
      mo test --sim 1 --seed 4 --faults 50 runs it again
6 passed, 0 failed, 0 skipped; 3 tests under 40 seeds with 50% faults: 1 held under faults, 2 passed only without faults
verified: types, contracts, tests (6), property (0 seeds), sim (40 runs)
          proven: not run
---- mo run, exit 0
main went on while the child ran: true
another process answered meanwhile: true
the run then answered: true
and the child had finished: true
---- binary, exit 0
main went on while the child ran: true
another process answered meanwhile: true
the run then answered: true
and the child had finished: true
error: 'sim.test.chunks drains pending fixture bytes before one directional EOF and leaves reverse writes open' terminated with signal ABRT with stderr:
       step42 case=pack-errdefer allocated=1 destroyed=1 live=0 allocator_allocations=1 allocator_deallocations=1
       step42 case=enqueue-A allocated=1 destroyed=1 live=0 mailbox=0 trace=0 seq=0
       step42 case=runnable-reserve allocated=1 destroyed=0 live=1 induced=true mailbox=0 trace=0 seq=0 runnable=0
       step42 case=enqueue-B allocated=1 destroyed=1 live=0 timers=0 mailbox=0 seq=0
       step42 case=trace-reserve mailbox=0 trace=0 seq=0 packs=false induced=true
       step42 case=commit-I allocated=4 destroyed=2 live=2 first=1 second=0 events=0 held=0 induced=true
       step42 case=event-reserve allocated=4 destroyed=1 live=3 first=1 second=1 events=0 held=0 induced=true
       step42 case=update-allocation allocated=4 destroyed=3 live=1 outbox=0 emits=0 held=0 first=0 second=0 induced=true
       thread 7298 panic: reached unreachable code
       /opt/zig-x86_64-linux-0.16.0/lib/std/debug.zig:420:14: 0x1181ea9 in assert (std.zig)
           if (!ok) unreachable; // assertion failure
                    ^
       /home/user/workspace/verify-memory-normal/toolchain/src/sim.zig:1040:29: 0x19e2ac8 in enqueue (root.zig)
                   std.debug.assert(!sim.packs and message.parcel == null);
                                   ^
       /home/user/workspace/verify-memory-normal/toolchain/src/sources.zig:255:20: 0x1a35e04 in send (root.zig)
           _ = sim.enqueue(runtime_sender, to, sent) catch |err| {
                          ^
       /home/user/workspace/verify-memory-normal/toolchain/src/sources.zig:459:13: 0x1a38e62 in chunksFixture (root.zig)
           try send(sim, s.to, "Chunk", &.{try byteList(sim, pending[0..n])});
                   ^
       /home/user/workspace/verify-memory-normal/toolchain/src/sources.zig:288:41: 0x1a26d46 in pumpFixture (root.zig)
                   .chunks => try chunksFixture(sim, s),
                                               ^
       /home/user/workspace/verify-memory-normal/toolchain/src/sim.zig:976:77: 0x19d0ea5 in round (root.zig)
               var progressed = if (sim.server == null) try sources_mod.pumpFixture(sim) else false;
                                                                                   ^
       /home/user/workspace/verify-memory-normal/toolchain/src/sim.zig:955:33: 0x19d089e in drain (root.zig)
                   while (try sim.round(&sim.order, &delivered)) {}
                                       ^
       /home/user/workspace/verify-memory-normal/toolchain/src/sim.zig:942:22: 0x1c34089 in finish (root.zig)
               try sim.drain(true);
                            ^
       /home/user/workspace/verify-memory-normal/toolchain/src/sim.zig:2931:19: 0x1efecbc in test.chunks drains pending fixture bytes before one directional EOF and leaves reverse writes open (root.zig)
           try sim.finish();
                         ^
       /opt/zig-x86_64-linux-0.16.0/lib/compiler/test_runner.zig:140:68: 0x13305d7 in mainServer (test_runner.zig)
                       const status: TestResults.Status = if (test_fn.func()) |v| s: {
                                                                          ^
       /opt/zig-x86_64-linux-0.16.0/lib/compiler/test_runner.zig:71:26: 0x13313fd in main (test_runner.zig)
               return mainServer(init) catch |err| panic("internal test runner failure: {t}", .{err});
                                ^
       /opt/zig-x86_64-linux-0.16.0/lib/std/start.zig:699:88: 0x132dc65 in callMain (std.zig)
           if (fn_info.params[0].type.? == std.process.Init.Minimal) return wrapMain(root.main(.{
                                                                                              ^
       /opt/zig-x86_64-linux-0.16.0/lib/std/start.zig:190:5: 0x132d641 in _start (std.zig)
           asm volatile (switch (native_arch) {
           ^
failed command: MO_EXE=/home/user/workspace/verify-memory-normal/toolchain/zig-out/bin/mo MO_CORPUS=1 ./.zig-cache/o/65cfd14bc5e142f46c8e9b766cd8912e/test --cache-dir=./.zig-cache --seed=0x503e9c92 --listen=-

Build Summary: 3/5 steps succeeded (1 failed); 288/289 tests passed (1 crashed)
test-corpus transitive failure
+- run test 288 pass, 1 crash (289 total)
   +- compile test Debug native success 6s MaxRSS:337M
   +- install mo success
      +- compile exe mo ReleaseSafe native success 1m MaxRSS:1G

error: the following build command failed with exit code 1:
.zig-cache/o/bc0619dbfa9da73f98952af8d0005a12/build /opt/zig-x86_64-linux-0.16.0/zig /opt/zig-x86_64-linux-0.16.0/lib /home/user/workspace/verify-memory-normal/toolchain .zig-cache /home/user/workspace/verify-memory-normal/.zig-global-cache --seed 0x503e9c92 -Zecc7ded0acd458dd test-corpus --summary all -j4
