resolved executables: {"node": "/Users/robertguss/.local/share/mise/installs/node/24/bin/node", "npm": "/Users/robertguss/.local/share/mise/installs/node/24/bin/npm"}
node=v24.20.0
npm=11.19.0
node:internal/modules/esm/resolve:272
    throw new ERR_MODULE_NOT_FOUND(
          ^

Error [ERR_MODULE_NOT_FOUND]: Cannot find module '/Users/robertguss/Projects/startups/mo-lang-worktrees/harness-provider-bridge-v1/toolchain/harness/provider/bridge/.cache/red-01/bridge/protocol.mjs' imported from /Users/robertguss/Projects/startups/mo-lang-worktrees/harness-provider-bridge-v1/toolchain/harness/provider/bridge/.cache/red-01/bridge/test.mjs
    at finalizeResolution (node:internal/modules/esm/resolve:272:11)
    at moduleResolve (node:internal/modules/esm/resolve:879:10)
    at defaultResolve (node:internal/modules/esm/resolve:1006:11)
    at #cachedDefaultResolve (node:internal/modules/esm/loader:705:20)
    at #resolveAndMaybeBlockOnLoaderThread (node:internal/modules/esm/loader:725:38)
    at ModuleLoader.resolveSync (node:internal/modules/esm/loader:763:56)
    at #resolve (node:internal/modules/esm/loader:687:17)
    at ModuleLoader.getOrCreateModuleJob (node:internal/modules/esm/loader:607:35)
    at node:internal/modules/esm/loader:636:32
    at TracingChannel.tracePromise (node:diagnostics_channel:361:14) {
  code: 'ERR_MODULE_NOT_FOUND',
  url: 'file:///Users/robertguss/Projects/startups/mo-lang-worktrees/harness-provider-bridge-v1/toolchain/harness/provider/bridge/.cache/red-01/bridge/protocol.mjs'
}

Node.js v24.20.0
owned-command-exit=1
