test
+- run test 270 pass, 1 fail (271 total)
---- mo run, exit 0
read a.txt: ok safe
read hard: ok safe
read out_link: missing out_link
read in_link: missing in_link
read dirlink/a.txt: missing dirlink/a.txt
read dirout_link/x.txt: missing dirout_link/x.txt
read_lines in_link: missing in_link
read_bytes in_link: missing in_link
size in_link: missing in_link
fold_lines in_link: missing in_link
scoped dirout_link: missing x.txt
scoped dirlink: missing a.txt
scoped dirlink, listed: unlisted
operator's link: ok safe
operator's link, then in_link: missing in_link
device: missing null
list: a.txt, dirlink, dirout_link, fifo, hard, in_link, out_link, sub
list_kinds: a.txt file, dirlink link, dirout_link link, fifo file, hard file, in_link link, out_link link, sub folder
write out_link: missing out_link
write in_link: missing in_link
append in_link: missing in_link
write dirlink/new.txt: missing dirlink/new.txt
mkdir dirlink: missing dirlink
mkdir dirlink/made: missing dirlink/made
remove in_link: missing in_link
rename in_link to moved: missing in_link
rename sub/b.txt to in_link: missing in_link
rename sub/b.txt to dirlink/b.txt: missing dirlink/b.txt
read a.txt after: ok safe
write fifo: missing fifo
read fifo: missing fifo
size fifo: missing fifo
---- binary, exit 0
read a.txt: ok safe
read hard: ok safe
read out_link: missing out_link
read in_link: missing in_link
read dirlink/a.txt: missing dirlink/a.txt
read dirout_link/x.txt: missing dirout_link/x.txt
read_lines in_link: missing in_link
read_bytes in_link: missing in_link
size in_link: missing in_link
fold_lines in_link: missing in_link
scoped dirout_link: missing x.txt
scoped dirlink: missing a.txt
scoped dirlink, listed: unlisted
operator's link: ok safe
operator's link, then in_link: missing in_link
device: missing null
list: a.txt, dirlink, dirout_link, fifo, hard, in_link, out_link, sub
list_kinds: a.txt file, dirlink link, dirout_link link, fifo file, hard file, in_link link, out_link link, sub folder
write out_link: missing out_link
write in_link: missing in_link
append in_link: missing in_link
write dirlink/new.txt: missing dirlink/new.txt
mkdir dirlink: missing dirlink
mkdir dirlink/made: missing dirlink/made
remove in_link: missing in_link
rename in_link to moved: missing in_link
rename sub/b.txt to in_link: missing in_link
rename sub/b.txt to dirlink/b.txt: missing dirlink/b.txt
read a.txt after: ok safe
write fifo: missing fifo
read fifo: missing fifo
size fifo: missing fifo
---- mo run, exit 0
a.txt: a.txt file, setuid false
a.txt links: 2
suid: suid file, setuid true
suid links: 1
in_link: in_link link, setuid false
out_link: out_link link, setuid false
sub: sub folder, setuid false
sub/b.txt: sub/b.txt file, setuid false
dirlink/a.txt: missing dirlink/a.txt
../outside.txt: missing ../outside.txt
nothing: missing nothing
fifo: fifo file, setuid false
---- binary, exit 0
a.txt: a.txt file, setuid false
a.txt links: 2
suid: suid file, setuid true
suid links: 1
in_link: in_link link, setuid false
out_link: out_link link, setuid false
sub: sub folder, setuid false
sub/b.txt: sub/b.txt file, setuid false
dirlink/a.txt: missing dirlink/a.txt
../outside.txt: missing ../outside.txt
nothing: missing nothing
fifo: fifo file, setuid false
---- mo test, exit 0
pass  test "a fixture's file and folder are what kind_of says, one link each and never setuid"
1 passed, 0 failed, 0 skipped
verified: types, contracts, tests (1), property (0 seeds), sim (not run)
          proven: not run
---- mo build --tests, exit 0
pass  test "a fixture's file and folder are what kind_of says, one link each and never setuid"
1 passed, 0 failed, 0 skipped
verified: types, contracts, tests (1), property (0 seeds), sim (not run)
          proven: not run
---- mo run, exit 0
replace t.txt: ok
read t.txt: ok new
replace fresh.txt: ok
replace sub/b.txt: ok
replace in_link: missing in_link
replace out_link: missing out_link
replace dirlink/t.txt: missing dirlink/t.txt
replace nofolder/t.txt: missing nofolder/t.txt
replace sub: missing sub
replace fifo: missing fifo
replace ../outside.txt: missing ../outside.txt
replace a 255-byte name: ok
read it: ok long
remove it: ok
list: a.txt, dirlink, dirout_link, fifo, fresh.txt, hard, in_link, out_link, sub, t.txt
list sub: b.txt
---- binary, exit 0
replace t.txt: ok
read t.txt: ok new
replace fresh.txt: ok
replace sub/b.txt: ok
replace in_link: missing in_link
replace out_link: missing out_link
replace dirlink/t.txt: missing dirlink/t.txt
replace nofolder/t.txt: missing nofolder/t.txt
replace sub: missing sub
replace fifo: missing fifo
replace ../outside.txt: missing ../outside.txt
replace a 255-byte name: ok
read it: ok long
remove it: ok
list: a.txt, dirlink, dirout_link, fifo, fresh.txt, hard, in_link, out_link, sub, t.txt
list sub: b.txt
---- mo test, exit 0
pass  test "on a fixture, replace is write"
1 passed, 0 failed, 0 skipped
verified: types, contracts, tests (1), property (0 seeds), sim (not run)
          proven: not run
---- mo build --tests, exit 0
pass  test "on a fixture, replace is write"
1 passed, 0 failed, 0 skipped
verified: types, contracts, tests (1), property (0 seeds), sim (not run)
          proven: not run
---- /Users/robertguss/Projects/startups/mo-lang-worktrees/lead-verify-step44/toolchain/zig-out/bin/mo: 1000 replaced
607 reads, 0 partial, 0 not there, exit .{ .exited = 0 }
---- ./zig-out/mo-build/flip/flip: 1000 replaced
949 reads, 0 partial, 0 not there, exit .{ .exited = 0 }
8000000: guard: killed 87993 (rss 61 MB, 1 s)

8000000: guard: killed 88020 (rss 61 MB, 2 s)

8000000: guard: killed 88111 (rss 61 MB, 2 s)

8000000: guard: killed 88164 (rss 61 MB, 2 s)

8000000: guard: killed 88259 (rss 61 MB, 3 s)

8000000: guard: killed 88357 (rss 61 MB, 3 s)

8000000: guard: killed 88461 (rss 61 MB, 3 s)

8000000: guard: killed 88602 (rss 61 MB, 3 s)

---- /Users/robertguss/Projects/startups/mo-lang-worktrees/lead-verify-step44/toolchain/zig-out/bin/mo: 8 of 8 rounds killed, 8 temporary files left, 7 of them whole (killed between write and rename); the target whole every time
8000000: guard: killed 88704 (rss 28 MB, 1 s)

8000000: guard: killed 88719 (rss 28 MB, 2 s)

8000000: guard: killed 88806 (rss 28 MB, 2 s)

8000000: guard: killed 88873 (rss 28 MB, 2 s)

8000000: guard: killed 88966 (rss 28 MB, 3 s)

8000000: guard: killed 89072 (rss 28 MB, 3 s)

8000000: guard: killed 89170 (rss 28 MB, 3 s)

8000000: guard: killed 89268 (rss 28 MB, 3 s)

---- ./zig-out/mo-build/flip/flip: 8 of 8 rounds killed, 7 temporary files left, 7 of them whole (killed between write and rename); the target whole every time
---- mo run, exit 0, 2237 ms
exit 0: exited 0
exit 1: exited 1
exit 255: exited 255
signal: signalled 9
stubborn: timeout
leaver: exited 0
big stdout, bound 1000: 1000 0 true exited 0
big stderr, bound 1000: 0 1000 true exited 0
big stdout, default bound: 65536 0 true exited 0
big stdout, bound 2 MiB: 1048576 0 false exited 0
odd hole: true
dash hole: 3
[-x][--help][end]
empty hole: 3
[-x][][end]
NUL hole: refused
no value: refused
two values: refused
missing: missing
a folder as the program: failed
env by default: []
env given: A=1
B=two words

in work: true
in the operator's link: true
in a link inside: failed
in a folder not there: failed
in a scope that climbed out: failed
default folder is new: true
default folder empty: []
default folder gone after: exited 1
stdin: hello
world
no stdin: []
1 MiB through cat: 1048576 0 false exited 0
descriptors: 0,1,2,
terminal: none

group: leads

took, a fast run: true
took, a 0.2-second sleep: true
---- binary, exit 0, 1532 ms
exit 0: exited 0
exit 1: exited 1
exit 255: exited 255
signal: signalled 9
stubborn: timeout
leaver: exited 0
big stdout, bound 1000: 1000 0 true exited 0
big stderr, bound 1000: 0 1000 true exited 0
big stdout, default bound: 65536 0 true exited 0
big stdout, bound 2 MiB: 1048576 0 false exited 0
odd hole: true
dash hole: 3
[-x][--help][end]
empty hole: 3
[-x][][end]
NUL hole: refused
no value: refused
two values: refused
missing: missing
a folder as the program: failed
env by default: []
env given: A=1
B=two words

in work: true
in the operator's link: true
in a link inside: failed
in a folder not there: failed
in a scope that climbed out: failed
default folder is new: true
default folder empty: []
default folder gone after: exited 1
stdin: hello
world
no stdin: []
1 MiB through cat: 1048576 0 false exited 0
descriptors: 0,1,2,
terminal: none

group: leads

took, a fast run: true
took, a 0.2-second sleep: true
---- mo run, exit 70
before
stderr: main crashed: exec.program("bin/sh"): "bin/sh" is not an absolute path; a program is named by its absolute path, and no PATH is searched

---- binary, exit 70
before
stderr: main crashed: exec.program("bin/sh"): "bin/sh" is not an absolute path; a program is named by its absolute path, and no PATH is searched

---- mo test, exit 0
pass  test "a fixture answers every run, with the program's path first and the holes filled"
pass  test "a fixture hands the function what stdin was given"
pass  test "a fixture refuses what the real Exec refuses"
pass  test "every run is counted, whatever the child did"
pass  test "no run ever times out"
pass  test "no run ever fails"
6 passed, 0 failed, 0 skipped
verified: types, contracts, tests (6), property (0 seeds), sim (not run)
          proven: not run
---- mo build --tests, exit 0
pass  test "a fixture answers every run, with the program's path first and the holes filled"
pass  test "a fixture hands the function what stdin was given"
pass  test "a fixture refuses what the real Exec refuses"
pass  test "every run is counted, whatever the child did"
pass  test "no run ever times out"
pass  test "no run ever fails"
6 passed, 0 failed, 0 skipped
verified: types, contracts, tests (6), property (0 seeds), sim (not run)
          proven: not run
---- mo test --sim, exit 0
pass  test "a fixture answers every run, with the program's path first and the holes filled"
pass  test "a fixture hands the function what stdin was given"
pass  test "a fixture refuses what the real Exec refuses"
pass  test "every run is counted, whatever the child did": 40 simulated runs
pass  test "no run ever times out": 40 simulated runs, but passes only without faults
      seed 1, with faults: remover.mo:94:3: assert runner.ask(Timeouts, within: 1.minute) is Ok(0) failed
      mo test --sim 1 --seed 1 --faults 50 runs it again
pass  test "no run ever fails": 40 simulated runs, but passes only without faults
      seed 4, with faults: remover.mo:101:3: assert runner.ask(Failures, within: 1.minute) is Ok(0) failed
      mo test --sim 1 --seed 4 --faults 50 runs it again
6 passed, 0 failed, 0 skipped; 3 tests under 40 seeds with 50% faults: 1 held under faults, 2 passed only without faults
verified: types, contracts, tests (6), property (0 seeds), sim (40 runs)
          proven: not run
---- mo run, exit 0
main went on while the child ran: true
another process answered meanwhile: true
the run then answered: true
and the child had finished: true
---- binary, exit 0
main went on while the child ran: true
another process answered meanwhile: true
the run then answered: true
and the child had finished: true
error: 'corpus.test.corpus: every example passes every implemented stage; rejects/ is rejected' failed:
       corpus: pass  test "fault-free TLS chunks exchange exact bounded plaintext in both directions": 100 simulated runs, but passes only without faults
             seed 5488750196995324343, with faults: ../examples/step44/chunks-tls.mo:258:3: assert successful?(got) failed
             mo test --sim 1 --seed 5488750196995324343 runs it again
       corpus: pass  test "a forced TLS handshake error fails the positive oracle": 100 simulated runs, but passes only without faults
             seed 5488750196995324368, with faults: ../examples/step44/chunks-tls.mo:263:3: assert got == Error(Handshake) failed; left = Error(Closed), right = Error(Handshake)
             mo test --sim 1 --seed 5488750196995324368 runs it again
       corpus: pass  test "available short bytes arrive while the peer stays open": 100 simulated runs, but passes only without faults
             seed 11644109218188073882, with faults: ../examples/step44/chunks.mo:172:3: assert collector.ask(Await(me: collector, bytes: 3, closed: false, idle: false), failed
             mo test --sim 1 --seed 11644109218188073882 runs it again
       corpus: pass  test "bytes retained after read_line are delivered first": 100 simulated runs, but passes only without faults
             seed 11644109218188073882, with faults: ../examples/step44/chunks.mo:188:3: assert collector.ask(Await(me: collector, bytes: 4, closed: false, idle: false), failed
             mo test --sim 1 --seed 11644109218188073882 runs it again
       corpus: pass  test "pending bytes precede one Closed": 100 simulated runs, but passes only without faults
             seed 11644109218188073882, with faults: ../examples/step44/chunks.mo:203:3: assert collector.ask(Await(me: collector, bytes: 4, closed: true, idle: false), failed
             mo test --sim 1 --seed 11644109218188073882 runs it again
       corpus: pass  test "mailbox backpressure preserves copied chunks and one end": 100 simulated runs, but passes only without faults
             seed 11644109218188073882, with faults: ../examples/step44/chunks.mo:220:3: assert collector.ask(Await(me: collector, bytes: 100, closed: true, idle: false), failed
             mo test --sim 1 --seed 11644109218188073882 runs it again
       corpus: pass  test "idle closes an unread connection": 100 simulated runs, but passes only without faults
             seed 11644109218188073899, with faults: ../examples/step44/chunks.mo:229:3: assert net.connect("localhost", listener.port, within: 1.minute) is Ok(client) failed
             mo test --sim 1 --seed 11644109218188073899 runs it again
       corpus: pass  test "a local full close stops without a synthetic end message": 100 simulated runs, but passes only without faults
             seed 11644109218188073899, with faults: ../examples/step44/chunks.mo:242:3: assert net.connect("localhost", listener.port, within: 1.minute) is Ok(_) failed
             mo test --sim 1 --seed 11644109218188073899 runs it again
       corpus: pass  test "the maximum accepted chunk bound still delivers": 100 simulated runs, but passes only without faults
             seed 11644109218188073882, with faults: ../examples/step44/chunks.mo:260:3: assert collector.ask(Await(me: collector, bytes: 5, closed: true, idle: false), failed
             mo test --sim 1 --seed 11644109218188073882 runs it again
       corpus: pass  test "a pull read is Busy after chunks owns input": 100 simulated runs, but passes only without faults
             seed 11644109218188073899, with faults: ../examples/step44/chunks.mo:269:3: assert net.connect("localhost", listener.port, within: 1.minute) is Ok(_) failed
             mo test --sim 1 --seed 11644109218188073899 runs it again
       corpus: pass  test "lines idle emits one Idle and retires without synthetic terminal messages": 100 simulated runs, but passes only without faults
             seed 11644109218188073899, with faults: ../examples/step44/chunks.mo:278:3: assert net.connect("localhost", listener.port, within: 1.minute) is Ok(_) failed
             mo test --sim 1 --seed 11644109218188073899 runs it again
       expected 121, found 110
       /opt/homebrew/Cellar/zig/0.16.0_1/lib/zig/std/testing.zig:118:17: 0x102e42957 in expectEqualInner__anon_387626 (test)
                       return error.TestExpectedEqual;
                       ^
       /opt/homebrew/Cellar/zig/0.16.0_1/lib/zig/std/testing.zig:83:5: 0x10321166b in expectEqual (test)
           return expectEqualInner(T, expected, actual);
           ^
       /Users/robertguss/Projects/startups/mo-lang-worktrees/lead-verify-step44/toolchain/src/corpus.zig:714:9: 0x10321175f in test.corpus: every example passes every implemented stage; rejects/ is rejected (test)
               try std.testing.expectEqual(tally.simulated, tally.held_under_faults);
               ^
failed command: MO_EXE=/Users/robertguss/Projects/startups/mo-lang-worktrees/lead-verify-step44/toolchain/zig-out/bin/mo ./.zig-cache/o/65ef6e4fa280f4f787a9395f12bf4bc2/test --cache-dir=./.zig-cache --seed=0xe7f5b853 --listen=-

Build Summary: 3/5 steps succeeded (1 failed); 270/271 tests passed (1 failed)
test transitive failure
+- run test 270 pass, 1 fail (271 total)
   +- compile test Debug native success 7s MaxRSS:1G
   +- install mo cached
      +- compile exe mo ReleaseSafe native cached 49ms MaxRSS:35M

error: the following build command failed with exit code 1:
.zig-cache/o/03ae733854564e8804c8e7cb3798e788/build /opt/homebrew/Cellar/zig/0.16.0_1/bin/zig /opt/homebrew/Cellar/zig/0.16.0_1/lib/zig /Users/robertguss/Projects/startups/mo-lang-worktrees/lead-verify-step44/toolchain .zig-cache /Users/robertguss/.cache/zig --seed 0xe7f5b853 -Z719bb79166389e96 test --summary all
real 1142.19
user 1112.87
sys 88.55
