LOCAL SUBPROCESS DOUBLES; NOT REAL WORKSPACE ACCEPTANCE
groups=six-tools,output-encoding,schema,framing,byte-bounds,identities-capability,duplicate-calls,concurrent-admission,file-refusals,deadlines,disconnect,frontend-death,owner-death,lost-response,owner-stall,startup-failure,shutdown,protected-verifier,application-binding,cleanup-outcome,invalid-selection,journal-order-bound
test_six_tools (__main__.Controls.test_six_tools) ... ok
test_output_encoding (__main__.Controls.test_output_encoding) ... ok
test_schema (__main__.Controls.test_schema) ... ok
test_framing (__main__.Controls.test_framing) ... ERROR
test_byte_bounds (__main__.Controls.test_byte_bounds) ... ERROR
test_identities_capability (__main__.Controls.test_identities_capability) ... ERROR
test_duplicate_calls (__main__.Controls.test_duplicate_calls) ... ok
test_concurrent_admission (__main__.Controls.test_concurrent_admission) ... ok
test_file_refusals (__main__.Controls.test_file_refusals) ... ok
test_deadlines (__main__.Controls.test_deadlines) ... ok
test_disconnect (__main__.Controls.test_disconnect) ... ok
test_frontend_death (__main__.Controls.test_frontend_death) ... ok
test_owner_death (__main__.Controls.test_owner_death) ... ok
test_lost_response (__main__.Controls.test_lost_response) ... ok
test_owner_stall (__main__.Controls.test_owner_stall) ... ok
test_startup_failure (__main__.Controls.test_startup_failure) ... ok
test_shutdown (__main__.Controls.test_shutdown) ... ok
test_protected_verifier (__main__.Controls.test_protected_verifier) ... ok
test_application_binding (__main__.Controls.test_application_binding) ... ok
test_cleanup_outcome (__main__.Controls.test_cleanup_outcome) ... ok
test_invalid_selection (__main__.Controls.test_invalid_selection) ... ok
test_journal_order_bound (__main__.Controls.test_journal_order_bound) ... ok

======================================================================
ERROR: test_framing (__main__.Controls.test_framing)
----------------------------------------------------------------------
Traceback (most recent call last):
  File "/Users/robertguss/Projects/startups/mo-lang-worktrees/harness-workspace-http-v1/toolchain/harness/executor/workspace_http/local.py", line 141, in test_framing
    self.assertEqual(self.read(self.connect(b, self.req(b), extra=extra))[0], 400)
                     ~~~~~~~~~^^^^^^^^^^^^^^^^^^^^^^^^^^^^^^^^^^^^^^^^^^^
  File "/Users/robertguss/Projects/startups/mo-lang-worktrees/harness-workspace-http-v1/toolchain/harness/executor/workspace_http/local.py", line 72, in read
    data = conn.recv(65536)
ConnectionResetError: [Errno 54] Connection reset by peer

======================================================================
ERROR: test_byte_bounds (__main__.Controls.test_byte_bounds)
----------------------------------------------------------------------
Traceback (most recent call last):
  File "/Users/robertguss/Projects/startups/mo-lang-worktrees/harness-workspace-http-v1/toolchain/harness/executor/workspace_http/local.py", line 148, in test_byte_bounds
    self.assertEqual(self.read(self.connect(b,b'{}',length=p.REQUEST_CAP+1))[0],413)
                     ~~~~~~~~~^^^^^^^^^^^^^^^^^^^^^^^^^^^^^^^^^^^^^^^^^^^^^^
  File "/Users/robertguss/Projects/startups/mo-lang-worktrees/harness-workspace-http-v1/toolchain/harness/executor/workspace_http/local.py", line 72, in read
    data = conn.recv(65536)
ConnectionResetError: [Errno 54] Connection reset by peer

======================================================================
ERROR: test_identities_capability (__main__.Controls.test_identities_capability)
----------------------------------------------------------------------
Traceback (most recent call last):
  File "/Users/robertguss/Projects/startups/mo-lang-worktrees/harness-workspace-http-v1/toolchain/harness/executor/workspace_http/local.py", line 159, in test_identities_capability
    self.assertEqual(self.read(self.connect(b,self.req(b),token='wrong'))[0],401)
                     ~~~~~~~~~^^^^^^^^^^^^^^^^^^^^^^^^^^^^^^^^^^^^^^^^^^^
  File "/Users/robertguss/Projects/startups/mo-lang-worktrees/harness-workspace-http-v1/toolchain/harness/executor/workspace_http/local.py", line 72, in read
    data = conn.recv(65536)
ConnectionResetError: [Errno 54] Connection reset by peer

----------------------------------------------------------------------
Ran 22 tests in 9.624s

FAILED (errors=3)
