c-limit: hello
c-refuse-pathlen: Untrusted
c-refuse-pathlen1: Untrusted
c-refuse-keyusage: Untrusted
c-refuse-eku: Untrusted
c-refuse-critical: Untrusted
c-refuse-names: Untrusted
c-limit-p256: hello
c-refuse-pathlen-p256: Untrusted
c-refuse-pathlen1-p256: Untrusted
c-refuse-keyusage-p256: Untrusted
c-refuse-eku-p256: Untrusted
c-refuse-critical-p256: Untrusted
c-refuse-names-p256: Untrusted
