
## go defects1 (the first run's arguments were wrong) 14:54:40
FAIL fields: delay_ms null is 400 with an error: (201, {'id': 'j_6', 'queue': 'f', 'state': 'queued', 'payload': 'p', 'tries': 0, 'max_tries': 1, 'backoff_ms': 0, 'created_at': '2026-09-16T18:54:41.100Z', 'updated_at': '2026-09-16T18:54:41.100Z'})
ok   runout: a run-out lease with backoff is handed out by a lease request once the backoff from its look has passed
188 passed, 1 defects

## go defects2 --only verify (amended) 14:54:54
32 passed, 0 defects

## go defects4 --only keykept (amended) 14:54:55
11 passed, 0 defects

## go defects4 --only archivekill (amended) 14:54:55
7 passed, 0 defects

## mo defects2 --only verify (amended) 14:55:24
FAIL verify: queued with a worker is refused with exit 1: (0, '2 jobs: queued 2, scheduled 0, leased 0, done 0, dead 0; next id j_1000; archived 0')
FAIL verify: queued with a worker names the record's key: ([], '2 jobs: queued 2, scheduled 0, leased 0, done 0, dead 0; next id j_1000; archived 0')
30 passed, 2 defects

## mo defects4 --only keykept (amended) 14:55:25
11 passed, 0 defects

## mo defects4 --only archivekill (amended) 14:55:25
7 passed, 0 defects

## morun defects2 --only verify (amended) 14:56:00
FAIL verify: queued with a worker is refused with exit 1: (0, '2 jobs: queued 2, scheduled 0, leased 0, done 0, dead 0; next id j_1000; archived 0')
FAIL verify: queued with a worker names the record's key: ([], '2 jobs: queued 2, scheduled 0, leased 0, done 0, dead 0; next id j_1000; archived 0')
30 passed, 2 defects

## morun defects4 --only keykept (amended) 14:56:01
11 passed, 0 defects

## morun defects4 --only archivekill (amended) 14:56:02
FAIL archivekill: every created job is counted exactly once after the reopen: (2635, 2634, {'queued': 2, 'scheduled': 0, 'leased': 0, 'done': 0, 'dead': 2, 'archived': 2631, 'uptime_ms': 144, 'restarts': 0})
6 passed, 1 defects

## python defects2 --only verify (amended) 14:56:38
FAIL verify: queued with a worker is refused with exit 1: (0, '2 jobs: queued 2, scheduled 0, leased 0, done 0, dead 0; next id j_21; archived 0')
FAIL verify: queued with a worker names the record's key: ([], '2 jobs: queued 2, scheduled 0, leased 0, done 0, dead 0; next id j_21; archived 0')
30 passed, 2 defects

## python defects4 --only keykept (amended) 14:56:41
11 passed, 0 defects

## python defects4 --only archivekill (amended) 14:56:42
7 passed, 0 defects

## elixir defects2 --only verify (amended) 14:57:18
32 passed, 0 defects

## elixir defects4 --only keykept (amended) 14:57:21
11 passed, 0 defects

## elixir defects4 --only archivekill (amended) 14:57:22
7 passed, 0 defects

## mo p6 (Making with key: None) 14:57:59
  at  2.01s: send -> 200 'done'; /health 200 again at  2.06s (  57.5 ms)
  at  4.01s: send -> 200 'done'; /health 200 again at  4.09s (  84.6 ms)
acked jobs not done: 0 []
created jobs gone: 0 []
health after restart: {'queued': 1, 'scheduled': 0, 'leased': 1, 'done': 6320, 'dead': 0, 'archived': 0, 'uptime_ms': 12639, 'restarts': 0}

## DONE 14:58:50