bundle_sha256=f86270dde700af4ae7d0e29d9a0986a5083cd54c3016ceff41088a09a4d1267f
prerequisite=1839785eead517324e63232dc2261a5be8882dc2
candidate=71a4fafcd10276d8245c9b7a7affd6d79906fb15
accepted_main=3ac2e9fee8c2b0ff8440855876eef0818160764f
integrated=194f19697a2dfa542e95ac97529390995db16698
integrated_merge_base_main=3ac2e9fee8c2b0ff8440855876eef0818160764f
rebased_candidate_commit_count=25
candidate_commit_count=25
all_candidate_delta_paths_byte_equal=yes
build_runtime_src_byte_equal_candidate=yes
native_fixture_byte_equal_candidate=yes
accepted_guard_wrapper_byte_equal_main=yes
candidate_delta_paths=57
source_path_overlap_candidate_vs_main_since_prerequisite=0
candidate_delta_from_ad_name_status:
M	toolchain/src/sim.zig
candidate_delta_from_ad_numstat:
1	1	toolchain/src/sim.zig
compose_status_entries=0
filter_status_entries=0
