PASS device_success
PASS device_pending
PASS device_denial
PASS device_expiry
PASS abort_before
PASS abort_transport
PASS response_bounds
PASS store_bounds
PASS malformed_credential
PASS interaction_validation
PASS egress_rejection
PASS valid_resolution
PASS expired_refresh
PASS concurrent_refresh
PASS modify_unchanged
PASS logout
PASS login_logout_overlap
PASS newer_login_overlap
PASS late_success
PASS cross_process_lock
PASS killed_holder
PASS atomic_failure
PASS unsafe_directory
PASS unsafe_file
PASS unsafe_links
PASS unknown_version
PASS cli_sanitized
PASS secret_canaries
{"controls":[{"name":"device_success","pass":true,"requests":6,"elapsedMs":6},{"name":"device_pending","pass":true,"requests":4,"elapsedMs":1002},{"name":"device_denial","pass":true,"requests":2,"elapsedMs":1},{"name":"device_expiry","pass":true,"requests":4,"elapsedMs":41},{"name":"abort_before","pass":true,"requests":0,"elapsedMs":0},{"name":"abort_transport","pass":true,"requests":1,"elapsedMs":1},{"name":"response_bounds","pass":true,"requests":4,"elapsedMs":10146},{"name":"store_bounds","pass":true,"requests":0,"elapsedMs":8},{"name":"malformed_credential","pass":true,"requests":0,"elapsedMs":14},{"name":"interaction_validation","pass":true,"requests":0,"elapsedMs":0},{"name":"egress_rejection","pass":true,"requests":1,"elapsedMs":3},{"name":"valid_resolution","pass":true,"requests":0,"elapsedMs":3},{"name":"expired_refresh","pass":true,"requests":1,"elapsedMs":5},{"name":"concurrent_refresh","pass":true,"requests":2,"elapsedMs":53},{"name":"modify_unchanged","pass":true,"requests":0,"elapsedMs":25},{"name":"logout","pass":true,"requests":0,"elapsedMs":2},{"name":"login_logout_overlap","pass":true,"requests":3,"elapsedMs":3},{"name":"newer_login_overlap","pass":true,"requests":6,"elapsedMs":3},{"name":"late_success","pass":true,"requests":3,"elapsedMs":143},{"name":"cross_process_lock","pass":true,"requests":0,"elapsedMs":155},{"name":"killed_holder","pass":true,"requests":0,"elapsedMs":5132},{"name":"atomic_failure","pass":true,"requests":4,"elapsedMs":17},{"name":"unsafe_directory","pass":true,"requests":0,"elapsedMs":2},{"name":"unsafe_file","pass":true,"requests":0,"elapsedMs":5},{"name":"unsafe_links","pass":true,"requests":0,"elapsedMs":5},{"name":"unknown_version","pass":true,"requests":0,"elapsedMs":3},{"name":"cli_sanitized","pass":true,"requests":0,"elapsedMs":125},{"name":"secret_canaries","pass":true,"requests":2,"elapsedMs":1}],"passed":28,"total":28,"requests":[{"path":"/api/accounts/deviceauth/usercode","method":"POST"},{"path":"/api/accounts/deviceauth/token","method":"POST"},{"path":"/oauth/token","method":"POST"},{"path":"/api/accounts/deviceauth/usercode","method":"POST"},{"path":"/api/accounts/deviceauth/token","method":"POST"},{"path":"/oauth/token","method":"POST"},{"path":"/api/accounts/deviceauth/usercode","method":"POST"},{"path":"/api/accounts/deviceauth/token","method":"POST"},{"path":"/api/accounts/deviceauth/token","method":"POST"},{"path":"/oauth/token","method":"POST"},{"path":"/api/accounts/deviceauth/usercode","method":"POST"},{"path":"/api/accounts/deviceauth/token","method":"POST"},{"path":"/api/accounts/deviceauth/usercode","method":"POST"},{"path":"/api/accounts/deviceauth/token","method":"POST"},{"path":"/api/accounts/deviceauth/usercode","method":"POST"},{"path":"/api/accounts/deviceauth/token","method":"POST"},{"path":"/api/accounts/deviceauth/usercode","method":"POST"},{"path":"/api/accounts/deviceauth/usercode","method":"POST"},{"path":"/api/accounts/deviceauth/usercode","method":"POST"},{"path":"/api/accounts/deviceauth/usercode","method":"POST"},{"path":"/oauth/token","method":"POST"},{"path":"/api/accounts/deviceauth/usercode","method":"POST"},{"path":"/oauth/token","method":"POST"},{"path":"/oauth/token","method":"POST"},{"path":"/oauth/token","method":"POST"},{"path":"/api/accounts/deviceauth/usercode","method":"POST"},{"path":"/api/accounts/deviceauth/token","method":"POST"},{"path":"/oauth/token","method":"POST"},{"path":"/api/accounts/deviceauth/usercode","method":"POST"},{"path":"/api/accounts/deviceauth/usercode","method":"POST"},{"path":"/api/accounts/deviceauth/token","method":"POST"},{"path":"/oauth/token","method":"POST"},{"path":"/api/accounts/deviceauth/token","method":"POST"},{"path":"/oauth/token","method":"POST"},{"path":"/api/accounts/deviceauth/usercode","method":"POST"},{"path":"/api/accounts/deviceauth/usercode","method":"POST"},{"path":"/oauth/token","method":"POST"},{"path":"/oauth/token","method":"POST"},{"path":"/api/accounts/deviceauth/usercode","method":"POST"},{"path":"/api/accounts/deviceauth/token","method":"POST"},{"path":"/oauth/token","method":"POST"},{"path":"/api/accounts/deviceauth/usercode","method":"POST"},{"path":"/api/accounts/deviceauth/usercode","method":"POST"}],"ordering":["refresh-entered","logout-queued","refresh-persisted","logout-finished","login-polling","logout-invalidated","old-login-conflict","old-login-polling","new-login-committed","old-login-rejected"],"lateResponses":[{"reason":"deadline","calls":1,"bodyCancelled":true},{"reason":"abort","calls":1,"bodyCancelled":true}],"denied":4,"fixtureListeners":0,"children":0,"tempRemoved":true}
