requests      14
errors         3  (21.4%)
malformed      4
per minute    3.5

slowest
  2_100 ms  POST /api/orders                    2026-09-12T10:03:00Z
  1_250 ms  POST /pay/****************/charge   2026-09-12T10:01:15Z
    340 ms  POST /api/orders                    2026-09-12T10:00:02Z
    340 ms  POST /pay/****************/charge   2026-09-12T10:01:10Z
    120 ms  POST /api/orders                    2026-09-12T10:01:00Z

busiest
  5  GET /api/users
  3  POST /api/orders
  2  GET /health
  2  POST /pay/****************/charge
  1  DELETE /api/orders/7
