{"requests": 16, "errors": 4, "error_rate": 0.25, "malformed": 6, "per_minute": 4.8, "slowest": [{"ms": 1250, "method": "POST", "path": "/api/orders", "at": "2026-09-12T10:02:05Z"}, {"ms": 340, "method": "POST", "path": "/api/orders", "at": "2026-09-12T10:00:02Z"}, {"ms": 340, "method": "DELETE", "path": "/api/users/7", "at": "2026-09-12T10:01:20Z"}, {"ms": 210, "method": "GET", "path": "/cards/****************/charges", "at": "2026-09-12T10:02:00Z"}, {"ms": 120, "method": "POST", "path": "/api/orders", "at": "2026-09-12T10:01:00Z"}], "busiest": [{"count": 5, "method": "GET", "path": "/api/users"}, {"count": 3, "method": "POST", "path": "/api/orders"}, {"count": 2, "method": "GET", "path": "/api/orders"}, {"count": 2, "method": "GET", "path": "/cards/****************/charges"}, {"count": 2, "method": "GET", "path": "/health"}]}
