{"requests": 14, "errors": 3, "error_rate": 0.214, "malformed": 4, "per_minute": 3.5, "slowest": [{"ms": 2100, "method": "POST", "path": "/api/orders", "at": "2026-09-12T10:03:00Z"}, {"ms": 1250, "method": "POST", "path": "/pay/****************/charge", "at": "2026-09-12T10:01:15Z"}, {"ms": 340, "method": "POST", "path": "/api/orders", "at": "2026-09-12T10:00:02Z"}], "busiest": [{"count": 5, "method": "GET", "path": "/api/users"}, {"count": 3, "method": "POST", "path": "/api/orders"}, {"count": 2, "method": "GET", "path": "/health"}]}
