{"requests": 14, "errors": 4, "error_rate": 0.286, "malformed": 3, "per_minute": 7.0, "slowest": [{"ms": 2210, "method": "GET", "path": "/api/users", "at": "2026-09-12T10:01:00Z"}, {"ms": 1204, "method": "POST", "path": "/pay/****************/charge", "at": "2026-09-12T10:00:31Z"}, {"ms": 340, "method": "POST", "path": "/api/orders", "at": "2026-09-12T10:00:02Z"}], "busiest": [{"count": 7, "method": "GET", "path": "/api/users"}, {"count": 3, "method": "POST", "path": "/api/orders"}, {"count": 1, "method": "DELETE", "path": "/api/orders/7"}]}
