ASan archive required defined symbols:
__asan_init
__asan_option_detect_stack_use_after_return
__asan_report_load1
__asan_report_load16
__asan_report_load2
__asan_report_load4
__asan_report_load8
__asan_report_load_n
__asan_report_store1
__asan_report_store16
__asan_report_store2
__asan_report_store4
__asan_report_store8
__asan_report_store_n
__asan_stack_malloc_0
__asan_stack_malloc_1
__asan_stack_malloc_10
__asan_stack_malloc_2
__asan_stack_malloc_3
__asan_stack_malloc_4
__asan_stack_malloc_5
__asan_stack_malloc_6
__asan_stack_malloc_7
__asan_stack_malloc_8
__asan_stack_malloc_9
__lsan_do_leak_check
__lsan_do_recoverable_leak_check
__sanitizer_finish_switch_fiber
__sanitizer_start_switch_fiber
ASan shared required defined symbols:
__asan_init
__asan_option_detect_stack_use_after_return
__asan_report_load1
__asan_report_load16
__asan_report_load2
__asan_report_load4
__asan_report_load8
__asan_report_load_n
__asan_report_store1
__asan_report_store16
__asan_report_store2
__asan_report_store4
__asan_report_store8
__asan_report_store_n
__asan_stack_malloc_0
__asan_stack_malloc_1
__asan_stack_malloc_10
__asan_stack_malloc_2
__asan_stack_malloc_3
__asan_stack_malloc_4
__asan_stack_malloc_5
__asan_stack_malloc_6
__asan_stack_malloc_7
__asan_stack_malloc_8
__asan_stack_malloc_9
__lsan_do_leak_check
__lsan_do_recoverable_leak_check
__sanitizer_finish_switch_fiber
__sanitizer_start_switch_fiber
LSan archive leak-check symbols:
__lsan_disable
__lsan_do_leak_check
__lsan_do_recoverable_leak_check
__lsan_enable
