## python start 2026-09-18 10:26:23 EDT load { 4.96 5.22 5.78 } commit 6188537 defects6 d4dab05cc331b7fa defects6b 183a992cb6893ca8
build e6 exit=0
build e5 exit=0
build r7 exit=0
## python regressions 10:26:24 load { 4.96 5.22 5.78 }
exit=0
121 passed, 0 defects
## python defects1 10:27:02 load { 5.11 5.21 5.75 }
exit=0
189 passed, 0 defects
## python defects2 10:27:11 load { 5.70 5.33 5.79 }
exit=2
NO SUMMARY LINE: the suite did not reach its end
## python defects3 10:27:11 load { 5.70 5.33 5.79 }
exit=0
55 passed, 0 defects
## python defects4 10:28:56 load { 5.14 5.26 5.71 }
exit=0
80 passed, 0 defects
## python defects5 10:29:39 load { 8.90 6.18 6.02 }
exit=0
94 passed, 0 defects
## python defects6-sealed 10:30:53 load { 7.37 6.22 6.04 }
exit=0
FAIL prune: ran to the end: RuntimeError: server exited 2 before answering: uv run jobq serve /var/folders/f8/ft7ygqg92pj8qh0rwplbw2x80000gn/T/prune6-vazzts4r/dir --port 55194 --retain-ms 500
FAIL retention: ran to the end: RuntimeError: server exited 2 before answering: uv run jobq serve /var/folders/f8/ft7ygqg92pj8qh0rwplbw2x80000gn/T/retention6-p8g4t8_l/dir --port 55198 --retain-ms 500 --retention 1500
FAIL prunerecord: ran to the end: RuntimeError: server exited 2 before answering: uv run jobq serve /var/folders/f8/ft7ygqg92pj8qh0rwplbw2x80000gn/T/prunerecord6-e3v0l924/dir --port 55203 --retain-ms 500
FAIL prunekill: ran to the end: RuntimeError: server exited 2 before answering: uv run jobq serve /var/folders/f8/ft7ygqg92pj8qh0rwplbw2x80000gn/T/prunekill6-lgtffbdd/dir --port 55207 --retain-ms 300
FAIL renamerule: ran to the end: RuntimeError: server exited 2 before answering: uv run jobq serve /var/folders/f8/ft7ygqg92pj8qh0rwplbw2x80000gn/T/renamerule6-moowxb3n/dir --port 55211 --retain-ms 500
FAIL sequence: ran to the end: RuntimeError: server exited 2 before answering: uv run jobq serve /var/folders/f8/ft7ygqg92pj8qh0rwplbw2x80000gn/T/sequence6-v0yof861/dir --port 55215 --retain-ms 500
FAIL bench: `jobq bench` exits 0 within four minutes on 300 jobs: (1, "creates: 296 in 0.0s = 9699/s\npairs, 1 workers: 296 in 0.1s = 2296/s\npairs, 4 workers: 0 in 0.0s = 0/s\njobq: bench failed: [Errno 2] No such file or directory: '/proc/97626/status'")
FAIL bench: its lines name creates, pairs, restart, and memory: creates: 296 in 0.0s = 9699/s
2 passed, 8 defects
## python defects6b 10:30:55 load { 7.37 6.22 6.04 }
exit=1
FAIL prunerecord: the prune record carries a number to break (a cutoff): b'prunes":1}\n'
FAIL renamerule: /queues lists `a` and `b`: {'b'}
FAIL sequence: /queues lists `s1b`, `s1`, `s2`, and `s3`: {'s2', 's1b', 's1'}
FAIL bench: `jobq bench` exits 0 within four minutes on 300 jobs: (1, "creates: 296 in 0.0s = 7518/s\npairs, 1 workers: 296 in 0.2s = 1833/s\npairs, 4 workers: 0 in 0.0s = 0/s\njobq: bench failed: [Errno 2] No such file or directory: '/proc/99408/status'")
FAIL bench: its lines name creates, pairs, restart, and memory: creates: 296 in 0.0s = 7518/s
90 passed, 5 defects
0 harness preconditions failed
## python done 10:33:21
## python start 2026-09-18 10:42:18 EDT load { 3.59 4.19 4.99 } commit 6188537 defects6 d4dab05cc331b7fa defects6b 183a992cb6893ca8
build e6 exit=0
build e5 exit=0
build r7 exit=0
## python defects2 10:42:18 load { 3.59 4.19 4.99 }
exit=0
FAIL verify: queued with a worker is refused with exit 1: (0, '2 jobs: queued 2, scheduled 0, leased 0, done 0, dead 0; next id j_21; archived 0')
FAIL verify: queued with a worker names the record's key: ([], '2 jobs: queued 2, scheduled 0, leased 0, done 0, dead 0; next id j_21; archived 0')
64 passed, 2 defects
## python done (ONLY=defects2) 10:42:28
## go start 2026-09-18 10:42:29 EDT load { 4.69 4.40 5.05 } commit 765aa6f defects6 d4dab05cc331b7fa defects6b 183a992cb6893ca8
build e6 exit=0
build e5 exit=0
build r7 exit=0
## go regressions 10:42:30 load { 4.69 4.40 5.05 }
exit=0
121 passed, 0 defects
## go defects1 10:43:05 load { 4.09 4.29 4.98 }
exit=0
FAIL fields: delay_ms null is 400 with an error: (201, {'id': 'j_6', 'queue': 'f', 'state': 'queued', 'payload': 'p', 'tries': 0, 'max_tries': 1, 'backoff_ms': 0, 'created_at': '2026-09-18T14:43:05.498Z', 'updated_at': '2026-09-18T14:43:05.498Z'})
188 passed, 1 defects
## go defects2 10:43:17 load { 3.95 4.24 4.95 }
exit=0
66 passed, 0 defects
## go defects3 10:43:23 load { 4.76 4.40 5.01 }
exit=0
55 passed, 0 defects
## go defects4 10:44:29 load { 5.04 4.60 5.04 }
exit=0
FAIL key: null is 400: (201, {'id': 'j_4', 'queue': 'emails', 'state': 'queued', 'payload': 'p', 'tries': 0, 'max_tries': 2, 'backoff_ms': 0, 'created_at': '2026-09-18T14:44:29.843Z', 'updated_at': '2026-09-18T14:44:29.843Z'})
79 passed, 1 defects
## go defects5 10:44:38 load { 4.89 4.58 5.02 }
exit=0
FAIL handoff: `{"to": "xxxxxxxxxxxxxxxx` is 400: (200, {'id': 'j_2', 'queue': 'h', 'state': 'leased', 'payload': 'p', 'tries': 2, 'max_tries': 3, 'backoff_ms': 0, 'created_at': '2026-09-18T14:44:38.339Z', 'updated_at': '2026-09-18T14:44:38.370Z', 'worker': 'xxxxxxxxxxxxxxxxxxxxxxxxxxxxxxxxxxxxxxxxxxxxxxxxxxxxxxxxxxxxxxxxxxxxxxxxxxxxxxxxxxxxxxxxxxxxxxxxxxxxxxxxxxxxxxxxxxxxxxxxxxxxxxxxx', 'lease_until': '2026-09-18T14:45:38.364Z', 'reason': 'x'})
FAIL handoff: the bad requests changed nothing: {'id': 'j_2', 'queue': 'h', 'state': 'leased', 'payload': 'p', 'tries': 2, 'max_tries': 3, 'backoff_ms': 0, 'created_at': '2026-09-18T14:44:38.339Z', 'updated_at': '2026-09-18T14:44:38.370Z', 'worker': 'xxxxxxxxxxxxxxxxxxxxxxxxxxxxxxxxxxxxxxxxxxxxxxxxxxxxxxxxxxxxxxxxxxxxxxxxxxxxxxxxxxxxxxxxxxxxxxxxxxxxxxxxxxxxxxxxxxxxxxxxxxxxxxxxx', 'lease_until': '2026-09-18T14:45:38.364Z', 'reason': 'x'}
92 passed, 2 defects
## go defects6-sealed 10:45:18 load { 4.52 4.52 4.98 }
exit=0
FAIL prune: ran to the end: RuntimeError: server exited 2 before answering: /tmp/e6-scratch/jobq-e6-go serve /var/folders/f8/ft7ygqg92pj8qh0rwplbw2x80000gn/T/prune6-2zq454ma/dir --port 52528 --retain-ms 500
FAIL retention: ran to the end: RuntimeError: server exited 2 before answering: /tmp/e6-scratch/jobq-e6-go serve /var/folders/f8/ft7ygqg92pj8qh0rwplbw2x80000gn/T/retention6-b5dj14d6/dir --port 52530 --retain-ms 500 --retention 1500
FAIL prunerecord: ran to the end: RuntimeError: server exited 2 before answering: /tmp/e6-scratch/jobq-e6-go serve /var/folders/f8/ft7ygqg92pj8qh0rwplbw2x80000gn/T/prunerecord6-aie7dgt8/dir --port 52532 --retain-ms 500
FAIL prunekill: ran to the end: RuntimeError: server exited 2 before answering: /tmp/e6-scratch/jobq-e6-go serve /var/folders/f8/ft7ygqg92pj8qh0rwplbw2x80000gn/T/prunekill6-pfd1ea1i/dir --port 52534 --retain-ms 300
FAIL renamerule: ran to the end: RuntimeError: server exited 2 before answering: /tmp/e6-scratch/jobq-e6-go serve /var/folders/f8/ft7ygqg92pj8qh0rwplbw2x80000gn/T/renamerule6-kwqmh82e/dir --port 52536 --retain-ms 500
FAIL sequence: ran to the end: RuntimeError: server exited 2 before answering: /tmp/e6-scratch/jobq-e6-go serve /var/folders/f8/ft7ygqg92pj8qh0rwplbw2x80000gn/T/sequence6-pw2oyk6x/dir --port 52538 --retain-ms 500
4 passed, 6 defects
## go defects6b 10:45:22 load { 4.32 4.48 4.96 }
exit=1
FAIL renamerule: /queues lists `a` and `b`: {'b'}
FAIL sequence: /queues lists `s1b`, `s1`, `s2`, and `s3`: {'s1b', 's1', 's2'}
95 passed, 2 defects
0 harness preconditions failed
## go done 10:46:59
## elixir start 2026-09-18 10:46:59 EDT load { 3.87 4.31 4.84 } commit 1e46b99 defects6 d4dab05cc331b7fa defects6b 183a992cb6893ca8
build e6 exit=0
build e5 exit=0
## elixir regressions 10:47:01 load { 4.12 4.35 4.86 }
exit=0
FAIL auth: a token with a space is refused (401 or 400): 200
120 passed, 1 defects
## elixir defects1 10:47:38 load { 5.83 4.68 4.95 }
exit=0
FAIL oldlog: setup, the old service creates: (400, {'error': "'max_tries' is required"})
128 passed, 1 defects
## elixir defects2 10:47:47 load { 5.25 4.59 4.91 }
exit=0
FAIL contained: a body of 1 MB is answered: BrokenPipeError
FAIL unwritable: ran to the end: RuntimeError: server exited 1 before answering: /Users/robertguss/Projects/startups/mo-lang-erosion6-elixir/experiments/control-run/elixir/jobq/jobq serve /var/folders/f8/ft7ygqg92pj8qh0rwplbw2x80000gn/T/ramdisk-uw0glit2/dir --port 54413
63 passed, 2 defects
## elixir defects3 10:47:55 load { 5.15 4.58 4.91 }
exit=0
FAIL budget: four failures 1.6 s apart under a window of 1 s and the service is still serving: (70, 4)
FAIL budget: and /health answers
53 passed, 2 defects
## elixir defects4 10:49:37 load { 4.45 4.55 4.86 }
exit=0
FAIL flags: `--retain-ms 1000 --retain-ms 1000` is a usage error, exit 2: still serving
79 passed, 1 defects
## elixir defects5 10:50:30 load { 4.41 4.51 4.83 }
exit=0
94 passed, 0 defects
## elixir defects6-sealed 10:51:45 load { 4.08 4.46 4.78 }
exit=0
FAIL prune: ran to the end: RuntimeError: server exited 2 before answering: /Users/robertguss/Projects/startups/mo-lang-erosion6-elixir/experiments/control-run/elixir/jobq/jobq serve /var/folders/f8/ft7ygqg92pj8qh0rwplbw2x80000gn/T/prune6-_oswwvpg/dir --port 65108 --retain-ms 500
FAIL retention: ran to the end: RuntimeError: server exited 2 before answering: /Users/robertguss/Projects/startups/mo-lang-erosion6-elixir/experiments/control-run/elixir/jobq/jobq serve /var/folders/f8/ft7ygqg92pj8qh0rwplbw2x80000gn/T/retention6-c4vzrpgt/dir --port 65113 --retain-ms 500 --retention 1500
FAIL prunerecord: ran to the end: RuntimeError: server exited 2 before answering: /Users/robertguss/Projects/startups/mo-lang-erosion6-elixir/experiments/control-run/elixir/jobq/jobq serve /var/folders/f8/ft7ygqg92pj8qh0rwplbw2x80000gn/T/prunerecord6-p9jwwk90/dir --port 65118 --retain-ms 500
FAIL prunekill: ran to the end: RuntimeError: server exited 2 before answering: /Users/robertguss/Projects/startups/mo-lang-erosion6-elixir/experiments/control-run/elixir/jobq/jobq serve /var/folders/f8/ft7ygqg92pj8qh0rwplbw2x80000gn/T/prunekill6-vdqra7d2/dir --port 65124 --retain-ms 300
FAIL renamerule: ran to the end: RuntimeError: server exited 2 before answering: /Users/robertguss/Projects/startups/mo-lang-erosion6-elixir/experiments/control-run/elixir/jobq/jobq serve /var/folders/f8/ft7ygqg92pj8qh0rwplbw2x80000gn/T/renamerule6-q4rkqeep/dir --port 65128 --retain-ms 500
FAIL sequence: ran to the end: RuntimeError: server exited 2 before answering: /Users/robertguss/Projects/startups/mo-lang-erosion6-elixir/experiments/control-run/elixir/jobq/jobq serve /var/folders/f8/ft7ygqg92pj8qh0rwplbw2x80000gn/T/sequence6-td4micet/dir --port 65133 --retain-ms 500
4 passed, 6 defects
## elixir defects6b 10:51:47 load { 3.99 4.44 4.77 }
exit=1
FAIL renamerule: /queues lists `a` and `b`: {'b'}
FAIL sequence: /queues lists `s1b`, `s1`, `s2`, and `s3`: {'s1b', 's2', 's1'}
95 passed, 2 defects
0 harness preconditions failed
## elixir done 10:54:15
## mo start 2026-09-18 10:54:15 EDT load { 6.10 5.29 5.06 } commit 53ee60d defects6 d4dab05cc331b7fa defects6b 183a992cb6893ca8
build e6 exit=0
build e5 exit=0
build r7 exit=0
## mo regressions 10:54:36 load { 6.03 5.36 5.09 }
exit=0
121 passed, 0 defects
## mo defects1 10:55:13 load { 5.04 5.16 5.03 }
exit=0
189 passed, 0 defects
## mo defects2 10:55:22 load { 5.37 5.22 5.05 }
exit=0
FAIL verify: queued with a worker is refused with exit 1: (0, '2 jobs: queued 2, scheduled 0, leased 0, done 0, dead 0; next id j_1000; archived 0')
FAIL verify: queued with a worker names the record's key: ([], '2 jobs: queued 2, scheduled 0, leased 0, done 0, dead 0; next id j_1000; archived 0')
64 passed, 2 defects
## mo defects3 10:56:00 load { 4.99 5.13 5.02 }
exit=0
55 passed, 0 defects
## mo defects4 10:57:41 load { 4.67 5.11 5.04 }
exit=0
80 passed, 0 defects
## mo defects5 10:58:45 load { 4.01 4.87 4.95 }
exit=0
94 passed, 0 defects
## mo defects6-sealed 11:00:08 load { 5.89 5.10 5.02 }
exit=0
FAIL prune: ran to the end: RuntimeError: server exited 2 before answering: /tmp/e6-scratch/zig-out/mo-build/jobq-e6/jobq-e6 serve /var/folders/f8/ft7ygqg92pj8qh0rwplbw2x80000gn/T/prune6-l03sznno/dir --port 49985 --retain-ms 500
FAIL retention: ran to the end: RuntimeError: server exited 2 before answering: /tmp/e6-scratch/zig-out/mo-build/jobq-e6/jobq-e6 serve /var/folders/f8/ft7ygqg92pj8qh0rwplbw2x80000gn/T/retention6-q_varpyn/dir --port 49987 --retain-ms 500 --retention 1500
FAIL prunerecord: ran to the end: RuntimeError: server exited 2 before answering: /tmp/e6-scratch/zig-out/mo-build/jobq-e6/jobq-e6 serve /var/folders/f8/ft7ygqg92pj8qh0rwplbw2x80000gn/T/prunerecord6-pwdph1h9/dir --port 49989 --retain-ms 500
FAIL prunekill: ran to the end: RuntimeError: server exited 2 before answering: /tmp/e6-scratch/zig-out/mo-build/jobq-e6/jobq-e6 serve /var/folders/f8/ft7ygqg92pj8qh0rwplbw2x80000gn/T/prunekill6-8b1qfl_c/dir --port 49991 --retain-ms 300
FAIL renamerule: ran to the end: RuntimeError: server exited 2 before answering: /tmp/e6-scratch/zig-out/mo-build/jobq-e6/jobq-e6 serve /var/folders/f8/ft7ygqg92pj8qh0rwplbw2x80000gn/T/renamerule6-z3xvig51/dir --port 49993 --retain-ms 500
FAIL sequence: ran to the end: RuntimeError: server exited 2 before answering: /tmp/e6-scratch/zig-out/mo-build/jobq-e6/jobq-e6 serve /var/folders/f8/ft7ygqg92pj8qh0rwplbw2x80000gn/T/sequence6-wpxrep4f/dir --port 49996 --retain-ms 500
4 passed, 6 defects
## mo defects6b 11:00:09 load { 5.89 5.10 5.02 }
exit=1
FAIL prunerecord: the prune record carries a number to break (a cutoff): b'pruned": 2}\n'
FAIL renamerule: /queues lists `a` and `b`: {'b'}
FAIL sequence: /queues lists `s1b`, `s1`, `s2`, and `s3`: {'s2', 's1b', 's1'}
92 passed, 3 defects
0 harness preconditions failed
## mo done 11:02:36
## morun start 2026-09-18 11:02:36 EDT load { 7.03 5.88 5.34 } commit 53ee60d defects6 d4dab05cc331b7fa defects6b 183a992cb6893ca8
build e6 exit=0
build e5 exit=0
build r7 exit=0
## morun regressions 11:02:37 load { 7.03 5.88 5.34 }
exit=0
121 passed, 0 defects
## morun defects1 11:03:35 load { 6.59 6.01 5.42 }
exit=0
189 passed, 0 defects
## morun defects2 11:03:44 load { 6.33 5.97 5.42 }
exit=0
FAIL verify: queued with a worker is refused with exit 1: (0, '2 jobs: queued 2, scheduled 0, leased 0, done 0, dead 0; next id j_1000; archived 0')
FAIL verify: queued with a worker names the record's key: ([], '2 jobs: queued 2, scheduled 0, leased 0, done 0, dead 0; next id j_1000; archived 0')
64 passed, 2 defects
## morun defects3 11:04:29 load { 6.16 5.99 5.45 }
exit=0
55 passed, 0 defects
## morun defects4 11:06:10 load { 5.18 5.69 5.39 }
exit=0
80 passed, 0 defects
## morun defects5 11:06:51 load { 4.96 5.52 5.34 }
exit=0
94 passed, 0 defects
## morun defects6-sealed 11:08:04 load { 4.22 5.23 5.25 }
exit=0
FAIL prune: ran to the end: RuntimeError: server exited 2 before answering: /Users/robertguss/Projects/startups/mo-lang-erosion6-mo/toolchain/zig-out/bin/mo run /Users/robertguss/Projects/startups/mo-lang-erosion6-mo/examples/programs/jobq/main.mo -- serve /var/folders/f8/ft7ygqg92pj8qh0rwplbw2x80000gn/T/prune6-t0mxns9h/dir --port 50929 --retain-ms 500
FAIL retention: ran to the end: RuntimeError: server exited 2 before answering: /Users/robertguss/Projects/startups/mo-lang-erosion6-mo/toolchain/zig-out/bin/mo run /Users/robertguss/Projects/startups/mo-lang-erosion6-mo/examples/programs/jobq/main.mo -- serve /var/folders/f8/ft7ygqg92pj8qh0rwplbw2x80000gn/T/retention6-ulm6nsn6/dir --port 50932 --retain-ms 500 --retention 1500
FAIL prunerecord: ran to the end: RuntimeError: server exited 2 before answering: /Users/robertguss/Projects/startups/mo-lang-erosion6-mo/toolchain/zig-out/bin/mo run /Users/robertguss/Projects/startups/mo-lang-erosion6-mo/examples/programs/jobq/main.mo -- serve /var/folders/f8/ft7ygqg92pj8qh0rwplbw2x80000gn/T/prunerecord6-46y8bz2p/dir --port 50934 --retain-ms 500
FAIL prunekill: ran to the end: RuntimeError: server exited 2 before answering: /Users/robertguss/Projects/startups/mo-lang-erosion6-mo/toolchain/zig-out/bin/mo run /Users/robertguss/Projects/startups/mo-lang-erosion6-mo/examples/programs/jobq/main.mo -- serve /var/folders/f8/ft7ygqg92pj8qh0rwplbw2x80000gn/T/prunekill6-7ifhwlm7/dir --port 50936 --retain-ms 300
FAIL renamerule: ran to the end: RuntimeError: server exited 2 before answering: /Users/robertguss/Projects/startups/mo-lang-erosion6-mo/toolchain/zig-out/bin/mo run /Users/robertguss/Projects/startups/mo-lang-erosion6-mo/examples/programs/jobq/main.mo -- serve /var/folders/f8/ft7ygqg92pj8qh0rwplbw2x80000gn/T/renamerule6-cr8ptani/dir --port 50938 --retain-ms 500
FAIL sequence: ran to the end: RuntimeError: server exited 2 before answering: /Users/robertguss/Projects/startups/mo-lang-erosion6-mo/toolchain/zig-out/bin/mo run /Users/robertguss/Projects/startups/mo-lang-erosion6-mo/examples/programs/jobq/main.mo -- serve /var/folders/f8/ft7ygqg92pj8qh0rwplbw2x80000gn/T/sequence6-bwrfnfig/dir --port 50940 --retain-ms 500
4 passed, 6 defects
## morun defects6b 11:08:05 load { 4.22 5.23 5.25 }
exit=1
FAIL prunerecord: the prune record carries a number to break (a cutoff): b'pruned": 2}\n'
FAIL renamerule: /queues lists `a` and `b`: {'b'}
FAIL sequence: /queues lists `s1b`, `s1`, `s2`, and `s3`: {'s1', 's1b', 's2'}
92 passed, 3 defects
0 harness preconditions failed
## morun done 11:10:31
