pass  smoke-phrase
pass  smoke-all-words
pass  smoke-tools
pass  no-match
pass  warning-relaxed
pass  warning-nonobject
pass  warning-missing-type
pass  warning-nonstring-type
pass  warning-unknown-conversation
pass  root-symlink-anchor
pass  eligibility-thinking
pass  eligibility-meta
pass  eligibility-image-data
pass  eligibility-tool-default
pass  eligibility-tool-opt-in
pass  eligibility-result
pass  eligibility-punctuation-control
pass  eligibility-nonascii-exact
pass  identity-all-words
pass  identity-physical
pass  identity-kind
pass  ordering
pass  malformed-middle
pass  malformed-middle-strict
pass  malformed-tail
pass  unsupported
pass  tool-parts
pass  depth-24
pass  depth-25
pass  unreadable
pass  oversized-line
pass  usage-dash-query
pass  usage-unsupported
pass  usage-help
34 passed, 0 failed
