LOCAL SUBPROCESS DOUBLES; NOT REAL WORKSPACE ACCEPTANCE
groups=six-tools,output-encoding,schema,framing,byte-bounds,identities-capability,duplicate-calls,concurrent-admission,file-refusals,deadlines,disconnect,frontend-death,owner-death,lost-response,owner-stall,startup-failure,shutdown,protected-verifier,application-binding,cleanup-outcome,invalid-selection,journal-order-bound
test_six_tools (__main__.Controls.test_six_tools) ... ERROR
test_output_encoding (__main__.Controls.test_output_encoding) ... ERROR
test_schema (__main__.Controls.test_schema) ... ERROR
test_framing (__main__.Controls.test_framing) ... ERROR
test_byte_bounds (__main__.Controls.test_byte_bounds) ... ERROR
test_identities_capability (__main__.Controls.test_identities_capability) ... ERROR
test_duplicate_calls (__main__.Controls.test_duplicate_calls) ... ERROR
test_concurrent_admission (__main__.Controls.test_concurrent_admission) ... ERROR
test_file_refusals (__main__.Controls.test_file_refusals) ... ERROR
test_deadlines (__main__.Controls.test_deadlines) ... ERROR
test_disconnect (__main__.Controls.test_disconnect) ... ERROR
test_frontend_death (__main__.Controls.test_frontend_death) ... Traceback (most recent call last):
  File "<frozen runpy>", line 203, in _run_module_as_main
  File "<frozen runpy>", line 88, in _run_code
  File "/Users/robertguss/Projects/startups/mo-lang-worktrees/harness-workspace-http-v1/toolchain/harness/executor/workspace_http/frontend_control.py", line 17, in <module>
    bridge = control.bridge()
  File "/Users/robertguss/Projects/startups/mo-lang-worktrees/harness-workspace-http-v1/toolchain/harness/executor/workspace_http/local.py", line 41, in bridge
    bridge = Bridge('run-1', Path(self.temp.name) / str(len(self.bridges)), {'scenario': scenario.encode()},
                    selection={'policy': WORKSPACE_POLICY, 'image': IMAGE, 'toolchain': None},
                    verifier={'script': 'protected', 'checks': {'exit_code': 0}, 'seconds': 1}, **kwargs)
  File "/Users/robertguss/Projects/startups/mo-lang-worktrees/harness-workspace-http-v1/toolchain/harness/executor/workspace_http/bridge.py", line 34, in __init__
    validate_checks(verifier['checks'])
    ~~~~~~~~~~~~~~~^^^^^^^^^^^^^^^^^^^^
  File "/Users/robertguss/Projects/startups/mo-lang-worktrees/harness-workspace-http-v1/toolchain/harness/executor/adapter.py", line 33, in validate_checks
    raise ValueError('a nonempty external check inventory is required')
ValueError: a nonempty external check inventory is required
FAIL
test_owner_death (__main__.Controls.test_owner_death) ... ERROR
test_lost_response (__main__.Controls.test_lost_response) ... ERROR
test_owner_stall (__main__.Controls.test_owner_stall) ... ERROR
test_startup_failure (__main__.Controls.test_startup_failure) ... ERROR
test_shutdown (__main__.Controls.test_shutdown) ... ERROR
test_protected_verifier (__main__.Controls.test_protected_verifier) ... ERROR
test_application_binding (__main__.Controls.test_application_binding) ... ERROR
test_cleanup_outcome (__main__.Controls.test_cleanup_outcome) ... ERROR
test_invalid_selection (__main__.Controls.test_invalid_selection) ... ok
test_journal_order_bound (__main__.Controls.test_journal_order_bound) ... ERROR

======================================================================
ERROR: test_six_tools (__main__.Controls.test_six_tools)
----------------------------------------------------------------------
Traceback (most recent call last):
  File "/Users/robertguss/Projects/startups/mo-lang-worktrees/harness-workspace-http-v1/toolchain/harness/executor/workspace_http/local.py", line 100, in test_six_tools
    b = self.bridge()
  File "/Users/robertguss/Projects/startups/mo-lang-worktrees/harness-workspace-http-v1/toolchain/harness/executor/workspace_http/local.py", line 41, in bridge
    bridge = Bridge('run-1', Path(self.temp.name) / str(len(self.bridges)), {'scenario': scenario.encode()},
                    selection={'policy': WORKSPACE_POLICY, 'image': IMAGE, 'toolchain': None},
                    verifier={'script': 'protected', 'checks': {'exit_code': 0}, 'seconds': 1}, **kwargs)
  File "/Users/robertguss/Projects/startups/mo-lang-worktrees/harness-workspace-http-v1/toolchain/harness/executor/workspace_http/bridge.py", line 34, in __init__
    validate_checks(verifier['checks'])
    ~~~~~~~~~~~~~~~^^^^^^^^^^^^^^^^^^^^
  File "/Users/robertguss/Projects/startups/mo-lang-worktrees/harness-workspace-http-v1/toolchain/harness/executor/adapter.py", line 33, in validate_checks
    raise ValueError('a nonempty external check inventory is required')
ValueError: a nonempty external check inventory is required

======================================================================
ERROR: test_output_encoding (__main__.Controls.test_output_encoding)
----------------------------------------------------------------------
Traceback (most recent call last):
  File "/Users/robertguss/Projects/startups/mo-lang-worktrees/harness-workspace-http-v1/toolchain/harness/executor/workspace_http/local.py", line 111, in test_output_encoding
    b = self.bridge()
  File "/Users/robertguss/Projects/startups/mo-lang-worktrees/harness-workspace-http-v1/toolchain/harness/executor/workspace_http/local.py", line 41, in bridge
    bridge = Bridge('run-1', Path(self.temp.name) / str(len(self.bridges)), {'scenario': scenario.encode()},
                    selection={'policy': WORKSPACE_POLICY, 'image': IMAGE, 'toolchain': None},
                    verifier={'script': 'protected', 'checks': {'exit_code': 0}, 'seconds': 1}, **kwargs)
  File "/Users/robertguss/Projects/startups/mo-lang-worktrees/harness-workspace-http-v1/toolchain/harness/executor/workspace_http/bridge.py", line 34, in __init__
    validate_checks(verifier['checks'])
    ~~~~~~~~~~~~~~~^^^^^^^^^^^^^^^^^^^^
  File "/Users/robertguss/Projects/startups/mo-lang-worktrees/harness-workspace-http-v1/toolchain/harness/executor/adapter.py", line 33, in validate_checks
    raise ValueError('a nonempty external check inventory is required')
ValueError: a nonempty external check inventory is required

======================================================================
ERROR: test_schema (__main__.Controls.test_schema)
----------------------------------------------------------------------
Traceback (most recent call last):
  File "/Users/robertguss/Projects/startups/mo-lang-worktrees/harness-workspace-http-v1/toolchain/harness/executor/workspace_http/local.py", line 129, in test_schema
    b = self.bridge()
  File "/Users/robertguss/Projects/startups/mo-lang-worktrees/harness-workspace-http-v1/toolchain/harness/executor/workspace_http/local.py", line 41, in bridge
    bridge = Bridge('run-1', Path(self.temp.name) / str(len(self.bridges)), {'scenario': scenario.encode()},
                    selection={'policy': WORKSPACE_POLICY, 'image': IMAGE, 'toolchain': None},
                    verifier={'script': 'protected', 'checks': {'exit_code': 0}, 'seconds': 1}, **kwargs)
  File "/Users/robertguss/Projects/startups/mo-lang-worktrees/harness-workspace-http-v1/toolchain/harness/executor/workspace_http/bridge.py", line 34, in __init__
    validate_checks(verifier['checks'])
    ~~~~~~~~~~~~~~~^^^^^^^^^^^^^^^^^^^^
  File "/Users/robertguss/Projects/startups/mo-lang-worktrees/harness-workspace-http-v1/toolchain/harness/executor/adapter.py", line 33, in validate_checks
    raise ValueError('a nonempty external check inventory is required')
ValueError: a nonempty external check inventory is required

======================================================================
ERROR: test_framing (__main__.Controls.test_framing)
----------------------------------------------------------------------
Traceback (most recent call last):
  File "/Users/robertguss/Projects/startups/mo-lang-worktrees/harness-workspace-http-v1/toolchain/harness/executor/workspace_http/local.py", line 139, in test_framing
    b = self.bridge()
  File "/Users/robertguss/Projects/startups/mo-lang-worktrees/harness-workspace-http-v1/toolchain/harness/executor/workspace_http/local.py", line 41, in bridge
    bridge = Bridge('run-1', Path(self.temp.name) / str(len(self.bridges)), {'scenario': scenario.encode()},
                    selection={'policy': WORKSPACE_POLICY, 'image': IMAGE, 'toolchain': None},
                    verifier={'script': 'protected', 'checks': {'exit_code': 0}, 'seconds': 1}, **kwargs)
  File "/Users/robertguss/Projects/startups/mo-lang-worktrees/harness-workspace-http-v1/toolchain/harness/executor/workspace_http/bridge.py", line 34, in __init__
    validate_checks(verifier['checks'])
    ~~~~~~~~~~~~~~~^^^^^^^^^^^^^^^^^^^^
  File "/Users/robertguss/Projects/startups/mo-lang-worktrees/harness-workspace-http-v1/toolchain/harness/executor/adapter.py", line 33, in validate_checks
    raise ValueError('a nonempty external check inventory is required')
ValueError: a nonempty external check inventory is required

======================================================================
ERROR: test_byte_bounds (__main__.Controls.test_byte_bounds)
----------------------------------------------------------------------
Traceback (most recent call last):
  File "/Users/robertguss/Projects/startups/mo-lang-worktrees/harness-workspace-http-v1/toolchain/harness/executor/workspace_http/local.py", line 147, in test_byte_bounds
    b = self.bridge()
  File "/Users/robertguss/Projects/startups/mo-lang-worktrees/harness-workspace-http-v1/toolchain/harness/executor/workspace_http/local.py", line 41, in bridge
    bridge = Bridge('run-1', Path(self.temp.name) / str(len(self.bridges)), {'scenario': scenario.encode()},
                    selection={'policy': WORKSPACE_POLICY, 'image': IMAGE, 'toolchain': None},
                    verifier={'script': 'protected', 'checks': {'exit_code': 0}, 'seconds': 1}, **kwargs)
  File "/Users/robertguss/Projects/startups/mo-lang-worktrees/harness-workspace-http-v1/toolchain/harness/executor/workspace_http/bridge.py", line 34, in __init__
    validate_checks(verifier['checks'])
    ~~~~~~~~~~~~~~~^^^^^^^^^^^^^^^^^^^^
  File "/Users/robertguss/Projects/startups/mo-lang-worktrees/harness-workspace-http-v1/toolchain/harness/executor/adapter.py", line 33, in validate_checks
    raise ValueError('a nonempty external check inventory is required')
ValueError: a nonempty external check inventory is required

======================================================================
ERROR: test_identities_capability (__main__.Controls.test_identities_capability)
----------------------------------------------------------------------
Traceback (most recent call last):
  File "/Users/robertguss/Projects/startups/mo-lang-worktrees/harness-workspace-http-v1/toolchain/harness/executor/workspace_http/local.py", line 158, in test_identities_capability
    b=self.bridge()
  File "/Users/robertguss/Projects/startups/mo-lang-worktrees/harness-workspace-http-v1/toolchain/harness/executor/workspace_http/local.py", line 41, in bridge
    bridge = Bridge('run-1', Path(self.temp.name) / str(len(self.bridges)), {'scenario': scenario.encode()},
                    selection={'policy': WORKSPACE_POLICY, 'image': IMAGE, 'toolchain': None},
                    verifier={'script': 'protected', 'checks': {'exit_code': 0}, 'seconds': 1}, **kwargs)
  File "/Users/robertguss/Projects/startups/mo-lang-worktrees/harness-workspace-http-v1/toolchain/harness/executor/workspace_http/bridge.py", line 34, in __init__
    validate_checks(verifier['checks'])
    ~~~~~~~~~~~~~~~^^^^^^^^^^^^^^^^^^^^
  File "/Users/robertguss/Projects/startups/mo-lang-worktrees/harness-workspace-http-v1/toolchain/harness/executor/adapter.py", line 33, in validate_checks
    raise ValueError('a nonempty external check inventory is required')
ValueError: a nonempty external check inventory is required

======================================================================
ERROR: test_duplicate_calls (__main__.Controls.test_duplicate_calls)
----------------------------------------------------------------------
Traceback (most recent call last):
  File "/Users/robertguss/Projects/startups/mo-lang-worktrees/harness-workspace-http-v1/toolchain/harness/executor/workspace_http/local.py", line 167, in test_duplicate_calls
    b=self.bridge();self.call(b)
  File "/Users/robertguss/Projects/startups/mo-lang-worktrees/harness-workspace-http-v1/toolchain/harness/executor/workspace_http/local.py", line 41, in bridge
    bridge = Bridge('run-1', Path(self.temp.name) / str(len(self.bridges)), {'scenario': scenario.encode()},
                    selection={'policy': WORKSPACE_POLICY, 'image': IMAGE, 'toolchain': None},
                    verifier={'script': 'protected', 'checks': {'exit_code': 0}, 'seconds': 1}, **kwargs)
  File "/Users/robertguss/Projects/startups/mo-lang-worktrees/harness-workspace-http-v1/toolchain/harness/executor/workspace_http/bridge.py", line 34, in __init__
    validate_checks(verifier['checks'])
    ~~~~~~~~~~~~~~~^^^^^^^^^^^^^^^^^^^^
  File "/Users/robertguss/Projects/startups/mo-lang-worktrees/harness-workspace-http-v1/toolchain/harness/executor/adapter.py", line 33, in validate_checks
    raise ValueError('a nonempty external check inventory is required')
ValueError: a nonempty external check inventory is required

======================================================================
ERROR: test_concurrent_admission (__main__.Controls.test_concurrent_admission)
----------------------------------------------------------------------
Traceback (most recent call last):
  File "/Users/robertguss/Projects/startups/mo-lang-worktrees/harness-workspace-http-v1/toolchain/harness/executor/workspace_http/local.py", line 174, in test_concurrent_admission
    b=self.bridge()
  File "/Users/robertguss/Projects/startups/mo-lang-worktrees/harness-workspace-http-v1/toolchain/harness/executor/workspace_http/local.py", line 41, in bridge
    bridge = Bridge('run-1', Path(self.temp.name) / str(len(self.bridges)), {'scenario': scenario.encode()},
                    selection={'policy': WORKSPACE_POLICY, 'image': IMAGE, 'toolchain': None},
                    verifier={'script': 'protected', 'checks': {'exit_code': 0}, 'seconds': 1}, **kwargs)
  File "/Users/robertguss/Projects/startups/mo-lang-worktrees/harness-workspace-http-v1/toolchain/harness/executor/workspace_http/bridge.py", line 34, in __init__
    validate_checks(verifier['checks'])
    ~~~~~~~~~~~~~~~^^^^^^^^^^^^^^^^^^^^
  File "/Users/robertguss/Projects/startups/mo-lang-worktrees/harness-workspace-http-v1/toolchain/harness/executor/adapter.py", line 33, in validate_checks
    raise ValueError('a nonempty external check inventory is required')
ValueError: a nonempty external check inventory is required

======================================================================
ERROR: test_file_refusals (__main__.Controls.test_file_refusals)
----------------------------------------------------------------------
Traceback (most recent call last):
  File "/Users/robertguss/Projects/startups/mo-lang-worktrees/harness-workspace-http-v1/toolchain/harness/executor/workspace_http/local.py", line 183, in test_file_refusals
    b=self.bridge()
  File "/Users/robertguss/Projects/startups/mo-lang-worktrees/harness-workspace-http-v1/toolchain/harness/executor/workspace_http/local.py", line 41, in bridge
    bridge = Bridge('run-1', Path(self.temp.name) / str(len(self.bridges)), {'scenario': scenario.encode()},
                    selection={'policy': WORKSPACE_POLICY, 'image': IMAGE, 'toolchain': None},
                    verifier={'script': 'protected', 'checks': {'exit_code': 0}, 'seconds': 1}, **kwargs)
  File "/Users/robertguss/Projects/startups/mo-lang-worktrees/harness-workspace-http-v1/toolchain/harness/executor/workspace_http/bridge.py", line 34, in __init__
    validate_checks(verifier['checks'])
    ~~~~~~~~~~~~~~~^^^^^^^^^^^^^^^^^^^^
  File "/Users/robertguss/Projects/startups/mo-lang-worktrees/harness-workspace-http-v1/toolchain/harness/executor/adapter.py", line 33, in validate_checks
    raise ValueError('a nonempty external check inventory is required')
ValueError: a nonempty external check inventory is required

======================================================================
ERROR: test_deadlines (__main__.Controls.test_deadlines)
----------------------------------------------------------------------
Traceback (most recent call last):
  File "/Users/robertguss/Projects/startups/mo-lang-worktrees/harness-workspace-http-v1/toolchain/harness/executor/workspace_http/local.py", line 188, in test_deadlines
    b=self.bridge('slow')
  File "/Users/robertguss/Projects/startups/mo-lang-worktrees/harness-workspace-http-v1/toolchain/harness/executor/workspace_http/local.py", line 41, in bridge
    bridge = Bridge('run-1', Path(self.temp.name) / str(len(self.bridges)), {'scenario': scenario.encode()},
                    selection={'policy': WORKSPACE_POLICY, 'image': IMAGE, 'toolchain': None},
                    verifier={'script': 'protected', 'checks': {'exit_code': 0}, 'seconds': 1}, **kwargs)
  File "/Users/robertguss/Projects/startups/mo-lang-worktrees/harness-workspace-http-v1/toolchain/harness/executor/workspace_http/bridge.py", line 34, in __init__
    validate_checks(verifier['checks'])
    ~~~~~~~~~~~~~~~^^^^^^^^^^^^^^^^^^^^
  File "/Users/robertguss/Projects/startups/mo-lang-worktrees/harness-workspace-http-v1/toolchain/harness/executor/adapter.py", line 33, in validate_checks
    raise ValueError('a nonempty external check inventory is required')
ValueError: a nonempty external check inventory is required

======================================================================
ERROR: test_disconnect (__main__.Controls.test_disconnect)
----------------------------------------------------------------------
Traceback (most recent call last):
  File "/Users/robertguss/Projects/startups/mo-lang-worktrees/harness-workspace-http-v1/toolchain/harness/executor/workspace_http/local.py", line 196, in test_disconnect
    b=self.bridge()
  File "/Users/robertguss/Projects/startups/mo-lang-worktrees/harness-workspace-http-v1/toolchain/harness/executor/workspace_http/local.py", line 41, in bridge
    bridge = Bridge('run-1', Path(self.temp.name) / str(len(self.bridges)), {'scenario': scenario.encode()},
                    selection={'policy': WORKSPACE_POLICY, 'image': IMAGE, 'toolchain': None},
                    verifier={'script': 'protected', 'checks': {'exit_code': 0}, 'seconds': 1}, **kwargs)
  File "/Users/robertguss/Projects/startups/mo-lang-worktrees/harness-workspace-http-v1/toolchain/harness/executor/workspace_http/bridge.py", line 34, in __init__
    validate_checks(verifier['checks'])
    ~~~~~~~~~~~~~~~^^^^^^^^^^^^^^^^^^^^
  File "/Users/robertguss/Projects/startups/mo-lang-worktrees/harness-workspace-http-v1/toolchain/harness/executor/adapter.py", line 33, in validate_checks
    raise ValueError('a nonempty external check inventory is required')
ValueError: a nonempty external check inventory is required

======================================================================
ERROR: test_owner_death (__main__.Controls.test_owner_death)
----------------------------------------------------------------------
Traceback (most recent call last):
  File "/Users/robertguss/Projects/startups/mo-lang-worktrees/harness-workspace-http-v1/toolchain/harness/executor/workspace_http/local.py", line 224, in test_owner_death
    b=self.bridge()
  File "/Users/robertguss/Projects/startups/mo-lang-worktrees/harness-workspace-http-v1/toolchain/harness/executor/workspace_http/local.py", line 41, in bridge
    bridge = Bridge('run-1', Path(self.temp.name) / str(len(self.bridges)), {'scenario': scenario.encode()},
                    selection={'policy': WORKSPACE_POLICY, 'image': IMAGE, 'toolchain': None},
                    verifier={'script': 'protected', 'checks': {'exit_code': 0}, 'seconds': 1}, **kwargs)
  File "/Users/robertguss/Projects/startups/mo-lang-worktrees/harness-workspace-http-v1/toolchain/harness/executor/workspace_http/bridge.py", line 34, in __init__
    validate_checks(verifier['checks'])
    ~~~~~~~~~~~~~~~^^^^^^^^^^^^^^^^^^^^
  File "/Users/robertguss/Projects/startups/mo-lang-worktrees/harness-workspace-http-v1/toolchain/harness/executor/adapter.py", line 33, in validate_checks
    raise ValueError('a nonempty external check inventory is required')
ValueError: a nonempty external check inventory is required

======================================================================
ERROR: test_lost_response (__main__.Controls.test_lost_response)
----------------------------------------------------------------------
Traceback (most recent call last):
  File "/Users/robertguss/Projects/startups/mo-lang-worktrees/harness-workspace-http-v1/toolchain/harness/executor/workspace_http/local.py", line 234, in test_lost_response
    b=self.bridge()
  File "/Users/robertguss/Projects/startups/mo-lang-worktrees/harness-workspace-http-v1/toolchain/harness/executor/workspace_http/local.py", line 41, in bridge
    bridge = Bridge('run-1', Path(self.temp.name) / str(len(self.bridges)), {'scenario': scenario.encode()},
                    selection={'policy': WORKSPACE_POLICY, 'image': IMAGE, 'toolchain': None},
                    verifier={'script': 'protected', 'checks': {'exit_code': 0}, 'seconds': 1}, **kwargs)
  File "/Users/robertguss/Projects/startups/mo-lang-worktrees/harness-workspace-http-v1/toolchain/harness/executor/workspace_http/bridge.py", line 34, in __init__
    validate_checks(verifier['checks'])
    ~~~~~~~~~~~~~~~^^^^^^^^^^^^^^^^^^^^
  File "/Users/robertguss/Projects/startups/mo-lang-worktrees/harness-workspace-http-v1/toolchain/harness/executor/adapter.py", line 33, in validate_checks
    raise ValueError('a nonempty external check inventory is required')
ValueError: a nonempty external check inventory is required

======================================================================
ERROR: test_owner_stall (__main__.Controls.test_owner_stall)
----------------------------------------------------------------------
Traceback (most recent call last):
  File "/Users/robertguss/Projects/startups/mo-lang-worktrees/harness-workspace-http-v1/toolchain/harness/executor/workspace_http/local.py", line 243, in test_owner_stall
    b=self.bridge('stall')
  File "/Users/robertguss/Projects/startups/mo-lang-worktrees/harness-workspace-http-v1/toolchain/harness/executor/workspace_http/local.py", line 41, in bridge
    bridge = Bridge('run-1', Path(self.temp.name) / str(len(self.bridges)), {'scenario': scenario.encode()},
                    selection={'policy': WORKSPACE_POLICY, 'image': IMAGE, 'toolchain': None},
                    verifier={'script': 'protected', 'checks': {'exit_code': 0}, 'seconds': 1}, **kwargs)
  File "/Users/robertguss/Projects/startups/mo-lang-worktrees/harness-workspace-http-v1/toolchain/harness/executor/workspace_http/bridge.py", line 34, in __init__
    validate_checks(verifier['checks'])
    ~~~~~~~~~~~~~~~^^^^^^^^^^^^^^^^^^^^
  File "/Users/robertguss/Projects/startups/mo-lang-worktrees/harness-workspace-http-v1/toolchain/harness/executor/adapter.py", line 33, in validate_checks
    raise ValueError('a nonempty external check inventory is required')
ValueError: a nonempty external check inventory is required

======================================================================
ERROR: test_startup_failure (__main__.Controls.test_startup_failure)
----------------------------------------------------------------------
Traceback (most recent call last):
  File "/Users/robertguss/Projects/startups/mo-lang-worktrees/harness-workspace-http-v1/toolchain/harness/executor/workspace_http/local.py", line 252, in test_startup_failure
    with self.assertRaises(EOFError):self.bridge('startup-failure')
                                     ~~~~~~~~~~~^^^^^^^^^^^^^^^^^^^
  File "/Users/robertguss/Projects/startups/mo-lang-worktrees/harness-workspace-http-v1/toolchain/harness/executor/workspace_http/local.py", line 41, in bridge
    bridge = Bridge('run-1', Path(self.temp.name) / str(len(self.bridges)), {'scenario': scenario.encode()},
                    selection={'policy': WORKSPACE_POLICY, 'image': IMAGE, 'toolchain': None},
                    verifier={'script': 'protected', 'checks': {'exit_code': 0}, 'seconds': 1}, **kwargs)
  File "/Users/robertguss/Projects/startups/mo-lang-worktrees/harness-workspace-http-v1/toolchain/harness/executor/workspace_http/bridge.py", line 34, in __init__
    validate_checks(verifier['checks'])
    ~~~~~~~~~~~~~~~^^^^^^^^^^^^^^^^^^^^
  File "/Users/robertguss/Projects/startups/mo-lang-worktrees/harness-workspace-http-v1/toolchain/harness/executor/adapter.py", line 33, in validate_checks
    raise ValueError('a nonempty external check inventory is required')
ValueError: a nonempty external check inventory is required

======================================================================
ERROR: test_shutdown (__main__.Controls.test_shutdown)
----------------------------------------------------------------------
Traceback (most recent call last):
  File "/Users/robertguss/Projects/startups/mo-lang-worktrees/harness-workspace-http-v1/toolchain/harness/executor/workspace_http/local.py", line 258, in test_shutdown
    b=self.bridge();self.assertTrue(b.close());self.assertIsNotNone(b.process.poll())
  File "/Users/robertguss/Projects/startups/mo-lang-worktrees/harness-workspace-http-v1/toolchain/harness/executor/workspace_http/local.py", line 41, in bridge
    bridge = Bridge('run-1', Path(self.temp.name) / str(len(self.bridges)), {'scenario': scenario.encode()},
                    selection={'policy': WORKSPACE_POLICY, 'image': IMAGE, 'toolchain': None},
                    verifier={'script': 'protected', 'checks': {'exit_code': 0}, 'seconds': 1}, **kwargs)
  File "/Users/robertguss/Projects/startups/mo-lang-worktrees/harness-workspace-http-v1/toolchain/harness/executor/workspace_http/bridge.py", line 34, in __init__
    validate_checks(verifier['checks'])
    ~~~~~~~~~~~~~~~^^^^^^^^^^^^^^^^^^^^
  File "/Users/robertguss/Projects/startups/mo-lang-worktrees/harness-workspace-http-v1/toolchain/harness/executor/adapter.py", line 33, in validate_checks
    raise ValueError('a nonempty external check inventory is required')
ValueError: a nonempty external check inventory is required

======================================================================
ERROR: test_protected_verifier (__main__.Controls.test_protected_verifier)
----------------------------------------------------------------------
Traceback (most recent call last):
  File "/Users/robertguss/Projects/startups/mo-lang-worktrees/harness-workspace-http-v1/toolchain/harness/executor/workspace_http/local.py", line 262, in test_protected_verifier
    b=self.bridge();self.assertEqual(b.freeze()['snapshot'],'test-only')
  File "/Users/robertguss/Projects/startups/mo-lang-worktrees/harness-workspace-http-v1/toolchain/harness/executor/workspace_http/local.py", line 41, in bridge
    bridge = Bridge('run-1', Path(self.temp.name) / str(len(self.bridges)), {'scenario': scenario.encode()},
                    selection={'policy': WORKSPACE_POLICY, 'image': IMAGE, 'toolchain': None},
                    verifier={'script': 'protected', 'checks': {'exit_code': 0}, 'seconds': 1}, **kwargs)
  File "/Users/robertguss/Projects/startups/mo-lang-worktrees/harness-workspace-http-v1/toolchain/harness/executor/workspace_http/bridge.py", line 34, in __init__
    validate_checks(verifier['checks'])
    ~~~~~~~~~~~~~~~^^^^^^^^^^^^^^^^^^^^
  File "/Users/robertguss/Projects/startups/mo-lang-worktrees/harness-workspace-http-v1/toolchain/harness/executor/adapter.py", line 33, in validate_checks
    raise ValueError('a nonempty external check inventory is required')
ValueError: a nonempty external check inventory is required

======================================================================
ERROR: test_application_binding (__main__.Controls.test_application_binding)
----------------------------------------------------------------------
Traceback (most recent call last):
  File "/Users/robertguss/Projects/startups/mo-lang-worktrees/harness-workspace-http-v1/toolchain/harness/executor/workspace_http/local.py", line 267, in test_application_binding
    b=self.bridge()
  File "/Users/robertguss/Projects/startups/mo-lang-worktrees/harness-workspace-http-v1/toolchain/harness/executor/workspace_http/local.py", line 41, in bridge
    bridge = Bridge('run-1', Path(self.temp.name) / str(len(self.bridges)), {'scenario': scenario.encode()},
                    selection={'policy': WORKSPACE_POLICY, 'image': IMAGE, 'toolchain': None},
                    verifier={'script': 'protected', 'checks': {'exit_code': 0}, 'seconds': 1}, **kwargs)
  File "/Users/robertguss/Projects/startups/mo-lang-worktrees/harness-workspace-http-v1/toolchain/harness/executor/workspace_http/bridge.py", line 34, in __init__
    validate_checks(verifier['checks'])
    ~~~~~~~~~~~~~~~^^^^^^^^^^^^^^^^^^^^
  File "/Users/robertguss/Projects/startups/mo-lang-worktrees/harness-workspace-http-v1/toolchain/harness/executor/adapter.py", line 33, in validate_checks
    raise ValueError('a nonempty external check inventory is required')
ValueError: a nonempty external check inventory is required

======================================================================
ERROR: test_cleanup_outcome (__main__.Controls.test_cleanup_outcome)
----------------------------------------------------------------------
Traceback (most recent call last):
  File "/Users/robertguss/Projects/startups/mo-lang-worktrees/harness-workspace-http-v1/toolchain/harness/executor/workspace_http/local.py", line 273, in test_cleanup_outcome
    b=self.bridge();self.call(b,operation='command',args={'command':'timeout','timeout_ms':500})
  File "/Users/robertguss/Projects/startups/mo-lang-worktrees/harness-workspace-http-v1/toolchain/harness/executor/workspace_http/local.py", line 41, in bridge
    bridge = Bridge('run-1', Path(self.temp.name) / str(len(self.bridges)), {'scenario': scenario.encode()},
                    selection={'policy': WORKSPACE_POLICY, 'image': IMAGE, 'toolchain': None},
                    verifier={'script': 'protected', 'checks': {'exit_code': 0}, 'seconds': 1}, **kwargs)
  File "/Users/robertguss/Projects/startups/mo-lang-worktrees/harness-workspace-http-v1/toolchain/harness/executor/workspace_http/bridge.py", line 34, in __init__
    validate_checks(verifier['checks'])
    ~~~~~~~~~~~~~~~^^^^^^^^^^^^^^^^^^^^
  File "/Users/robertguss/Projects/startups/mo-lang-worktrees/harness-workspace-http-v1/toolchain/harness/executor/adapter.py", line 33, in validate_checks
    raise ValueError('a nonempty external check inventory is required')
ValueError: a nonempty external check inventory is required

======================================================================
ERROR: test_journal_order_bound (__main__.Controls.test_journal_order_bound)
----------------------------------------------------------------------
Traceback (most recent call last):
  File "/Users/robertguss/Projects/startups/mo-lang-worktrees/harness-workspace-http-v1/toolchain/harness/executor/workspace_http/local.py", line 287, in test_journal_order_bound
    b=self.bridge()
  File "/Users/robertguss/Projects/startups/mo-lang-worktrees/harness-workspace-http-v1/toolchain/harness/executor/workspace_http/local.py", line 41, in bridge
    bridge = Bridge('run-1', Path(self.temp.name) / str(len(self.bridges)), {'scenario': scenario.encode()},
                    selection={'policy': WORKSPACE_POLICY, 'image': IMAGE, 'toolchain': None},
                    verifier={'script': 'protected', 'checks': {'exit_code': 0}, 'seconds': 1}, **kwargs)
  File "/Users/robertguss/Projects/startups/mo-lang-worktrees/harness-workspace-http-v1/toolchain/harness/executor/workspace_http/bridge.py", line 34, in __init__
    validate_checks(verifier['checks'])
    ~~~~~~~~~~~~~~~^^^^^^^^^^^^^^^^^^^^
  File "/Users/robertguss/Projects/startups/mo-lang-worktrees/harness-workspace-http-v1/toolchain/harness/executor/adapter.py", line 33, in validate_checks
    raise ValueError('a nonempty external check inventory is required')
ValueError: a nonempty external check inventory is required

======================================================================
FAIL: test_frontend_death (__main__.Controls.test_frontend_death)
----------------------------------------------------------------------
Traceback (most recent call last):
  File "/Users/robertguss/Projects/startups/mo-lang-worktrees/harness-workspace-http-v1/toolchain/harness/executor/workspace_http/local.py", line 210, in test_frontend_death
    if time.monotonic()>deadline:self.fail('frontend startup')
                                 ~~~~~~~~~^^^^^^^^^^^^^^^^^^^^
AssertionError: frontend startup

----------------------------------------------------------------------
Ran 22 tests in 5.029s

FAILED (failures=1, errors=20)
