test
+- run test 1 pass, 1 fail (2 total)
error: 'corpus.test.corpus: a fatal alert where a hello belongs is Handshake and a reset mid-hello is Closed, under mo run and in a binary, and the server takes the next connection' failed:
       ====== expected this output: =========
       Handshake
       Closed
       Handshake
       Closed
       Handshake
       ␃
       
       ======== instead found this: =========
       Handshake
       Closed
       Handshake
       Handshake
       Closed
       ␃
       
       ======================================
       First difference occurs on line 4:
       expected:
       Closed
       ^ ('\x43')
       found:
       Handshake
       ^ ('\x48')
       /opt/homebrew/Cellar/zig/0.16.0_1/lib/zig/std/testing.zig:682:9: 0x104b41f37 in expectEqualStrings (test)
               return error.TestExpectedEqual;
               ^
       /Users/robertguss/Projects/startups/mo-lang/toolchain/src/corpus.zig:1243:9: 0x104b43b33 in test.corpus: a fatal alert where a hello belongs is Handshake and a reset mid-hello is Closed, under mo run and in a binary, and the server takes the next connection (test)
               try std.testing.expectEqualStrings("Handshake\nClosed\nHandshake\nClosed\nHandshake\n", said);
               ^
failed command: MO_EXE=/Users/robertguss/Projects/startups/mo-lang/toolchain/zig-out/bin/mo ./.zig-cache/o/cc8befe27da775322561cf294b65b2d3/test --cache-dir=./.zig-cache --seed=0xbe1f56ad --listen=-

Build Summary: 3/5 steps succeeded (1 failed); 1/2 tests passed (1 failed)
test transitive failure
+- run test 1 pass, 1 fail (2 total)
   +- compile test Debug native cached 48ms MaxRSS:35M
   +- install mo cached
      +- compile exe mo ReleaseSafe native cached 49ms MaxRSS:35M

error: the following build command failed with exit code 1:
.zig-cache/o/03ae733854564e8804c8e7cb3798e788/build /opt/homebrew/Cellar/zig/0.16.0_1/bin/zig /opt/homebrew/Cellar/zig/0.16.0_1/lib/zig /Users/robertguss/Projects/startups/mo-lang/toolchain .zig-cache /Users/robertguss/.cache/zig --seed 0xbe1f56ad -Zd419f073e4d97596 test --summary all -Dtest-filter=a fatal alert where a hello belongs
