test_lost_reserve_retains_unbound_identity (__main__.Ownership.test_lost_reserve_retains_unbound_identity) ... ERROR
test_receipt_precedes_create (__main__.Ownership.test_receipt_precedes_create) ... ERROR

======================================================================
ERROR: test_lost_reserve_retains_unbound_identity (__main__.Ownership.test_lost_reserve_retains_unbound_identity)
----------------------------------------------------------------------
Traceback (most recent call last):
  File "/Users/robertguss/Projects/startups/mo-lang-worktrees/harness-workspace-recovery-v1/toolchain/harness/executor/recovery/test_recovery.py", line 27, in test_lost_reserve_retains_unbound_identity
    receipt = json.loads((ws.directory / 'ownership.json').read_text())
                         ~~~~~~~~~~~~~~~~~~~~~~~~~~~~~~~~~~~~~~~~~~~^^
  File "/opt/homebrew/Cellar/python@3.14/3.14.7/Frameworks/Python.framework/Versions/3.14/lib/python3.14/pathlib/__init__.py", line 787, in read_text
    with self.open(mode='r', encoding=encoding, errors=errors, newline=newline) as f:
         ~~~~~~~~~^^^^^^^^^^^^^^^^^^^^^^^^^^^^^^^^^^^^^^^^^^^^^^^^^^^^^^^^^^^^^
  File "/opt/homebrew/Cellar/python@3.14/3.14.7/Frameworks/Python.framework/Versions/3.14/lib/python3.14/pathlib/__init__.py", line 771, in open
    return io.open(self, mode, buffering, encoding, errors, newline)
           ~~~~~~~^^^^^^^^^^^^^^^^^^^^^^^^^^^^^^^^^^^^^^^^^^^^^^^^^^
FileNotFoundError: [Errno 2] No such file or directory: '/var/folders/f8/ft7ygqg92pj8qh0rwplbw2x80000gn/T/tmppmm3gacj/workspace/ownership.json'

======================================================================
ERROR: test_receipt_precedes_create (__main__.Ownership.test_receipt_precedes_create)
----------------------------------------------------------------------
Traceback (most recent call last):
  File "/Users/robertguss/Projects/startups/mo-lang-worktrees/harness-workspace-recovery-v1/toolchain/harness/executor/recovery/test_recovery.py", line 17, in test_receipt_precedes_create
    receipt = json.loads((ws.directory / 'ownership.json').read_text())
                         ~~~~~~~~~~~~~~~~~~~~~~~~~~~~~~~~~~~~~~~~~~~^^
  File "/opt/homebrew/Cellar/python@3.14/3.14.7/Frameworks/Python.framework/Versions/3.14/lib/python3.14/pathlib/__init__.py", line 787, in read_text
    with self.open(mode='r', encoding=encoding, errors=errors, newline=newline) as f:
         ~~~~~~~~~^^^^^^^^^^^^^^^^^^^^^^^^^^^^^^^^^^^^^^^^^^^^^^^^^^^^^^^^^^^^^
  File "/opt/homebrew/Cellar/python@3.14/3.14.7/Frameworks/Python.framework/Versions/3.14/lib/python3.14/pathlib/__init__.py", line 771, in open
    return io.open(self, mode, buffering, encoding, errors, newline)
           ~~~~~~~^^^^^^^^^^^^^^^^^^^^^^^^^^^^^^^^^^^^^^^^^^^^^^^^^^
FileNotFoundError: [Errno 2] No such file or directory: '/var/folders/f8/ft7ygqg92pj8qh0rwplbw2x80000gn/T/tmps21ix54s/workspace/ownership.json'

----------------------------------------------------------------------
Ran 2 tests in 0.002s

FAILED (errors=2)
