PASS device_success
PASS device_pending
PASS device_denial
PASS device_expiry
PASS abort_before
PASS abort_transport
PASS response_bounds
PASS store_bounds
PASS malformed_credential
PASS interaction_validation
PASS egress_rejection
PASS valid_resolution
PASS expired_refresh
PASS concurrent_refresh
PASS modify_unchanged
PASS logout
PASS login_logout_overlap
PASS newer_login_overlap
PASS late_success
PASS cross_process_lock
PASS killed_holder
PASS atomic_failure
PASS unsafe_directory
PASS unsafe_file
PASS unsafe_links
PASS unknown_version
PASS cli_sanitized
PASS secret_canaries
{"controls":[{"name":"device_success","pass":true,"requests":3,"elapsedMs":5},{"name":"device_pending","pass":true,"requests":4,"elapsedMs":1011},{"name":"device_denial","pass":true,"requests":2,"elapsedMs":7},{"name":"device_expiry","pass":true,"requests":4,"elapsedMs":48},{"name":"abort_before","pass":true,"requests":0,"elapsedMs":0},{"name":"abort_transport","pass":true,"requests":1,"elapsedMs":4},{"name":"response_bounds","pass":true,"requests":3,"elapsedMs":10058},{"name":"store_bounds","pass":true,"requests":0,"elapsedMs":9},{"name":"malformed_credential","pass":true,"requests":0,"elapsedMs":13},{"name":"interaction_validation","pass":true,"requests":0,"elapsedMs":0},{"name":"egress_rejection","pass":true,"requests":1,"elapsedMs":3},{"name":"valid_resolution","pass":true,"requests":0,"elapsedMs":4},{"name":"expired_refresh","pass":true,"requests":1,"elapsedMs":7},{"name":"concurrent_refresh","pass":true,"requests":2,"elapsedMs":54},{"name":"modify_unchanged","pass":true,"requests":0,"elapsedMs":32},{"name":"logout","pass":true,"requests":0,"elapsedMs":6},{"name":"login_logout_overlap","pass":true,"requests":3,"elapsedMs":3},{"name":"newer_login_overlap","pass":true,"requests":6,"elapsedMs":3},{"name":"late_success","pass":true,"requests":1,"elapsedMs":34},{"name":"cross_process_lock","pass":true,"requests":0,"elapsedMs":142},{"name":"killed_holder","pass":true,"requests":0,"elapsedMs":5122},{"name":"atomic_failure","pass":true,"requests":1,"elapsedMs":9},{"name":"unsafe_directory","pass":true,"requests":0,"elapsedMs":1},{"name":"unsafe_file","pass":true,"requests":0,"elapsedMs":4},{"name":"unsafe_links","pass":true,"requests":0,"elapsedMs":6},{"name":"unknown_version","pass":true,"requests":0,"elapsedMs":5},{"name":"cli_sanitized","pass":true,"requests":0,"elapsedMs":130},{"name":"secret_canaries","pass":true,"requests":2,"elapsedMs":2}],"passed":28,"total":28,"requests":[{"path":"/api/accounts/deviceauth/usercode","method":"POST"},{"path":"/api/accounts/deviceauth/token","method":"POST"},{"path":"/oauth/token","method":"POST"},{"path":"/api/accounts/deviceauth/usercode","method":"POST"},{"path":"/api/accounts/deviceauth/token","method":"POST"},{"path":"/api/accounts/deviceauth/token","method":"POST"},{"path":"/oauth/token","method":"POST"},{"path":"/api/accounts/deviceauth/usercode","method":"POST"},{"path":"/api/accounts/deviceauth/token","method":"POST"},{"path":"/api/accounts/deviceauth/usercode","method":"POST"},{"path":"/api/accounts/deviceauth/token","method":"POST"},{"path":"/api/accounts/deviceauth/usercode","method":"POST"},{"path":"/api/accounts/deviceauth/token","method":"POST"},{"path":"/api/accounts/deviceauth/usercode","method":"POST"},{"path":"/api/accounts/deviceauth/usercode","method":"POST"},{"path":"/api/accounts/deviceauth/usercode","method":"POST"},{"path":"/api/accounts/deviceauth/usercode","method":"POST"},{"path":"/api/accounts/deviceauth/usercode","method":"POST"},{"path":"/oauth/token","method":"POST"},{"path":"/oauth/token","method":"POST"},{"path":"/oauth/token","method":"POST"},{"path":"/api/accounts/deviceauth/usercode","method":"POST"},{"path":"/api/accounts/deviceauth/token","method":"POST"},{"path":"/oauth/token","method":"POST"},{"path":"/api/accounts/deviceauth/usercode","method":"POST"},{"path":"/api/accounts/deviceauth/usercode","method":"POST"},{"path":"/api/accounts/deviceauth/token","method":"POST"},{"path":"/oauth/token","method":"POST"},{"path":"/api/accounts/deviceauth/token","method":"POST"},{"path":"/oauth/token","method":"POST"},{"path":"/api/accounts/deviceauth/usercode","method":"POST"},{"path":"/oauth/token","method":"POST"},{"path":"/api/accounts/deviceauth/usercode","method":"POST"},{"path":"/api/accounts/deviceauth/usercode","method":"POST"}],"ordering":["refresh-entered","logout-queued","refresh-persisted","logout-finished","login-polling","logout-invalidated","old-login-conflict","old-login-polling","new-login-committed","old-login-rejected"],"denied":4,"fixtureListeners":0,"children":0,"tempRemoved":true}
