object=/home/user/workspace/verify-memory-69dc6df1-large-restart/.mo-cache-asan-native-fresh/.bricks/387ff2aebe517146/crypto.o
6ffa895a5d0cf5b228e35732fbb52325df2a68214cdd7f64ec5a5eb8451b7a41  /home/user/workspace/verify-memory-69dc6df1-large-restart/.mo-cache-asan-native-fresh/.bricks/387ff2aebe517146/crypto.o
mode=644 size=501048 uid=1000 gid=1000 mtime=2026-09-21 11:50:38.210647404 +0000
/home/user/workspace/verify-memory-69dc6df1-large-restart/.mo-cache-asan-native-fresh/.bricks/387ff2aebe517146/crypto.o: ELF 64-bit LSB relocatable, x86-64, version 1 (SYSV), not stripped
--- ELF header ---
ELF Header:
  Magic:   7f 45 4c 46 02 01 01 00 00 00 00 00 00 00 00 00 
  Class:                             ELF64
  Data:                              2's complement, little endian
  Version:                           1 (current)
  OS/ABI:                            UNIX - System V
  ABI Version:                       0
  Type:                              REL (Relocatable file)
  Machine:                           Advanced Micro Devices X86-64
  Version:                           0x1
  Entry point address:               0x0
  Start of program headers:          0 (bytes into file)
  Start of section headers:          499640 (bytes into file)
  Flags:                             0x0
  Size of this header:               64 (bytes)
  Size of program headers:           0 (bytes)
  Number of program headers:         0
  Size of section headers:           64 (bytes)
  Number of section headers:         22
  Section header string table index: 20
--- R_X86_64_32 relocations (first 40) ---
00000000000010da  0000010f0000000a R_X86_64_32            0000000000000000 .rodata.str1.1 + 2a
0000000000001293  000001050000000b R_X86_64_32S           0000000000000000 .rodata + 40
000000000000129a  0000010f0000000b R_X86_64_32S           0000000000000000 .rodata.str1.1 + f0
000000000000133f  0000010f0000000b R_X86_64_32S           0000000000000000 .rodata.str1.1 + 64
0000000000001367  0000010f0000000b R_X86_64_32S           0000000000000000 .rodata.str1.1 + 193
000000000000158f  0000010f0000000b R_X86_64_32S           0000000000000000 .rodata.str1.1 + b7
0000000000001752  0000010f0000000a R_X86_64_32            0000000000000000 .rodata.str1.1 + 19a
0000000000001909  000001050000000a R_X86_64_32            0000000000000000 .rodata + 90b0
00000000000027ec  000001050000000a R_X86_64_32            0000000000000000 .rodata + 90b0
0000000000002c96  000001050000000a R_X86_64_32            0000000000000000 .rodata + 90b0
0000000000004cc8  000001050000000b R_X86_64_32S           0000000000000000 .rodata + 91c0
0000000000004cdd  000001050000000b R_X86_64_32S           0000000000000000 .rodata + 91c0
0000000000004cf3  000001050000000b R_X86_64_32S           0000000000000000 .rodata + 91c0
0000000000004d09  000001050000000b R_X86_64_32S           0000000000000000 .rodata + 91c0
0000000000004d1f  000001050000000b R_X86_64_32S           0000000000000000 .rodata + 91c0
0000000000004d35  000001050000000b R_X86_64_32S           0000000000000000 .rodata + 91c0
0000000000004d4a  000001050000000b R_X86_64_32S           0000000000000000 .rodata + 91c0
0000000000004d5f  000001050000000b R_X86_64_32S           0000000000000000 .rodata + 91c0
0000000000004d74  000001050000000b R_X86_64_32S           0000000000000000 .rodata + 91c0
0000000000004d89  000001050000000b R_X86_64_32S           0000000000000000 .rodata + 91c0
0000000000004d9f  000001050000000b R_X86_64_32S           0000000000000000 .rodata + 91c0
0000000000004db7  000001050000000b R_X86_64_32S           0000000000000000 .rodata + 91c0
0000000000004dcf  000001050000000b R_X86_64_32S           0000000000000000 .rodata + 91c0
0000000000004de7  000001050000000b R_X86_64_32S           0000000000000000 .rodata + 91c0
0000000000004dff  000001050000000b R_X86_64_32S           0000000000000000 .rodata + 91c0
0000000000004e14  000001050000000b R_X86_64_32S           0000000000000000 .rodata + 91c0
0000000000004e72  000001050000000b R_X86_64_32S           0000000000000000 .rodata + 91c0
0000000000004e89  000001050000000b R_X86_64_32S           0000000000000000 .rodata + 91c0
0000000000004ea1  000001050000000b R_X86_64_32S           0000000000000000 .rodata + 91c0
0000000000004eb6  000001050000000b R_X86_64_32S           0000000000000000 .rodata + 91c0
0000000000004eec  000001050000000b R_X86_64_32S           0000000000000000 .rodata + 91c0
0000000000004f11  000001050000000b R_X86_64_32S           0000000000000000 .rodata + 91c0
0000000000004f34  000001050000000b R_X86_64_32S           0000000000000000 .rodata + 91c0
0000000000004f49  000001050000000b R_X86_64_32S           0000000000000000 .rodata + 91c0
0000000000004f85  000001050000000b R_X86_64_32S           0000000000000000 .rodata + 91c0
0000000000004faa  000001050000000b R_X86_64_32S           0000000000000000 .rodata + 91c0
0000000000004fc0  000001050000000b R_X86_64_32S           0000000000000000 .rodata + 91c0
0000000000004fec  000001050000000b R_X86_64_32S           0000000000000000 .rodata + 91c0
0000000000005003  000001050000000b R_X86_64_32S           0000000000000000 .rodata + 91c0
0000000000005038  000001050000000b R_X86_64_32S           0000000000000000 .rodata + 9220
relocation_count=423
