capture sizes:
.amp/transfer/69dc6df1-real-large-restart/capture-0a0de7f7-normal/_548VJ_lAvgucH_H/expected.stderr	90006894 bytes
.amp/transfer/69dc6df1-real-large-restart/capture-0a0de7f7-normal/_548VJ_lAvgucH_H/interpreter.comparison	260 bytes
.amp/transfer/69dc6df1-real-large-restart/capture-0a0de7f7-normal/_548VJ_lAvgucH_H/interpreter.meta	1212 bytes
.amp/transfer/69dc6df1-real-large-restart/capture-0a0de7f7-normal/_548VJ_lAvgucH_H/interpreter.stderr	90006894 bytes
.amp/transfer/69dc6df1-real-large-restart/capture-0a0de7f7-normal/_548VJ_lAvgucH_H/interpreter.stdout	102 bytes
.amp/transfer/69dc6df1-real-large-restart/capture-0a0de7f7-normal/_548VJ_lAvgucH_H/native.comparison	260 bytes
.amp/transfer/69dc6df1-real-large-restart/capture-0a0de7f7-normal/_548VJ_lAvgucH_H/native.meta	1409 bytes
.amp/transfer/69dc6df1-real-large-restart/capture-0a0de7f7-normal/_548VJ_lAvgucH_H/native.stderr	90006894 bytes
.amp/transfer/69dc6df1-real-large-restart/capture-0a0de7f7-normal/_548VJ_lAvgucH_H/native.stdout	101 bytes
capture hashes:
a879d3cf18a5c5544d1d4d348ff627647b8c8d09f160bcb6118f894eced19c28  .amp/transfer/69dc6df1-real-large-restart/capture-0a0de7f7-normal/_548VJ_lAvgucH_H/expected.stderr
3eeab7083623d9d288409e30d240570c3051ce72ae529d6756295d6b51f80dc1  .amp/transfer/69dc6df1-real-large-restart/capture-0a0de7f7-normal/_548VJ_lAvgucH_H/interpreter.comparison
679c2bb3582db6d3f971af5c12e5c5af860017ce5bed9f5c0bff57750e5f88b5  .amp/transfer/69dc6df1-real-large-restart/capture-0a0de7f7-normal/_548VJ_lAvgucH_H/interpreter.meta
a879d3cf18a5c5544d1d4d348ff627647b8c8d09f160bcb6118f894eced19c28  .amp/transfer/69dc6df1-real-large-restart/capture-0a0de7f7-normal/_548VJ_lAvgucH_H/interpreter.stderr
7d90e39e089911a78af5317b16f6acb2cb49a67ce7f845502b2ad3c5322fce85  .amp/transfer/69dc6df1-real-large-restart/capture-0a0de7f7-normal/_548VJ_lAvgucH_H/interpreter.stdout
3eeab7083623d9d288409e30d240570c3051ce72ae529d6756295d6b51f80dc1  .amp/transfer/69dc6df1-real-large-restart/capture-0a0de7f7-normal/_548VJ_lAvgucH_H/native.comparison
f010f7ff9f0e3093a2da05c1c259014eaf85be112a39f420b503b708fe0dda74  .amp/transfer/69dc6df1-real-large-restart/capture-0a0de7f7-normal/_548VJ_lAvgucH_H/native.meta
a879d3cf18a5c5544d1d4d348ff627647b8c8d09f160bcb6118f894eced19c28  .amp/transfer/69dc6df1-real-large-restart/capture-0a0de7f7-normal/_548VJ_lAvgucH_H/native.stderr
b63cb25eee73f93e825f8d1b090e45baaa68bd2d295687980b775081188296ee  .amp/transfer/69dc6df1-real-large-restart/capture-0a0de7f7-normal/_548VJ_lAvgucH_H/native.stdout
byte counts:
 90006894 .amp/transfer/69dc6df1-real-large-restart/capture-0a0de7f7-normal/_548VJ_lAvgucH_H/expected.stderr
      260 .amp/transfer/69dc6df1-real-large-restart/capture-0a0de7f7-normal/_548VJ_lAvgucH_H/interpreter.comparison
     1212 .amp/transfer/69dc6df1-real-large-restart/capture-0a0de7f7-normal/_548VJ_lAvgucH_H/interpreter.meta
 90006894 .amp/transfer/69dc6df1-real-large-restart/capture-0a0de7f7-normal/_548VJ_lAvgucH_H/interpreter.stderr
      102 .amp/transfer/69dc6df1-real-large-restart/capture-0a0de7f7-normal/_548VJ_lAvgucH_H/interpreter.stdout
      260 .amp/transfer/69dc6df1-real-large-restart/capture-0a0de7f7-normal/_548VJ_lAvgucH_H/native.comparison
     1409 .amp/transfer/69dc6df1-real-large-restart/capture-0a0de7f7-normal/_548VJ_lAvgucH_H/native.meta
 90006894 .amp/transfer/69dc6df1-real-large-restart/capture-0a0de7f7-normal/_548VJ_lAvgucH_H/native.stderr
      101 .amp/transfer/69dc6df1-real-large-restart/capture-0a0de7f7-normal/_548VJ_lAvgucH_H/native.stdout
270024026 total
report counts:
expected=25
interpreter=25
native=25
EOF bytes:
expected.stderr= 0a
interpreter.stderr= 0a
native.stderr= 0a
expected_interpreter_cmp=0
expected_native_cmp=0
interpreter metadata:
cwd=.zig-cache/tmp/_548VJ_lAvgucH_H
argv={ { 47, 104, 111, 109, 101, 47, 117, 115, 101, 114, 47, 119, 111, 114, 107, 115, 112, 97, 99, 101, 47, 118, 101, 114, 105, 102, 121, 45, 109, 101, 109, 111, 114, 121, 45, 54, 57, 100, 99, 54, 100, 102, 49, 45, 108, 97, 114, 103, 101, 45, 114, 101, 115, 116, 97, 114, 116, 47, 116, 111, 111, 108, 99, 104, 97, 105, 110, 47, 122, 105, 103, 45, 111, 117, 116, 47, 98, 105, 110, 47, 109, 111 }, { 114, 117, 110 }, { 108, 101, 97, 107, 46, 109, 111 } }
stdout-path=/home/user/workspace/repo/.amp/transfer/69dc6df1-real-large-restart/capture-0a0de7f7-normal/_548VJ_lAvgucH_H/interpreter.stdout
stderr-path=/home/user/workspace/repo/.amp/transfer/69dc6df1-real-large-restart/capture-0a0de7f7-normal/_548VJ_lAvgucH_H/interpreter.stderr
reason=completed
spawned-pid=245783
ownership=reaped
primary-error=null
observation-error=null
signal-error=null
reap-error=null
cleanup-error=null
stdout-stat-error=null
stderr-stat-error=null
term=.{ .exited = 0 }
poll-ms=100
timeout-s=300
cleanup-timeout-s=5
stdout-limit=4096
stderr-limit=106784110
sampled-stdout=0
sampled-stderr=86406617
final-stdout=102
final-stderr=90006894
overshoot-stdout=0
overshoot-stderr=0
elapsed-ns=2605024226
interpreter comparison:
expected-bytes=90006894
actual-bytes=90006894
expected-sha256=a879d3cf18a5c5544d1d4d348ff627647b8c8d09f160bcb6118f894eced19c28
actual-sha256=a879d3cf18a5c5544d1d4d348ff627647b8c8d09f160bcb6118f894eced19c28
first-mismatch=null
expected-context=
actual-context=
interpreter stdout:
25 restarts: 25; rss before 25350144; after 25415680; under 16 MiB more: true; delta up 0 MiB
kept: 1
native metadata:
cwd=.zig-cache/tmp/_548VJ_lAvgucH_H
argv={ { 47, 104, 111, 109, 101, 47, 117, 115, 101, 114, 47, 119, 111, 114, 107, 115, 112, 97, 99, 101, 47, 118, 101, 114, 105, 102, 121, 45, 109, 101, 109, 111, 114, 121, 45, 54, 57, 100, 99, 54, 100, 102, 49, 45, 108, 97, 114, 103, 101, 45, 114, 101, 115, 116, 97, 114, 116, 47, 116, 111, 111, 108, 99, 104, 97, 105, 110, 47, 46, 122, 105, 103, 45, 99, 97, 99, 104, 101, 47, 116, 109, 112, 47, 95, 53, 52, 56, 86, 74, 95, 108, 65, 118, 103, 117, 99, 72, 95, 72, 47, 122, 105, 103, 45, 111, 117, 116, 47, 109, 111, 45, 98, 117, 105, 108, 100, 47, 108, 101, 97, 107, 45, 115, 101, 114, 118, 101, 100, 47, 108, 101, 97, 107, 45, 115, 101, 114, 118, 101, 100 } }
stdout-path=/home/user/workspace/repo/.amp/transfer/69dc6df1-real-large-restart/capture-0a0de7f7-normal/_548VJ_lAvgucH_H/native.stdout
stderr-path=/home/user/workspace/repo/.amp/transfer/69dc6df1-real-large-restart/capture-0a0de7f7-normal/_548VJ_lAvgucH_H/native.stderr
reason=completed
spawned-pid=247113
ownership=reaped
primary-error=null
observation-error=null
signal-error=null
reap-error=null
cleanup-error=null
stdout-stat-error=null
stderr-stat-error=null
term=.{ .exited = 0 }
poll-ms=100
timeout-s=300
cleanup-timeout-s=5
stdout-limit=4096
stderr-limit=106784110
sampled-stdout=0
sampled-stderr=85766144
final-stdout=101
final-stderr=90006894
overshoot-stdout=0
overshoot-stderr=0
elapsed-ns=902776481
native comparison:
expected-bytes=90006894
actual-bytes=90006894
expected-sha256=a879d3cf18a5c5544d1d4d348ff627647b8c8d09f160bcb6118f894eced19c28
actual-sha256=a879d3cf18a5c5544d1d4d348ff627647b8c8d09f160bcb6118f894eced19c28
first-mismatch=null
expected-context=
actual-context=
native stdout:
25 restarts: 25; rss before 7835648; after 12161024; under 16 MiB more: true; delta up 4 MiB
kept: 1
