Cleanup: may take some time... OK
Starting test server at port 21079
[ready]: 10485
Testing unit/protocol
[ok]: Handle an empty query (42 ms)
[ok]: Negative multibulk length (41 ms)
[ok]: Out of range multibulk length (1 ms)
[ok]: Wrong multibulk payload header (0 ms)
[ok]: Negative multibulk payload length (0 ms)
[ok]: Out of range multibulk payload length (0 ms)
[ok]: Non-number multibulk payload length (1 ms)
[ok]: Multi bulk request not followed by bulk arguments (0 ms)
[ok]: Generic wrong number of args (0 ms)
[ok]: Unbalanced number of quotes (0 ms)
[ok]: Protocol desync regression test #1 (9 ms)
[ok]: Protocol desync regression test #2 (8 ms)
[ok]: Protocol desync regression test #3 (9 ms)
[ok]: raw protocol response (0 ms)
[ok]: raw protocol response - deferred (0 ms)
[ok]: raw protocol response - multiline (1 ms)
[ok]: RESP3 attributes (0 ms)
[ok]: RESP3 attributes readraw (0 ms)
[ok]: RESP3 attributes on RESP2 (0 ms)
[ok]: test big number parsing (0 ms)
[ok]: test bool parsing (0 ms)
[ok]: test verbatim str parsing (0 ms)
[ok]: test large number of args (5 ms)
[ok]: test argument rewriting - issue 9598 (1 ms)
[ok]: Regression for a crash with blocking ops and pipelining (0 ms)
[1/1 done]: unit/protocol (1 seconds)

                   The End

Execution time of different units:
  1 seconds - unit/protocol

\o/ All tests passed without errors!

Cleanup: may take some time... OK
