Cleanup: may take some time... OK
Starting test server at port 21079
[ready]: 10275
Testing unit/keyspace
[ok]: DEL against a single item (0 ms)
[ok]: Vararg DEL (0 ms)
[ok]: Untagged multi-key commands (0 ms)
[ok]: KEYS with pattern (0 ms)
[ok]: KEYS to get all keys (0 ms)
[ok]: DBSIZE (0 ms)
[ok]: DEL all keys (0 ms)
[ok]: DEL against expired key (1103 ms)
[ok]: EXISTS (0 ms)
[ok]: Zero length value in key. SET/GET/EXISTS (0 ms)
[ok]: Commands pipelining (0 ms)
[ok]: Non existing command (0 ms)
[ok]: RENAME basic usage (1 ms)
[ok]: RENAME source key should no longer exist (0 ms)
[ok]: RENAME against already existing key (0 ms)
[ok]: RENAMENX basic usage (0 ms)
[ok]: RENAMENX against already existing key (0 ms)
[ok]: RENAMENX against already existing key (2) (0 ms)
[ok]: RENAME against non existing source key (0 ms)
[ok]: RENAME where source and dest key are the same (existing) (0 ms)
[ok]: RENAMENX where source and dest key are the same (existing) (0 ms)
[ok]: RENAME where source and dest key are the same (non existing) (0 ms)
[ok]: RENAME with volatile key, should move the TTL as well (0 ms)
[ok]: RENAME with volatile key, should not inherit TTL of target key (0 ms)
[ok]: DEL all keys again (DB 0) (0 ms)
[ok]: DEL all keys again (DB 1) (0 ms)
[ok]: COPY basic usage for string (1 ms)
[ok]: COPY for string does not replace an existing key without REPLACE option (0 ms)
[ok]: COPY for string can replace an existing key with REPLACE option (0 ms)
[ok]: COPY for string ensures that copied data is independent of copying data (0 ms)
[ok]: COPY for string does not copy data to no-integer DB (0 ms)
[ok]: COPY can copy key expire metadata as well (0 ms)
[ok]: COPY does not create an expire if it does not exist (1 ms)
[ok]: COPY basic usage for list - quicklist (41 ms)
[ok]: COPY basic usage for list - listpack (1 ms)
[ok]: COPY basic usage for $type set (0 ms)
[err]: COPY basic usage for $type set in tests/unit/keyspace.tcl
Expected 'hashtable' to match 'listpack' (context: type source line 100 file /root/redis/tests/support/test.tcl cmd {assert_match $enc $val} proc ::assert_encoding level 1) 
[ok]: COPY basic usage for $type set (3 ms)
[ok]: COPY basic usage for listpack sorted set (0 ms)
[ok]: COPY basic usage for skiplist sorted set (2 ms)
[ok]: COPY basic usage for listpack hash (1 ms)
[ok]: COPY basic usage for hashtable hash (4 ms)
[ok]: COPY basic usage for stream (22 ms)
[ok]: COPY basic usage for stream-cgroups (2 ms)
[ok]: MOVE basic usage (0 ms)
[ok]: MOVE against key existing in the target DB (0 ms)
[ok]: MOVE against non-integer DB (#1428) (0 ms)
[ok]: MOVE can move key expire metadata as well (0 ms)
[ok]: MOVE does not create an expire if it does not exist (0 ms)
[ok]: SET/GET keys in different DBs (0 ms)
[ok]: RANDOMKEY (1 ms)
[ok]: RANDOMKEY against empty DB (0 ms)
[ok]: RANDOMKEY regression 1 (0 ms)
[ok]: KEYS * two times with long key, Github issue #1208 (0 ms)
[ok]: Regression for pattern matching long nested loops (0 ms)
[1/1 done]: unit/keyspace (1 seconds)

                   The End

Execution time of different units:
  1 seconds - unit/keyspace

!!! WARNING The following tests failed:

*** [err]: COPY basic usage for $type set in tests/unit/keyspace.tcl
Expected 'hashtable' to match 'listpack' (context: type source line 100 file /root/redis/tests/support/test.tcl cmd {assert_match $enc $val} proc ::assert_encoding level 1) 
Cleanup: may take some time... OK
