Cleanup: may take some time... OK
Starting test server at port 21079
[ready]: 10229
Testing unit/type/stream
[ok]: XADD wrong number of args (0 ms)
[ok]: XADD can add entries into a stream that XRANGE can fetch (0 ms)
[ok]: XADD IDs are incremental (0 ms)
[ok]: XADD IDs are incremental when ms is the same as well (0 ms)
[ok]: XADD IDs correctly report an error when overflowing (0 ms)
[ok]: XADD auto-generated sequence is incremented for last ID (0 ms)
[ok]: XADD auto-generated sequence is zero for future timestamp ID (0 ms)
[ok]: XADD auto-generated sequence can't be smaller than last ID (1 ms)
[ok]: XADD auto-generated sequence can't overflow (0 ms)
[ok]: XADD 0-* should succeed (0 ms)
[ok]: XADD with MAXLEN option (18 ms)
[ok]: XADD with MAXLEN option and the '=' argument (16 ms)
[ok]: XADD with MAXLEN option and the '~' argument (15 ms)
[ok]: XADD with NOMKSTREAM option (0 ms)
[ok]: XADD with MINID option (18 ms)
[ok]: XTRIM with MINID option (1 ms)
[ok]: XTRIM with MINID option, big delta from master record (0 ms)
[ok]: XADD mass insertion and XLEN (459 ms)
[ok]: XADD with ID 0-0 (0 ms)
[ok]: XADD with LIMIT delete entries no more than limit (0 ms)
[ok]: XRANGE COUNT works as expected (1 ms)
[ok]: XREVRANGE COUNT works as expected (0 ms)
[ok]: XRANGE can be used to iterate the whole stream (102 ms)
[ok]: XREVRANGE returns the reverse of XRANGE (415 ms)
[ok]: XRANGE exclusive ranges (0 ms)
[ok]: XREAD with non empty stream (0 ms)
[ok]: Non blocking XREAD with empty streams (0 ms)
[ok]: XREAD with non empty second stream (245 ms)
[ok]: Blocking XREAD waiting new data (0 ms)
[ok]: Blocking XREAD waiting old data (1 ms)
[ok]: Blocking XREAD will not reply with an empty array (28 ms)
[ok]: Blocking XREAD for stream that ran dry (issue #5299) (103 ms)
[ok]: XREAD: XADD + DEL should not awake client (1 ms)
[ok]: XREAD: XADD + DEL + LPUSH should not awake client (0 ms)
[ok]: XREAD with same stream name multiple times should work (0 ms)
[ok]: XREAD + multiple XADD inside transaction (0 ms)
[ok]: XDEL basic test (0 ms)
[ok]: XDEL multiply id test (0 ms)
[ok]: XDEL fuzz test (422 ms)
[ok]: XRANGE fuzzing (1702 ms)
[ok]: XREVRANGE regression test for issue #5006 (0 ms)
[ok]: XREAD streamID edge (no-blocking) (0 ms)
[ok]: XREAD streamID edge (blocking) (0 ms)
[ok]: XADD streamID edge (1 ms)
[ok]: XTRIM with MAXLEN option basic test (14 ms)
[ok]: XADD with LIMIT consecutive calls (2 ms)
[ok]: XTRIM with ~ is limited (1 ms)
[ok]: XTRIM without ~ is not limited (2 ms)
[ok]: XTRIM without ~ and with LIMIT (1 ms)
[ok]: XTRIM with LIMIT delete entries no more than limit (0 ms)
[ok]: XADD with MAXLEN > xlen can propagate correctly (2 ms)
[ok]: XADD with MINID > lastid can propagate correctly (2 ms)
[ok]: XADD with ~ MAXLEN can propagate correctly (3 ms)
[ok]: XADD with ~ MAXLEN and LIMIT can propagate correctly (2 ms)
[ok]: XADD with ~ MINID can propagate correctly (3 ms)
[ok]: XADD with ~ MINID and LIMIT can propagate correctly (2 ms)
[ok]: XTRIM with ~ MAXLEN can propagate correctly (2 ms)
[ok]: XADD can CREATE an empty stream (0 ms)
[ok]: XSETID can set a specific ID (0 ms)
[ok]: XSETID cannot SETID with smaller ID (0 ms)
[ok]: XSETID cannot SETID on non-existent key (0 ms)
[ok]: XSETID cannot run with an offset but without a maximal tombstone (0 ms)
[ok]: XSETID cannot run with a maximal tombstone but without an offset (0 ms)
[ok]: XSETID errors on negstive offset (0 ms)
[ok]: XSETID cannot set the maximal tombstone with larger ID (0 ms)
[ok]: XSETID cannot set the offset to less than the length (1 ms)
[ok]: XSETID cannot set smaller ID than current MAXDELETEDID (0 ms)
[ok]: XADD advances the entries-added counter and sets the recorded-first-entry-id (0 ms)
[ok]: XDEL/TRIM are reflected by recorded first entry (1 ms)
[ok]: Maximum XDEL ID behaves correctly (1 ms)
[ok]: XADD with artial ID with maximal seq (0 ms)
