Cleanup: may take some time... OK
Starting test server at port 21079
[ready]: 10091
Testing unit/type/string
[ok]: SET and GET an item (0 ms)
[ok]: SET and GET an empty item (1 ms)
[ok]: Very big payload in GET/SET (15 ms)
[ok]: Very big payload random access (3927 ms)
[ok]: SET 10000 numeric keys and access all them in reverse order (249 ms)
[ok]: DBSIZE should be 10000 now (0 ms)
[ok]: SETNX target key missing (0 ms)
[ok]: SETNX target key exists (0 ms)
[ok]: SETNX against not-expired volatile key (0 ms)
[ok]: SETNX against expired volatile key (2131 ms)
[ok]: GETEX EX option (0 ms)
[ok]: GETEX PX option (0 ms)
[ok]: GETEX EXAT option (0 ms)
[ok]: GETEX PXAT option (0 ms)
[ok]: GETEX PERSIST option (0 ms)
[ok]: GETEX no option (0 ms)
[ok]: GETEX syntax errors (0 ms)
[ok]: GETEX and GET expired key or not exist (4 ms)
[ok]: GETEX no arguments (1 ms)
[ok]: GETDEL command (0 ms)
[ok]: GETDEL propagate as DEL command to replica (120 ms)
[ok]: GETEX without argument does not propagate to replica (106 ms)
[ok]: MGET (1 ms)
[ok]: MGET against non existing key (0 ms)
[ok]: MGET against non-string key (0 ms)
[ok]: GETSET (set new value) (0 ms)
[ok]: GETSET (replace old value) (0 ms)
[ok]: MSET base case (0 ms)
[ok]: MSET/MSETNX wrong number of args (0 ms)
[ok]: MSET with already existing - same key twice (1 ms)
[ok]: MSETNX with already existent key (0 ms)
[ok]: MSETNX with not existing keys (0 ms)
[ok]: MSETNX with not existing keys - same key twice (0 ms)
[ok]: MSETNX with already existing keys - same key twice (0 ms)
[ok]: STRLEN against non-existing key (0 ms)
[ok]: STRLEN against integer-encoded value (0 ms)
[ok]: STRLEN against plain string (0 ms)
[ok]: SETBIT against non-existing key (0 ms)
[ok]: SETBIT against string-encoded key (0 ms)
[ok]: SETBIT against integer-encoded key (0 ms)
[ok]: SETBIT against key with wrong type (0 ms)
[ok]: SETBIT with out of range bit offset (0 ms)
[ok]: SETBIT with non-bit argument (0 ms)
[ok]: SETBIT fuzzing (78 ms)
[ok]: GETBIT against non-existing key (0 ms)
[ok]: GETBIT against string-encoded key (0 ms)
[ok]: GETBIT against integer-encoded key (0 ms)
[ok]: SETRANGE against non-existing key (0 ms)
[ok]: SETRANGE against string-encoded key (1 ms)
[ok]: SETRANGE against integer-encoded key (0 ms)
[ok]: SETRANGE against key with wrong type (0 ms)
[ok]: SETRANGE with out of range offset (0 ms)
[ok]: GETRANGE against non-existing key (0 ms)
[ok]: GETRANGE against wrong key type (0 ms)
[ok]: GETRANGE against string value (0 ms)
[ok]: GETRANGE against integer-encoded value (0 ms)
[ok]: GETRANGE fuzzing (246 ms)
[ok]: Coverage: SUBSTR (0 ms)
[ok]: trim on SET with big value (83 ms)
[ok]: Extended SET can detect syntax errors (0 ms)
[ok]: Extended SET NX option (0 ms)
[ok]: Extended SET XX option (0 ms)
[ok]: Extended SET GET option (0 ms)
[ok]: Extended SET GET option with no previous value (0 ms)
[ok]: Extended SET GET option with XX (0 ms)
[ok]: Extended SET GET option with XX and no previous value (0 ms)
[ok]: Extended SET GET option with NX (0 ms)
[ok]: Extended SET GET option with NX and previous value (0 ms)
[ok]: Extended SET GET with incorrect type should result in wrong type error (0 ms)
[ok]: Extended SET EX option (0 ms)
[ok]: Extended SET PX option (0 ms)
[ok]: Extended SET EXAT option (0 ms)
[ok]: Extended SET PXAT option (0 ms)
[ok]: Extended SET using multiple options at once (0 ms)
[ok]: GETRANGE with huge ranges, Github issue #1844 (0 ms)
[ok]: LCS basic (1 ms)
[ok]: LCS len (0 ms)
[ok]: LCS indexes (0 ms)
[ok]: LCS indexes with match len (0 ms)
[ok]: LCS indexes with match len and minimum match len (0 ms)
[ok]: SETRANGE with huge offset (0 ms)
[ok]: APPEND modifies the encoding from int to raw (0 ms)
[1/1 done]: unit/type/string (7 seconds)

                   The End

Execution time of different units:
  7 seconds - unit/type/string

\o/ All tests passed without errors!

Cleanup: may take some time... OK
