Cleanup: may take some time... OK
Starting test server at port 21079
[ready]: 10311
Testing unit/multi
[ok]: MULTI / EXEC basics (0 ms)
[ok]: DISCARD (0 ms)
[ok]: Nested MULTI are not allowed (0 ms)
[ok]: MULTI where commands alter argc/argv (0 ms)
[ok]: WATCH inside MULTI is not allowed (0 ms)
[ok]: EXEC fails if there are errors while queueing commands #1 (0 ms)
[ok]: EXEC fails if there are errors while queueing commands #2 (1 ms)
[ok]: If EXEC aborts, the client MULTI state is cleared (0 ms)
[ok]: EXEC works on WATCHed key not modified (0 ms)
[ok]: EXEC fail on WATCHed key modified (1 key of 1 watched) (0 ms)
[ok]: EXEC fail on WATCHed key modified (1 key of 5 watched) (0 ms)
[ok]: EXEC fail on WATCHed key modified by SORT with STORE even if the result is empty (1 ms)
[ok]: EXEC fail on lazy expired WATCHed key (103 ms)
[ok]: WATCH stale keys should not fail EXEC (5 ms)
[ok]: Delete WATCHed stale keys should not fail EXEC (3 ms)
[ok]: FLUSHDB while watching stale keys should not fail EXEC (3 ms)
[ok]: After successful EXEC key is no longer watched (0 ms)
[ok]: After failed EXEC key is no longer watched (0 ms)
[ok]: It is possible to UNWATCH (0 ms)
[ok]: UNWATCH when there is nothing watched works as expected (0 ms)
[ok]: FLUSHALL is able to touch the watched keys (0 ms)
[ok]: FLUSHALL does not touch non affected keys (0 ms)
[ok]: FLUSHDB is able to touch the watched keys (0 ms)
[ok]: FLUSHDB does not touch non affected keys (0 ms)
[ok]: SWAPDB is able to touch the watched keys that exist (0 ms)
[ok]: SWAPDB is able to touch the watched keys that do not exist (0 ms)
[ok]: SWAPDB does not touch watched stale keys (5 ms)
[ok]: SWAPDB does not touch non-existing key replaced with stale key (3 ms)
[ok]: SWAPDB does not touch stale key replaced with another stale key (3 ms)
[ok]: WATCH is able to remember the DB a key belongs to (0 ms)
[ok]: WATCH will consider touched keys target of EXPIRE (0 ms)
[ok]: WATCH will consider touched expired keys (1151 ms)
[ok]: DISCARD should clear the WATCH dirty flag on the client (0 ms)
[ok]: DISCARD should UNWATCH all the keys (0 ms)
