Cleanup: may take some time... OK
Starting test server at port 21079
[ready]: 10130
Testing unit/type/hash
[ok]: HSET/HLEN - Small hash creation (0 ms)
[ok]: Is the small hash encoded with a listpack? (0 ms)
[ok]: HRANDFIELD - listpack (1 ms)
[ok]: HRANDFIELD - hashtable (2 ms)
[ok]: HRANDFIELD with RESP3 (0 ms)
[ok]: HRANDFIELD count of 0 is handled correctly (0 ms)
[ok]: HRANDFIELD count overflow (1 ms)
[ok]: HRANDFIELD with <count> against non existing key (0 ms)
[ok]: HRANDFIELD count of 0 is handled correctly - emptyarray (0 ms)
[ok]: HRANDFIELD with <count> against non existing key - emptyarray (0 ms)
[ok]: HRANDFIELD with <count> - hashtable (30 ms)
[ok]: HRANDFIELD with <count> - listpack (29 ms)
[ok]: HSET/HLEN - Big hash creation (20 ms)
[ok]: Is the big hash encoded with an hash table? (0 ms)
[ok]: HGET against the small hash (0 ms)
[ok]: HGET against the big hash (14 ms)
[ok]: HGET against non existing key (0 ms)
[ok]: HSET in update and insert mode (0 ms)
[ok]: HSETNX target key missing - small hash (0 ms)
[ok]: HSETNX target key exists - small hash (0 ms)
[ok]: HSETNX target key missing - big hash (0 ms)
[ok]: HSETNX target key exists - big hash (1 ms)
[ok]: HSET/HMSET wrong number of args (0 ms)
[ok]: HMSET - small hash (0 ms)
[ok]: HMSET - big hash (45 ms)
[ok]: HMGET against non existing key and fields (0 ms)
[ok]: Hash commands against wrong type (1 ms)
[ok]: HMGET - small hash (0 ms)
[ok]: HMGET - big hash (47 ms)
[ok]: HKEYS - small hash (0 ms)
[ok]: HKEYS - big hash (4 ms)
[ok]: HVALS - small hash (0 ms)
[ok]: HVALS - big hash (1 ms)
[ok]: HGETALL - small hash (0 ms)
[ok]: HGETALL - big hash (6 ms)
[ok]: HDEL and return value (0 ms)
[ok]: HDEL - more than a single value (0 ms)
[ok]: HDEL - hash becomes empty before deleting all specified fields (0 ms)
[ok]: HEXISTS (0 ms)
[ok]: Is a ziplist encoded Hash promoted on big payload? (0 ms)
[ok]: HINCRBY against non existing database key (0 ms)
[ok]: HINCRBY against non existing hash key (0 ms)
[ok]: HINCRBY against hash key created by hincrby itself (0 ms)
[ok]: HINCRBY against hash key originally set with HSET (0 ms)
[ok]: HINCRBY over 32bit value (0 ms)
[ok]: HINCRBY over 32bit value with over 32bit increment (0 ms)
[ok]: HINCRBY fails against hash value with spaces (left) (0 ms)
[ok]: HINCRBY fails against hash value with spaces (right) (0 ms)
[ok]: HINCRBY can detect overflows (0 ms)
[ok]: HINCRBYFLOAT against non existing database key (1 ms)
[ok]: HINCRBYFLOAT against non existing hash key (0 ms)
[ok]: HINCRBYFLOAT against hash key created by hincrby itself (0 ms)
[ok]: HINCRBYFLOAT against hash key originally set with HSET (0 ms)
[ok]: HINCRBYFLOAT over 32bit value (0 ms)
[ok]: HINCRBYFLOAT over 32bit value with over 32bit increment (0 ms)
[ok]: HINCRBYFLOAT fails against hash value with spaces (left) (0 ms)
[ok]: HINCRBYFLOAT fails against hash value with spaces (right) (0 ms)
[ok]: HINCRBYFLOAT fails against hash value that contains a null-terminator in the middle (0 ms)
[ok]: HSTRLEN against the small hash (0 ms)
[ok]: HSTRLEN against the big hash (14 ms)
[ok]: HSTRLEN against non existing field (0 ms)
[ok]: HSTRLEN corner cases (0 ms)
[ok]: HINCRBYFLOAT over hash-max-listpack-value encoded with a listpack (1 ms)
[ok]: Hash ziplist regression test for large keys (0 ms)
[ok]: Hash fuzzing #1 - 10 fields (6 ms)
[ok]: Hash fuzzing #2 - 10 fields (4 ms)
[ok]: Hash fuzzing #1 - 512 fields (293 ms)
[ok]: Hash fuzzing #2 - 512 fields (177 ms)
[ok]: Stress test the hash ziplist -> hashtable encoding conversion (271 ms)
[ok]: Hash ziplist of various encodings (86 ms)
[ok]: Hash ziplist of various encodings - sanitize dump (1 ms)
[ok]: HINCRBYFLOAT does not allow NaN or Infinity (0 ms)
[1/1 done]: unit/type/hash (1 seconds)

                   The End

Execution time of different units:
  1 seconds - unit/type/hash

\o/ All tests passed without errors!

Cleanup: may take some time... OK
