Cleanup: may take some time... OK
Starting test server at port 21079
[ready]: 10257
Testing unit/expire
[ok]: EXPIRE - set timeouts multiple times (0 ms)
[ok]: EXPIRE - It should be still possible to read 'x' (0 ms)
[ok]: EXPIRE - After 2.1 seconds the key should no longer be here (2106 ms)
[ok]: EXPIRE - write on expire should work (0 ms)
[ok]: EXPIREAT - Check for EXPIRE alike behavior (0 ms)
[ok]: SETEX - Set + Expire combo operation. Check for TTL (0 ms)
[ok]: SETEX - Check value (0 ms)
[ok]: SETEX - Overwrite old key (0 ms)
[ok]: SETEX - Wait for the key to expire (1106 ms)
[ok]: SETEX - Wrong time parameter (1 ms)
[ok]: PERSIST can undo an EXPIRE (0 ms)
[ok]: PERSIST returns 0 against non existing or non volatile keys (0 ms)
[ok]: EXPIRE precision is now the millisecond (1107 ms)
[ok]: PSETEX can set sub-second expires (106 ms)
[ok]: PEXPIRE can set sub-second expires (108 ms)
[ok]: PEXPIREAT can set sub-second expires (204 ms)
[ok]: TTL returns time to live in seconds (0 ms)
[ok]: PTTL returns time to live in milliseconds (0 ms)
[ok]: TTL / PTTL / EXPIRETIME / PEXPIRETIME return -1 if key has no expire (0 ms)
[ok]: TTL / PTTL / EXPIRETIME / PEXPIRETIME return -2 if key does not exit (0 ms)
[ok]: EXPIRETIME returns absolute expiration time in seconds (0 ms)
[ok]: PEXPIRETIME returns absolute expiration time in milliseconds (0 ms)
[ok]: Redis should actively expire keys incrementally (521 ms)
[ok]: Redis should lazy expire keys (1006 ms)
[ok]: EXPIRE should not resurrect keys (issue #1026) (1004 ms)
[ok]: 5 keys in, 5 keys out (1 ms)
[ok]: EXPIRE with empty string as TTL should report an error (0 ms)
[ok]: SET with EX with big integer should report an error (0 ms)
[ok]: SET with EX with smallest integer should report an error (0 ms)
[ok]: GETEX with big integer should report an error (0 ms)
[ok]: GETEX with smallest integer should report an error (0 ms)
[ok]: EXPIRE with big integer overflows when converted to milliseconds (0 ms)
[ok]: PEXPIRE with big integer overflow when basetime is added (0 ms)
[ok]: EXPIRE with big negative integer (0 ms)
[ok]: PEXPIREAT with big integer works (0 ms)
[ok]: PEXPIREAT with big negative integer works (0 ms)
[ignore]: Not supported on external server
