bundle_sha256=59f186e53bdd7c80580a1aeafd4efc7ee07ceb5921de58ebd1b5d084c5ad2792
prerequisite=1839785eead517324e63232dc2261a5be8882dc2
candidate=85edd344d1ef40034cb503838247a1fd2d5549a0
candidate_parent_helper=86b66e0b17e62dea0e6148028229e26a3886cf85
accepted_main=60595692a0b0949955359e6c8ccad325880e9b4c
integrated=f54cf71211c5b9614761e136203195c4680dc34e
checkout_head=f54cf71211c5b9614761e136203195c4680dc34e
integrated_merge_base_main=60595692a0b0949955359e6c8ccad325880e9b4c
candidate_commit_count=31
integrated_commit_count=31
all_candidate_delta_paths_byte_equal=yes
build_runtime_src_byte_equal_candidate=yes
fixture_and_source_map_byte_equal_candidate=yes
accepted_guard_wrapper_byte_equal_main=yes
candidate_delta_paths=57
source_path_overlap_candidate_vs_main_since_prerequisite=0
delta_after_b6a1fb67:
M	toolchain/bench/step42/current-controls/LIFECYCLE-CONTROL-MAP.md
M	toolchain/src/corpus.zig
compose_status_entries=0
validation_tracked_diff_entries=0
validation_cached_diff_entries=0
validation_status_entries=0
