bundle_sha256=6fb6770a596e0299a9b95360944150e15092d5d54a9f4385f438260a064b9e29
prerequisite=1839785eead517324e63232dc2261a5be8882dc2
candidate=b6a1fb67992ce2d65b60436ed12aa40ddb160ebb
accepted_main=c7c84d10fa007a0a1ab0927ea9e26d7a2e9bb4c3
integrated=1109b581f3e836cf202765ce4a7bf3fd000950ba
checkout_head=1109b581f3e836cf202765ce4a7bf3fd000950ba
integrated_merge_base_main=c7c84d10fa007a0a1ab0927ea9e26d7a2e9bb4c3
candidate_commit_count=27
integrated_commit_count=27
all_candidate_delta_paths_byte_equal=yes
build_runtime_src_byte_equal_candidate=yes
native_fixture_byte_equal_candidate=yes
accepted_guard_wrapper_byte_equal_main=yes
candidate_delta_paths=57
source_path_overlap_candidate_vs_main_since_prerequisite=0
delta_after_71a4fafc:
M	toolchain/src/cbuild.zig
M	toolchain/src/corpus.zig
compose_tracked_status_entries=0
validation_tracked_diff_entries=0
validation_cached_diff_entries=0
validation_status_entries=0
