Cleanup: may take some time... OK
Starting test server at port 21079
[ready]: 49301
Testing unit/type/list
[ok]: reg node check compression with insert and pop (2 ms)
[ok]: reg node check compression combined with trim (1 ms)
[ok]: reg node check compression with lset (1 ms)
[ok]: plain node check compression (2 ms)
[ok]: plain node check compression with ltrim (1 ms)
[ok]: plain node check compression using lset (1 ms)
[ok]: Test LPUSH and LPOP on plain nodes (7 ms)
[ok]: Test LINDEX and LINSERT on plain nodes (1 ms)
[ok]: Test LTRIM on plain nodes (1 ms)
[ok]: Test LREM on plain nodes (1 ms)
[ok]: Test LPOS on plain nodes (0 ms)
[ok]: Test LMOVE on plain nodes (1 ms)
[ok]: Test LSET with packed / plain combinations (3 ms)
[ok]: Test LSET with packed is split in the middle (2 ms)
[ok]: Test LSET with packed consist only one item (3 ms)
[ok]: Crash due to delete entry from a compress quicklist node (1 ms)
[ok]: Crash due to split quicklist node wrongly (1 ms)
[ignore]: Test LPUSH and LPOP on plain nodes over 4GB: large memory flag not provided
[ignore]: Test LINDEX and LINSERT on plain nodes over 4GB: large memory flag not provided
[ignore]: Test LTRIM on plain nodes over 4GB: large memory flag not provided
[ignore]: Test LREM on plain nodes over 4GB: large memory flag not provided
[ignore]: Test LSET on plain nodes over 4GB: large memory flag not provided
[ignore]: Test LMOVE on plain nodes over 4GB: large memory flag not provided
[ok]: LPOS basic usage - quicklist (0 ms)
[ok]: LPOS RANK (positive, negative and zero rank) option (1 ms)
[ok]: LPOS COUNT option (1 ms)
[ok]: LPOS COUNT + RANK option (0 ms)
[ok]: LPOS non existing key (0 ms)
[ok]: LPOS no match (0 ms)
[ok]: LPOS MAXLEN (0 ms)
[ok]: LPOS when RANK is greater than matches (1 ms)
[ok]: LPUSH, RPUSH, LLENGTH, LINDEX, LPOP - quicklist (2 ms)
[ok]: LPOP/RPOP with wrong number of arguments (0 ms)
[ok]: RPOP/LPOP with the optional count argument - quicklist (1 ms)
[ok]: LPOS basic usage - listpack (1 ms)
[ok]: LPOS RANK (positive, negative and zero rank) option (1 ms)
[ok]: LPOS COUNT option (0 ms)
[ok]: LPOS COUNT + RANK option (0 ms)
[ok]: LPOS non existing key (0 ms)
[ok]: LPOS no match (0 ms)
[ok]: LPOS MAXLEN (1 ms)
[ok]: LPOS when RANK is greater than matches (0 ms)
[ok]: LPUSH, RPUSH, LLENGTH, LINDEX, LPOP - listpack (3 ms)
[ok]: LPOP/RPOP with wrong number of arguments (0 ms)
[ok]: RPOP/LPOP with the optional count argument - listpack (1 ms)
[ok]: LPOP/RPOP with the count 0 returns an empty array in RESP3 (0 ms)
[ok]: LPOP/RPOP against non existing key in RESP3 (0 ms)
[ok]: LPOP/RPOP with <count> against non existing key in RESP3 (0 ms)
[ok]: LPOP/RPOP with the count 0 returns an empty array in RESP2 (0 ms)
[ok]: LPOP/RPOP against non existing key in RESP2 (1 ms)
[ok]: LPOP/RPOP with <count> against non existing key in RESP2 (0 ms)
[ok]: Variadic RPUSH/LPUSH (0 ms)
[ok]: DEL a list (0 ms)
[ok]: BLPOP: single existing list - quicklist (2 ms)
[ok]: BLPOP: multiple existing lists - quicklist (2 ms)
[ok]: BLPOP: second list has an entry - quicklist (1 ms)
[ok]: BLMPOP_LEFT: single existing list - quicklist (1 ms)
[ok]: BLMPOP_LEFT: multiple existing lists - quicklist (3 ms)
[ok]: BLMPOP_LEFT: second list has an entry - quicklist (1 ms)
[ok]: BRPOPLPUSH - quicklist (2 ms)
[ok]: BLMOVE left left - quicklist (1 ms)
[ok]: BLMOVE left right - quicklist (1 ms)
[ok]: BLMOVE right left - quicklist (2 ms)
[ok]: BLMOVE right right - quicklist (2 ms)
[ok]: BLPOP: single existing list - listpack (1 ms)
[ok]: BLPOP: multiple existing lists - listpack (2 ms)
[ok]: BLPOP: second list has an entry - listpack (1 ms)
[ok]: BLMPOP_LEFT: single existing list - listpack (1 ms)
[ok]: BLMPOP_LEFT: multiple existing lists - listpack (1 ms)
[ok]: BLMPOP_LEFT: second list has an entry - listpack (1 ms)
[ok]: BRPOPLPUSH - listpack (1 ms)
[ok]: BLMOVE left left - listpack (1 ms)
[ok]: BLMOVE left right - listpack (1 ms)
[ok]: BLMOVE right left - listpack (1 ms)
[ok]: BLMOVE right right - listpack (2 ms)
[ok]: BLPOP, LPUSH + DEL should not awake blocked client (1 ms)
[ok]: BLPOP, LPUSH + DEL + SET should not awake blocked client (2 ms)
[ok]: BLMPOP_LEFT, LPUSH + DEL should not awake blocked client (1 ms)
[ok]: BLMPOP_LEFT, LPUSH + DEL + SET should not awake blocked client (1 ms)
[ok]: BLPOP with same key multiple times should work (issue #801) (1 ms)
[ok]: MULTI/EXEC is isolated from the point of view of BLPOP (1 ms)
[ok]: BLPOP with variadic LPUSH (1 ms)
[ok]: MULTI/EXEC is isolated from the point of view of BLMPOP_LEFT (1 ms)
[ok]: BLMPOP_LEFT with variadic LPUSH (0 ms)
[ok]: BRPOPLPUSH with zero timeout should block indefinitely (0 ms)
[ok]: BLMOVE left left with zero timeout should block indefinitely (0 ms)
[ok]: BLMOVE left right with zero timeout should block indefinitely (1 ms)
[ok]: BLMOVE right left with zero timeout should block indefinitely (1 ms)
[ok]: BLMOVE right right with zero timeout should block indefinitely (1 ms)
[ok]: BLMOVE (left, left) with a client BLPOPing the target list (1 ms)
[ok]: BLMOVE (left, right) with a client BLPOPing the target list (1 ms)
[ok]: BLMOVE (right, left) with a client BLPOPing the target list (1 ms)
[ok]: BLMOVE (right, right) with a client BLPOPing the target list (1 ms)
[ok]: BRPOPLPUSH with wrong source type (1 ms)
[ok]: BRPOPLPUSH with wrong destination type (1 ms)
[ok]: BRPOPLPUSH maintains order of elements after failure (1 ms)
[ok]: BRPOPLPUSH with multiple blocked clients (1 ms)
[ok]: BLMPOP with multiple blocked clients (2 ms)
[ok]: Linked LMOVEs (1 ms)
[ok]: Circular BRPOPLPUSH (1 ms)
[ok]: Self-referential BRPOPLPUSH (0 ms)
[ok]: BRPOPLPUSH inside a transaction (1 ms)
[ok]: PUSH resulting from BRPOPLPUSH affect WATCH (1 ms)
[ok]: BRPOPLPUSH does not affect WATCH while still blocked (1 ms)
[ok]: BRPOPLPUSH timeout (1024 ms)
[ok]: SWAPDB awakes blocked client (3 ms)
[ok]: SWAPDB wants to wake blocked client, but the key already expired (175 ms)
[ok]: MULTI + LPUSH + EXPIRE + DEBUG SLEEP on blocked client, key already expired (296 ms)
[ok]: BLPOP when new key is moved into place (4 ms)
[ok]: BLPOP when result key is created by SORT..STORE (6 ms)
[ok]: BLMPOP_LEFT when new key is moved into place (4 ms)
[ok]: BLMPOP_LEFT when result key is created by SORT..STORE (2 ms)
[ok]: BLPOP: timeout value out of range (1 ms)
[ok]: BLPOP: with single empty list argument (3 ms)
[ok]: BLPOP: with negative timeout (0 ms)
[ok]: BLPOP: with non-integer timeout (1 ms)
[ok]: BLPOP: with zero timeout should block indefinitely (2 ms)
[ok]: BLPOP: with 0.001 timeout should not block indefinitely (26 ms)
[ok]: BLPOP: second argument is not a list (2 ms)
[ok]: BLPOP: timeout (1042 ms)
[ok]: BLPOP: arguments are empty (5 ms)
[ok]: BRPOP: with single empty list argument (4 ms)
[ok]: BRPOP: with negative timeout (1 ms)
[ok]: BRPOP: with non-integer timeout (2 ms)
[ok]: BRPOP: with zero timeout should block indefinitely (9 ms)
[ok]: BRPOP: with 0.001 timeout should not block indefinitely (29 ms)
[ok]: BRPOP: second argument is not a list (1 ms)
[ok]: BRPOP: timeout (1051 ms)
[ok]: BRPOP: arguments are empty (5 ms)
[ok]: BLMPOP_LEFT: with single empty list argument (4 ms)
[ok]: BLMPOP_LEFT: with negative timeout (1 ms)
[ok]: BLMPOP_LEFT: with non-integer timeout (2 ms)
[ok]: BLMPOP_LEFT: with zero timeout should block indefinitely (1 ms)
[ok]: BLMPOP_LEFT: with 0.001 timeout should not block indefinitely (27 ms)
[ok]: BLMPOP_LEFT: second argument is not a list (3 ms)
[ok]: BLMPOP_LEFT: timeout (1052 ms)
[ok]: BLMPOP_LEFT: arguments are empty (3 ms)
[ok]: BLMPOP_RIGHT: with single empty list argument (1 ms)
[ok]: BLMPOP_RIGHT: with negative timeout (0 ms)
[ok]: BLMPOP_RIGHT: with non-integer timeout (1 ms)
[ok]: BLMPOP_RIGHT: with zero timeout should block indefinitely (0 ms)
[ok]: BLMPOP_RIGHT: with 0.001 timeout should not block indefinitely (25 ms)
[ok]: BLMPOP_RIGHT: second argument is not a list (1 ms)
[ok]: BLMPOP_RIGHT: timeout (1074 ms)
[ok]: BLMPOP_RIGHT: arguments are empty (4 ms)
[ok]: BLPOP inside a transaction (2 ms)
[ok]: BLMPOP_LEFT inside a transaction (2 ms)
[ok]: BLMPOP propagate as pop with count command to replica (197 ms)
[ok]: LPUSHX, RPUSHX - generic (4 ms)
[ok]: LPUSHX, RPUSHX - quicklist (5 ms)
[ok]: LINSERT - quicklist (7 ms)
[ok]: LPUSHX, RPUSHX - listpack (4 ms)
[ok]: LINSERT - listpack (5 ms)
[ok]: LINSERT raise error on bad syntax (0 ms)
[ok]: LINSERT against non-list value error (1 ms)
[ok]: LINSERT against non existing key (1 ms)
[ok]: LINDEX consistency test - listpack (102 ms)
[ok]: LINDEX random access - listpack (58 ms)
[ok]: Check if list is still ok after a DEBUG RELOAD - listpack (108 ms)
[ok]: LINDEX consistency test - listpack (152 ms)
[ok]: LINDEX random access - listpack (103 ms)
[ok]: Check if list is still ok after a DEBUG RELOAD - listpack (227 ms)
[ok]: LINDEX consistency test - quicklist (77 ms)
[ok]: LINDEX random access - quicklist (50 ms)
[ok]: Check if list is still ok after a DEBUG RELOAD - quicklist (106 ms)
[ok]: LINDEX consistency test - quicklist (147 ms)
[ok]: LINDEX random access - quicklist (100 ms)
[ok]: Check if list is still ok after a DEBUG RELOAD - quicklist (221 ms)
[ok]: LLEN against non-list value error (0 ms)
[ok]: LLEN against non existing key (0 ms)
[ok]: LINDEX against non-list value error (0 ms)
[ok]: LINDEX against non existing key (0 ms)
[ok]: LPUSH against non-list value error (0 ms)
[ok]: RPUSH against non-list value error (0 ms)
[ok]: RPOPLPUSH base case - quicklist (2 ms)
[ok]: LMOVE left left base case - quicklist (2 ms)
[ok]: LMOVE left right base case - quicklist (1 ms)
[ok]: LMOVE right left base case - quicklist (2 ms)
[ok]: LMOVE right right base case - quicklist (1 ms)
[ok]: RPOPLPUSH with the same list as src and dst - quicklist (1 ms)
[ok]: LMOVE left left with the same list as src and dst - quicklist (1 ms)
[ok]: LMOVE left right with the same list as src and dst - quicklist (1 ms)
[ok]: LMOVE right left with the same list as src and dst - quicklist (1 ms)
[ok]: LMOVE right right with the same list as src and dst - quicklist (1 ms)
[ok]: RPOPLPUSH with quicklist source and existing target quicklist (2 ms)
[ok]: LMOVE left left with quicklist source and existing target quicklist (2 ms)
[ok]: LMOVE left right with quicklist source and existing target quicklist (2 ms)
[ok]: LMOVE right left with quicklist source and existing target quicklist (2 ms)
[ok]: LMOVE right right with quicklist source and existing target quicklist (1 ms)
[ok]: RPOPLPUSH with quicklist source and existing target listpack (1 ms)
[ok]: LMOVE left left with quicklist source and existing target listpack (2 ms)
[ok]: LMOVE left right with quicklist source and existing target listpack (2 ms)
[ok]: LMOVE right left with quicklist source and existing target listpack (1 ms)
[ok]: LMOVE right right with quicklist source and existing target listpack (1 ms)
[ok]: RPOPLPUSH base case - listpack (1 ms)
[ok]: LMOVE left left base case - listpack (1 ms)
[ok]: LMOVE left right base case - listpack (2 ms)
[ok]: LMOVE right left base case - listpack (1 ms)
[ok]: LMOVE right right base case - listpack (1 ms)
[ok]: RPOPLPUSH with the same list as src and dst - listpack (0 ms)
[ok]: LMOVE left left with the same list as src and dst - listpack (0 ms)
[ok]: LMOVE left right with the same list as src and dst - listpack (0 ms)
[ok]: LMOVE right left with the same list as src and dst - listpack (1 ms)
[ok]: LMOVE right right with the same list as src and dst - listpack (1 ms)
[ok]: RPOPLPUSH with listpack source and existing target quicklist (1 ms)
[ok]: LMOVE left left with listpack source and existing target quicklist (2 ms)
[ok]: LMOVE left right with listpack source and existing target quicklist (1 ms)
[ok]: LMOVE right left with listpack source and existing target quicklist (1 ms)
[ok]: LMOVE right right with listpack source and existing target quicklist (1 ms)
[ok]: RPOPLPUSH with listpack source and existing target listpack (1 ms)
[ok]: LMOVE left left with listpack source and existing target listpack (1 ms)
[ok]: LMOVE left right with listpack source and existing target listpack (1 ms)
[ok]: LMOVE right left with listpack source and existing target listpack (1 ms)
[ok]: LMOVE right right with listpack source and existing target listpack (1 ms)
[ok]: RPOPLPUSH against non existing key (0 ms)
[ok]: RPOPLPUSH against non list src key (0 ms)
[ok]: RPOPLPUSH against non list dst key - quicklist (1 ms)
[ok]: RPOPLPUSH against non list dst key - listpack (1 ms)
[ok]: RPOPLPUSH against non existing src key (0 ms)
[ok]: Basic LPOP/RPOP/LMPOP - quicklist (2 ms)
[ok]: Basic LPOP/RPOP/LMPOP - listpack (2 ms)
[ok]: LPOP/RPOP/LMPOP against empty list (1 ms)
[ok]: LPOP/RPOP/LMPOP NON-BLOCK or BLOCK against non list value (1 ms)
[ok]: Mass RPOP/LPOP - listpack (47 ms)
[ok]: Mass RPOP/LPOP - listpack (99 ms)
[ok]: LMPOP with illegal argument (2 ms)
[ok]: LMPOP single existing list - quicklist (4 ms)
[ok]: LMPOP multiple existing lists - quicklist (4 ms)
[ok]: LMPOP single existing list - listpack (3 ms)
[ok]: LMPOP multiple existing lists - listpack (3 ms)
[ok]: LMPOP propagate as pop with count command to replica (64 ms)
[ok]: LRANGE basics - quicklist (2 ms)
[ok]: LRANGE inverted indexes - quicklist (2 ms)
[ok]: LRANGE out of range indexes including the full list - quicklist (1 ms)
[ok]: LRANGE out of range negative end index - quicklist (1 ms)
[ok]: LRANGE basics - listpack (2 ms)
[ok]: LRANGE inverted indexes - listpack (1 ms)
[ok]: LRANGE out of range indexes including the full list - listpack (1 ms)
[ok]: LRANGE out of range negative end index - listpack (0 ms)
[ok]: LRANGE against non existing key (0 ms)
[ok]: LRANGE with start > end yields an empty array for backward compatibility (1 ms)
[ok]: LTRIM basics - quicklist (14 ms)
[ok]: LTRIM out of range negative end index - quicklist (3 ms)
[ok]: LSET - quicklist (1 ms)
[ok]: LSET out of range index - quicklist (0 ms)
[ok]: LTRIM basics - listpack (11 ms)
[ok]: LTRIM out of range negative end index - listpack (2 ms)
[ok]: LSET - listpack (0 ms)
[ok]: LSET out of range index - listpack (0 ms)
[ok]: LSET against non existing key (0 ms)
[ok]: LSET against non list value (0 ms)
[ok]: LREM remove all the occurrences - quicklist (2 ms)
[ok]: LREM remove the first occurrence - quicklist (0 ms)
[ok]: LREM remove non existing element - quicklist (1 ms)
[ok]: LREM starting from tail with negative count - quicklist (1 ms)
[ok]: LREM starting from tail with negative count (2) - quicklist (0 ms)
[ok]: LREM deleting objects that may be int encoded - quicklist (1 ms)
[ok]: LREM remove all the occurrences - listpack (1 ms)
[ok]: LREM remove the first occurrence - listpack (0 ms)
[ok]: LREM remove non existing element - listpack (1 ms)
[ok]: LREM starting from tail with negative count - listpack (1 ms)
[ok]: LREM starting from tail with negative count (2) - listpack (1 ms)
[ok]: LREM deleting objects that may be int encoded - listpack (1 ms)
[ok]: Regression for bug 593 - chaining BRPOPLPUSH with other blocking cmds (1 ms)
[ok]: BLPOP/BLMOVE should increase dirty (1 ms)
[ok]: client unblock tests (4 ms)
[ok]: client unblock tests (2 ms)
[ok]: List listpack -> quicklist encoding conversion (3 ms)
[ok]: List listpack -> quicklist encoding conversion (4 ms)
[ok]: List quicklist -> listpack encoding conversion (6 ms)
[ok]: List encoding conversion when RDB loading (16 ms)
[ok]: List invalid list-max-listpack-size config (1 ms)
[ok]: List of various encodings (4 ms)
[ok]: List of various encodings - sanitize dump (1 ms)
[ok]: Unblock fairness is kept while pipelining (1 ms)
[ok]: Unblock fairness is kept during nested unblock (2 ms)
[ok]: Blocking command accounted only once in commandstats (1 ms)
[ok]: Blocking command accounted only once in commandstats after timeout (1 ms)
[ok]: Command being unblocked cause another command to get unblocked execution order test (90 ms)
[1/1 done]: unit/type/list (8 seconds)

                   The End

Execution time of different units:
  8 seconds - unit/type/list

\o/ All tests passed without errors!

Cleanup: may take some time... OK
