test-corpus
+- run test
   +- compile test Debug native 2 errors
src/corpus.zig:1435:86: error: no field named 'nanoseconds' in struct 'Io.Clock.Duration'
            const elapsed = signalled.durationTo(Io.Clock.Timestamp.now(io, .awake)).nanoseconds;
                                                                                     ^~~~~~~~~~~
/opt/zig-x86_64-linux-0.16.0/lib/std/Io.zig:890:26: note: struct declared here
    pub const Duration = struct {
                         ^~~~~~
referenced by:
    finalize: src/corpus.zig:1469:72
    captureDirectChild: src/corpus.zig:1513:41
    4 reference(s) hidden; use '-freference-trace=6' to see all references
src/corpus.zig:1485:99: error: no field named 'nanoseconds' in struct 'Io.Clock.Duration'
        owner.lifecycle.elapsed_ns = owner.started.durationTo(Io.Clock.Timestamp.now(io, .awake)).nanoseconds;
                                                                                                  ^~~~~~~~~~~
/opt/zig-x86_64-linux-0.16.0/lib/std/Io.zig:890:26: note: struct declared here
    pub const Duration = struct {
                         ^~~~~~
error: 2 compilation errors
failed command: /opt/zig-x86_64-linux-0.16.0/zig test --dep mo_rt.c --dep mo_rt.h -Mroot=/home/user/workspace/verify-memory-49b69a65-large-restart/toolchain/src/root.zig -Mmo_rt.c=/home/user/workspace/verify-memory-49b69a65-large-restart/toolchain/runtime/mo_rt.c -Mmo_rt.h=/home/user/workspace/verify-memory-49b69a65-large-restart/toolchain/runtime/mo_rt.h --test-filter "corpus: a process whose state is megabytes restarts twenty times and its reports do not stay, under mo run and in a binary" --cache-dir .zig-cache-real-restart-fresh --global-cache-dir /home/user/workspace/verify-memory-49b69a65-large-restart/.zig-global-cache-real-restart-fresh --name test --zig-lib-dir /opt/zig-x86_64-linux-0.16.0/lib/ --listen=-

Build Summary: 2/5 steps succeeded (1 failed)
test-corpus transitive failure
+- run test transitive failure
   +- compile test Debug native 2 errors
   +- install mo success
      +- compile exe mo ReleaseSafe native success 1m MaxRSS:1G

error: the following build command failed with exit code 1:
.zig-cache-real-restart-fresh/o/bc0619dbfa9da73f98952af8d0005a12/build /opt/zig-x86_64-linux-0.16.0/zig /opt/zig-x86_64-linux-0.16.0/lib /home/user/workspace/verify-memory-49b69a65-large-restart/toolchain .zig-cache-real-restart-fresh /home/user/workspace/verify-memory-49b69a65-large-restart/.zig-global-cache-real-restart-fresh --seed 0xaefad914 -Z52f4764067d4ee5a test-corpus -j4 -Dtest-filter=corpus: a process whose state is megabytes restarts twenty times and its reports do not stay, under mo run and in a binary --summary all
