CAPTURES-ARCHIVE.sha256: OK
CAPTURES-MANIFEST.sha256: OK
RESULT.txt: OK
capture-files.log: OK
command.txt: OK
control-presence.log: OK
exit.txt: OK
expected-crash-guard-proof.log: OK
fresh-roots.log: OK
inventory-proof.log: OK
large-restart-byte-proof.log: OK
large-restart-report-counts.log: OK
large-restart-semantic-proof.log: OK
parcel-lifecycle-proof.log: OK
post-state.log: OK
pre-state.log: OK
prior-archive-hashes.log: OK
processes-after.log: OK
processes-during-start.log: OK
shutdown-fiber-proof.log: OK
stderr.log: OK
stdout.log: OK
unexpected-diagnostic-scan.log: OK
